<?xml version="1.0" encoding="ISO-8859-1" ?>
<link_info>
   <banner>TI ARM Linker PC v20.2.0.LTS</banner>
   <copyright>Copyright (c) 1996-2018 Texas Instruments Incorporated</copyright>
   <link_time>0x5ed5c8a4</link_time>
   <link_errors>0x0</link_errors>
   <output_file>CPE_316.out</output_file>
   <entry_point>
      <name>_c_int00_noargs</name>
      <address>0x3afd</address>
   </entry_point>
   <input_file_list>
      <input_file id="fl-2">
         <path>.\</path>
         <kind>object</kind>
         <file>A2.obj</file>
         <name>A2.obj</name>
      </input_file>
      <input_file id="fl-3">
         <path>.\</path>
         <kind>object</kind>
         <file>A3.obj</file>
         <name>A3.obj</name>
      </input_file>
      <input_file id="fl-4">
         <path>.\</path>
         <kind>object</kind>
         <file>A4.obj</file>
         <name>A4.obj</name>
      </input_file>
      <input_file id="fl-5">
         <path>.\</path>
         <kind>object</kind>
         <file>A5.obj</file>
         <name>A5.obj</name>
      </input_file>
      <input_file id="fl-6">
         <path>.\</path>
         <kind>object</kind>
         <file>A7.obj</file>
         <name>A7.obj</name>
      </input_file>
      <input_file id="fl-7">
         <path>.\</path>
         <kind>object</kind>
         <file>A8.obj</file>
         <name>A8.obj</name>
      </input_file>
      <input_file id="fl-8">
         <path>.\</path>
         <kind>object</kind>
         <file>A9.obj</file>
         <name>A9.obj</name>
      </input_file>
      <input_file id="fl-9">
         <path>.\</path>
         <kind>object</kind>
         <file>LCD.obj</file>
         <name>LCD.obj</name>
      </input_file>
      <input_file id="fl-a">
         <path>.\</path>
         <kind>object</kind>
         <file>LEDs.obj</file>
         <name>LEDs.obj</name>
      </input_file>
      <input_file id="fl-b">
         <path>.\</path>
         <kind>object</kind>
         <file>P1.obj</file>
         <name>P1.obj</name>
      </input_file>
      <input_file id="fl-c">
         <path>.\</path>
         <kind>object</kind>
         <file>P3.obj</file>
         <name>P3.obj</name>
      </input_file>
      <input_file id="fl-d">
         <path>.\</path>
         <kind>object</kind>
         <file>main.obj</file>
         <name>main.obj</name>
      </input_file>
      <input_file id="fl-e">
         <path>.\</path>
         <kind>object</kind>
         <file>provided.obj</file>
         <name>provided.obj</name>
      </input_file>
      <input_file id="fl-f">
         <path>.\</path>
         <kind>object</kind>
         <file>startup_msp432p401r_ccs.obj</file>
         <name>startup_msp432p401r_ccs.obj</name>
      </input_file>
      <input_file id="fl-10">
         <path>.\</path>
         <kind>object</kind>
         <file>system_msp432p401r.obj</file>
         <name>system_msp432p401r.obj</name>
      </input_file>
      <input_file id="fl-14">
         <kind>object</kind>
         <file>&lt;internal&gt;</file>
         <name>&lt;internal&gt;</name>
      </input_file>
      <input_file id="fl-ca">
         <path>C:\ti\ccs1000\ccs\tools\compiler\ti-cgt-arm_20.2.0.LTS\lib\</path>
         <kind>archive</kind>
         <file>rtsv7M4_T_le_v4SPD16_eabi.lib</file>
         <name>e_log2.c.obj</name>
      </input_file>
      <input_file id="fl-cb">
         <path>C:\ti\ccs1000\ccs\tools\compiler\ti-cgt-arm_20.2.0.LTS\lib\</path>
         <kind>archive</kind>
         <file>rtsv7M4_T_le_v4SPD16_eabi.lib</file>
         <name>e_pow.c.obj</name>
      </input_file>
      <input_file id="fl-cc">
         <path>C:\ti\ccs1000\ccs\tools\compiler\ti-cgt-arm_20.2.0.LTS\lib\</path>
         <kind>archive</kind>
         <file>rtsv7M4_T_le_v4SPD16_eabi.lib</file>
         <name>e_sqrt.c.obj</name>
      </input_file>
      <input_file id="fl-cd">
         <path>C:\ti\ccs1000\ccs\tools\compiler\ti-cgt-arm_20.2.0.LTS\lib\</path>
         <kind>archive</kind>
         <file>rtsv7M4_T_le_v4SPD16_eabi.lib</file>
         <name>s_scalbn.c.obj</name>
      </input_file>
      <input_file id="fl-ce">
         <path>C:\ti\ccs1000\ccs\tools\compiler\ti-cgt-arm_20.2.0.LTS\lib\</path>
         <kind>archive</kind>
         <file>rtsv7M4_T_le_v4SPD16_eabi.lib</file>
         <name>s_copysign.c.obj</name>
      </input_file>
      <input_file id="fl-cf">
         <path>C:\ti\ccs1000\ccs\tools\compiler\ti-cgt-arm_20.2.0.LTS\lib\</path>
         <kind>archive</kind>
         <file>rtsv7M4_T_le_v4SPD16_eabi.lib</file>
         <name>printf.c.obj</name>
      </input_file>
      <input_file id="fl-d0">
         <path>C:\ti\ccs1000\ccs\tools\compiler\ti-cgt-arm_20.2.0.LTS\lib\</path>
         <kind>archive</kind>
         <file>rtsv7M4_T_le_v4SPD16_eabi.lib</file>
         <name>_printfi.c.obj</name>
      </input_file>
      <input_file id="fl-d1">
         <path>C:\ti\ccs1000\ccs\tools\compiler\ti-cgt-arm_20.2.0.LTS\lib\</path>
         <kind>archive</kind>
         <file>rtsv7M4_T_le_v4SPD16_eabi.lib</file>
         <name>sprintf.c.obj</name>
      </input_file>
      <input_file id="fl-d2">
         <path>C:\ti\ccs1000\ccs\tools\compiler\ti-cgt-arm_20.2.0.LTS\lib\</path>
         <kind>archive</kind>
         <file>rtsv7M4_T_le_v4SPD16_eabi.lib</file>
         <name>fputc.c.obj</name>
      </input_file>
      <input_file id="fl-d3">
         <path>C:\ti\ccs1000\ccs\tools\compiler\ti-cgt-arm_20.2.0.LTS\lib\</path>
         <kind>archive</kind>
         <file>rtsv7M4_T_le_v4SPD16_eabi.lib</file>
         <name>fputs.c.obj</name>
      </input_file>
      <input_file id="fl-d4">
         <path>C:\ti\ccs1000\ccs\tools\compiler\ti-cgt-arm_20.2.0.LTS\lib\</path>
         <kind>archive</kind>
         <file>rtsv7M4_T_le_v4SPD16_eabi.lib</file>
         <name>_io_perm.c.obj</name>
      </input_file>
      <input_file id="fl-d5">
         <path>C:\ti\ccs1000\ccs\tools\compiler\ti-cgt-arm_20.2.0.LTS\lib\</path>
         <kind>archive</kind>
         <file>rtsv7M4_T_le_v4SPD16_eabi.lib</file>
         <name>setvbuf.c.obj</name>
      </input_file>
      <input_file id="fl-d6">
         <path>C:\ti\ccs1000\ccs\tools\compiler\ti-cgt-arm_20.2.0.LTS\lib\</path>
         <kind>archive</kind>
         <file>rtsv7M4_T_le_v4SPD16_eabi.lib</file>
         <name>fd_add_t2.asm.obj</name>
      </input_file>
      <input_file id="fl-d7">
         <path>C:\ti\ccs1000\ccs\tools\compiler\ti-cgt-arm_20.2.0.LTS\lib\</path>
         <kind>archive</kind>
         <file>rtsv7M4_T_le_v4SPD16_eabi.lib</file>
         <name>fd_cmp_t2.asm.obj</name>
      </input_file>
      <input_file id="fl-d8">
         <path>C:\ti\ccs1000\ccs\tools\compiler\ti-cgt-arm_20.2.0.LTS\lib\</path>
         <kind>archive</kind>
         <file>rtsv7M4_T_le_v4SPD16_eabi.lib</file>
         <name>fd_div_t2.asm.obj</name>
      </input_file>
      <input_file id="fl-d9">
         <path>C:\ti\ccs1000\ccs\tools\compiler\ti-cgt-arm_20.2.0.LTS\lib\</path>
         <kind>archive</kind>
         <file>rtsv7M4_T_le_v4SPD16_eabi.lib</file>
         <name>fd_mul_t2.asm.obj</name>
      </input_file>
      <input_file id="fl-da">
         <path>C:\ti\ccs1000\ccs\tools\compiler\ti-cgt-arm_20.2.0.LTS\lib\</path>
         <kind>archive</kind>
         <file>rtsv7M4_T_le_v4SPD16_eabi.lib</file>
         <name>fd_toi_t2.asm.obj</name>
      </input_file>
      <input_file id="fl-db">
         <path>C:\ti\ccs1000\ccs\tools\compiler\ti-cgt-arm_20.2.0.LTS\lib\</path>
         <kind>archive</kind>
         <file>rtsv7M4_T_le_v4SPD16_eabi.lib</file>
         <name>i_tofd_t2.asm.obj</name>
      </input_file>
      <input_file id="fl-dc">
         <path>C:\ti\ccs1000\ccs\tools\compiler\ti-cgt-arm_20.2.0.LTS\lib\</path>
         <kind>archive</kind>
         <file>rtsv7M4_T_le_v4SPD16_eabi.lib</file>
         <name>memcpy_t2.asm.obj</name>
      </input_file>
      <input_file id="fl-dd">
         <path>C:\ti\ccs1000\ccs\tools\compiler\ti-cgt-arm_20.2.0.LTS\lib\</path>
         <kind>archive</kind>
         <file>rtsv7M4_T_le_v4SPD16_eabi.lib</file>
         <name>memset_t2.asm.obj</name>
      </input_file>
      <input_file id="fl-de">
         <path>C:\ti\ccs1000\ccs\tools\compiler\ti-cgt-arm_20.2.0.LTS\lib\</path>
         <kind>archive</kind>
         <file>rtsv7M4_T_le_v4SPD16_eabi.lib</file>
         <name>ull_div_t2.asm.obj</name>
      </input_file>
      <input_file id="fl-df">
         <path>C:\ti\ccs1000\ccs\tools\compiler\ti-cgt-arm_20.2.0.LTS\lib\</path>
         <kind>archive</kind>
         <file>rtsv7M4_T_le_v4SPD16_eabi.lib</file>
         <name>copy_zero_init.c.obj</name>
      </input_file>
      <input_file id="fl-e0">
         <path>C:\ti\ccs1000\ccs\tools\compiler\ti-cgt-arm_20.2.0.LTS\lib\</path>
         <kind>archive</kind>
         <file>rtsv7M4_T_le_v4SPD16_eabi.lib</file>
         <name>copy_decompress_none.c.obj</name>
      </input_file>
      <input_file id="fl-e1">
         <path>C:\ti\ccs1000\ccs\tools\compiler\ti-cgt-arm_20.2.0.LTS\lib\</path>
         <kind>archive</kind>
         <file>rtsv7M4_T_le_v4SPD16_eabi.lib</file>
         <name>copy_decompress_lzss.c.obj</name>
      </input_file>
      <input_file id="fl-e2">
         <path>C:\ti\ccs1000\ccs\tools\compiler\ti-cgt-arm_20.2.0.LTS\lib\</path>
         <kind>archive</kind>
         <file>rtsv7M4_T_le_v4SPD16_eabi.lib</file>
         <name>exit.c.obj</name>
      </input_file>
      <input_file id="fl-e3">
         <path>C:\ti\ccs1000\ccs\tools\compiler\ti-cgt-arm_20.2.0.LTS\lib\</path>
         <kind>archive</kind>
         <file>rtsv7M4_T_le_v4SPD16_eabi.lib</file>
         <name>_lock.c.obj</name>
      </input_file>
      <input_file id="fl-e4">
         <path>C:\ti\ccs1000\ccs\tools\compiler\ti-cgt-arm_20.2.0.LTS\lib\</path>
         <kind>archive</kind>
         <file>rtsv7M4_T_le_v4SPD16_eabi.lib</file>
         <name>_ltoa.c.obj</name>
      </input_file>
      <input_file id="fl-e5">
         <path>C:\ti\ccs1000\ccs\tools\compiler\ti-cgt-arm_20.2.0.LTS\lib\</path>
         <kind>archive</kind>
         <file>rtsv7M4_T_le_v4SPD16_eabi.lib</file>
         <name>atoi.c.obj</name>
      </input_file>
      <input_file id="fl-e6">
         <path>C:\ti\ccs1000\ccs\tools\compiler\ti-cgt-arm_20.2.0.LTS\lib\</path>
         <kind>archive</kind>
         <file>rtsv7M4_T_le_v4SPD16_eabi.lib</file>
         <name>ctype.c.obj</name>
      </input_file>
      <input_file id="fl-e7">
         <path>C:\ti\ccs1000\ccs\tools\compiler\ti-cgt-arm_20.2.0.LTS\lib\</path>
         <kind>archive</kind>
         <file>rtsv7M4_T_le_v4SPD16_eabi.lib</file>
         <name>defs.c.obj</name>
      </input_file>
      <input_file id="fl-e8">
         <path>C:\ti\ccs1000\ccs\tools\compiler\ti-cgt-arm_20.2.0.LTS\lib\</path>
         <kind>archive</kind>
         <file>rtsv7M4_T_le_v4SPD16_eabi.lib</file>
         <name>memccpy.c.obj</name>
      </input_file>
      <input_file id="fl-e9">
         <path>C:\ti\ccs1000\ccs\tools\compiler\ti-cgt-arm_20.2.0.LTS\lib\</path>
         <kind>archive</kind>
         <file>rtsv7M4_T_le_v4SPD16_eabi.lib</file>
         <name>memchr.c.obj</name>
      </input_file>
      <input_file id="fl-ea">
         <path>C:\ti\ccs1000\ccs\tools\compiler\ti-cgt-arm_20.2.0.LTS\lib\</path>
         <kind>archive</kind>
         <file>rtsv7M4_T_le_v4SPD16_eabi.lib</file>
         <name>memory.c.obj</name>
      </input_file>
      <input_file id="fl-eb">
         <path>C:\ti\ccs1000\ccs\tools\compiler\ti-cgt-arm_20.2.0.LTS\lib\</path>
         <kind>archive</kind>
         <file>rtsv7M4_T_le_v4SPD16_eabi.lib</file>
         <name>rand.c.obj</name>
      </input_file>
      <input_file id="fl-ec">
         <path>C:\ti\ccs1000\ccs\tools\compiler\ti-cgt-arm_20.2.0.LTS\lib\</path>
         <kind>archive</kind>
         <file>rtsv7M4_T_le_v4SPD16_eabi.lib</file>
         <name>strchr.c.obj</name>
      </input_file>
      <input_file id="fl-ed">
         <path>C:\ti\ccs1000\ccs\tools\compiler\ti-cgt-arm_20.2.0.LTS\lib\</path>
         <kind>archive</kind>
         <file>rtsv7M4_T_le_v4SPD16_eabi.lib</file>
         <name>strlen.c.obj</name>
      </input_file>
      <input_file id="fl-ee">
         <path>C:\ti\ccs1000\ccs\tools\compiler\ti-cgt-arm_20.2.0.LTS\lib\</path>
         <kind>archive</kind>
         <file>rtsv7M4_T_le_v4SPD16_eabi.lib</file>
         <name>write.c.obj</name>
      </input_file>
      <input_file id="fl-ef">
         <path>C:\ti\ccs1000\ccs\tools\compiler\ti-cgt-arm_20.2.0.LTS\lib\</path>
         <kind>archive</kind>
         <file>rtsv7M4_T_le_v4SPD16_eabi.lib</file>
         <name>host_device.c.obj</name>
      </input_file>
      <input_file id="fl-f0">
         <path>C:\ti\ccs1000\ccs\tools\compiler\ti-cgt-arm_20.2.0.LTS\lib\</path>
         <kind>archive</kind>
         <file>rtsv7M4_T_le_v4SPD16_eabi.lib</file>
         <name>errno.c.obj</name>
      </input_file>
      <input_file id="fl-f1">
         <path>C:\ti\ccs1000\ccs\tools\compiler\ti-cgt-arm_20.2.0.LTS\lib\</path>
         <kind>archive</kind>
         <file>rtsv7M4_T_le_v4SPD16_eabi.lib</file>
         <name>boot_cortex_m.c.obj</name>
      </input_file>
      <input_file id="fl-f2">
         <path>C:\ti\ccs1000\ccs\tools\compiler\ti-cgt-arm_20.2.0.LTS\lib\</path>
         <kind>archive</kind>
         <file>rtsv7M4_T_le_v4SPD16_eabi.lib</file>
         <name>s_frexp.c.obj</name>
      </input_file>
      <input_file id="fl-f3">
         <path>C:\ti\ccs1000\ccs\tools\compiler\ti-cgt-arm_20.2.0.LTS\lib\</path>
         <kind>archive</kind>
         <file>rtsv7M4_T_le_v4SPD16_eabi.lib</file>
         <name>wcslen.c.obj</name>
      </input_file>
      <input_file id="fl-f4">
         <path>C:\ti\ccs1000\ccs\tools\compiler\ti-cgt-arm_20.2.0.LTS\lib\</path>
         <kind>archive</kind>
         <file>rtsv7M4_T_le_v4SPD16_eabi.lib</file>
         <name>fflush.c.obj</name>
      </input_file>
      <input_file id="fl-f5">
         <path>C:\ti\ccs1000\ccs\tools\compiler\ti-cgt-arm_20.2.0.LTS\lib\</path>
         <kind>archive</kind>
         <file>rtsv7M4_T_le_v4SPD16_eabi.lib</file>
         <name>fopen.c.obj</name>
      </input_file>
      <input_file id="fl-f6">
         <path>C:\ti\ccs1000\ccs\tools\compiler\ti-cgt-arm_20.2.0.LTS\lib\</path>
         <kind>archive</kind>
         <file>rtsv7M4_T_le_v4SPD16_eabi.lib</file>
         <name>fseek.c.obj</name>
      </input_file>
      <input_file id="fl-f7">
         <path>C:\ti\ccs1000\ccs\tools\compiler\ti-cgt-arm_20.2.0.LTS\lib\</path>
         <kind>archive</kind>
         <file>rtsv7M4_T_le_v4SPD16_eabi.lib</file>
         <name>div0.asm.obj</name>
      </input_file>
      <input_file id="fl-f8">
         <path>C:\ti\ccs1000\ccs\tools\compiler\ti-cgt-arm_20.2.0.LTS\lib\</path>
         <kind>archive</kind>
         <file>rtsv7M4_T_le_v4SPD16_eabi.lib</file>
         <name>autoinit.c.obj</name>
      </input_file>
      <input_file id="fl-f9">
         <path>C:\ti\ccs1000\ccs\tools\compiler\ti-cgt-arm_20.2.0.LTS\lib\</path>
         <kind>archive</kind>
         <file>rtsv7M4_T_le_v4SPD16_eabi.lib</file>
         <name>pre_init.c.obj</name>
      </input_file>
      <input_file id="fl-fa">
         <path>C:\ti\ccs1000\ccs\tools\compiler\ti-cgt-arm_20.2.0.LTS\lib\</path>
         <kind>archive</kind>
         <file>rtsv7M4_T_le_v4SPD16_eabi.lib</file>
         <name>cpy_tbl.c.obj</name>
      </input_file>
      <input_file id="fl-fb">
         <path>C:\ti\ccs1000\ccs\tools\compiler\ti-cgt-arm_20.2.0.LTS\lib\</path>
         <kind>archive</kind>
         <file>rtsv7M4_T_le_v4SPD16_eabi.lib</file>
         <name>args_main.c.obj</name>
      </input_file>
      <input_file id="fl-fc">
         <path>C:\ti\ccs1000\ccs\tools\compiler\ti-cgt-arm_20.2.0.LTS\lib\</path>
         <kind>archive</kind>
         <file>rtsv7M4_T_le_v4SPD16_eabi.lib</file>
         <name>hostclose.c.obj</name>
      </input_file>
      <input_file id="fl-fd">
         <path>C:\ti\ccs1000\ccs\tools\compiler\ti-cgt-arm_20.2.0.LTS\lib\</path>
         <kind>archive</kind>
         <file>rtsv7M4_T_le_v4SPD16_eabi.lib</file>
         <name>hostlseek.c.obj</name>
      </input_file>
      <input_file id="fl-fe">
         <path>C:\ti\ccs1000\ccs\tools\compiler\ti-cgt-arm_20.2.0.LTS\lib\</path>
         <kind>archive</kind>
         <file>rtsv7M4_T_le_v4SPD16_eabi.lib</file>
         <name>hostopen.c.obj</name>
      </input_file>
      <input_file id="fl-ff">
         <path>C:\ti\ccs1000\ccs\tools\compiler\ti-cgt-arm_20.2.0.LTS\lib\</path>
         <kind>archive</kind>
         <file>rtsv7M4_T_le_v4SPD16_eabi.lib</file>
         <name>hostread.c.obj</name>
      </input_file>
      <input_file id="fl-100">
         <path>C:\ti\ccs1000\ccs\tools\compiler\ti-cgt-arm_20.2.0.LTS\lib\</path>
         <kind>archive</kind>
         <file>rtsv7M4_T_le_v4SPD16_eabi.lib</file>
         <name>hostrename.c.obj</name>
      </input_file>
      <input_file id="fl-101">
         <path>C:\ti\ccs1000\ccs\tools\compiler\ti-cgt-arm_20.2.0.LTS\lib\</path>
         <kind>archive</kind>
         <file>rtsv7M4_T_le_v4SPD16_eabi.lib</file>
         <name>hostunlink.c.obj</name>
      </input_file>
      <input_file id="fl-102">
         <path>C:\ti\ccs1000\ccs\tools\compiler\ti-cgt-arm_20.2.0.LTS\lib\</path>
         <kind>archive</kind>
         <file>rtsv7M4_T_le_v4SPD16_eabi.lib</file>
         <name>hostwrite.c.obj</name>
      </input_file>
      <input_file id="fl-103">
         <path>C:\ti\ccs1000\ccs\tools\compiler\ti-cgt-arm_20.2.0.LTS\lib\</path>
         <kind>archive</kind>
         <file>rtsv7M4_T_le_v4SPD16_eabi.lib</file>
         <name>trgmsg.c.obj</name>
      </input_file>
      <input_file id="fl-104">
         <path>C:\ti\ccs1000\ccs\tools\compiler\ti-cgt-arm_20.2.0.LTS\lib\</path>
         <kind>archive</kind>
         <file>rtsv7M4_T_le_v4SPD16_eabi.lib</file>
         <name>open.c.obj</name>
      </input_file>
      <input_file id="fl-105">
         <path>C:\ti\ccs1000\ccs\tools\compiler\ti-cgt-arm_20.2.0.LTS\lib\</path>
         <kind>archive</kind>
         <file>rtsv7M4_T_le_v4SPD16_eabi.lib</file>
         <name>lseek.c.obj</name>
      </input_file>
      <input_file id="fl-106">
         <path>C:\ti\ccs1000\ccs\tools\compiler\ti-cgt-arm_20.2.0.LTS\lib\</path>
         <kind>archive</kind>
         <file>rtsv7M4_T_le_v4SPD16_eabi.lib</file>
         <name>fclose.c.obj</name>
      </input_file>
      <input_file id="fl-107">
         <path>C:\ti\ccs1000\ccs\tools\compiler\ti-cgt-arm_20.2.0.LTS\lib\</path>
         <kind>archive</kind>
         <file>rtsv7M4_T_le_v4SPD16_eabi.lib</file>
         <name>getdevice.c.obj</name>
      </input_file>
      <input_file id="fl-108">
         <path>C:\ti\ccs1000\ccs\tools\compiler\ti-cgt-arm_20.2.0.LTS\lib\</path>
         <kind>archive</kind>
         <file>rtsv7M4_T_le_v4SPD16_eabi.lib</file>
         <name>strcmp.c.obj</name>
      </input_file>
      <input_file id="fl-109">
         <path>C:\ti\ccs1000\ccs\tools\compiler\ti-cgt-arm_20.2.0.LTS\lib\</path>
         <kind>archive</kind>
         <file>rtsv7M4_T_le_v4SPD16_eabi.lib</file>
         <name>strcpy.c.obj</name>
      </input_file>
      <input_file id="fl-10a">
         <path>C:\ti\ccs1000\ccs\tools\compiler\ti-cgt-arm_20.2.0.LTS\lib\</path>
         <kind>archive</kind>
         <file>rtsv7M4_T_le_v4SPD16_eabi.lib</file>
         <name>strncpy.c.obj</name>
      </input_file>
      <input_file id="fl-10b">
         <path>C:\ti\ccs1000\ccs\tools\compiler\ti-cgt-arm_20.2.0.LTS\lib\</path>
         <kind>archive</kind>
         <file>rtsv7M4_T_le_v4SPD16_eabi.lib</file>
         <name>remove.c.obj</name>
      </input_file>
      <input_file id="fl-10c">
         <path>C:\ti\ccs1000\ccs\tools\compiler\ti-cgt-arm_20.2.0.LTS\lib\</path>
         <kind>archive</kind>
         <file>rtsv7M4_T_le_v4SPD16_eabi.lib</file>
         <name>close.c.obj</name>
      </input_file>
      <input_file id="fl-10d">
         <path>C:\ti\ccs1000\ccs\tools\compiler\ti-cgt-arm_20.2.0.LTS\lib\</path>
         <kind>archive</kind>
         <file>rtsv7M4_T_le_v4SPD16_eabi.lib</file>
         <name>unlink.c.obj</name>
      </input_file>
   </input_file_list>
   <object_component_list>
      <object_component id="oc-26">
         <name>.intvecs:retain</name>
         <load_address>0x0</load_address>
         <run_address>0x0</run_address>
         <size>0xe4</size>
         <input_file_ref idref="fl-f"/>
      </object_component>
      <object_component id="oc-1c2">
         <name>.text:__TI_printfi</name>
         <load_address>0xe4</load_address>
         <run_address>0xe4</run_address>
         <size>0xa4e</size>
         <input_file_ref idref="fl-d0"/>
      </object_component>
      <object_component id="oc-28b">
         <name>.text:_nop</name>
         <load_address>0xb32</load_address>
         <run_address>0xb32</run_address>
         <size>0x2</size>
         <input_file_ref idref="fl-e3"/>
      </object_component>
      <object_component id="oc-c4">
         <name>.text</name>
         <load_address>0xb34</load_address>
         <run_address>0xb34</run_address>
         <size>0x334</size>
         <input_file_ref idref="fl-10"/>
      </object_component>
      <object_component id="oc-1ad">
         <name>.text:log2</name>
         <load_address>0xe68</load_address>
         <run_address>0xe68</run_address>
         <size>0x2b0</size>
         <input_file_ref idref="fl-ca"/>
      </object_component>
      <object_component id="oc-26d">
         <name>.text:_pconv_a</name>
         <load_address>0x1118</load_address>
         <run_address>0x1118</run_address>
         <size>0x270</size>
         <input_file_ref idref="fl-d0"/>
      </object_component>
      <object_component id="oc-25b">
         <name>.text:_pconv_g</name>
         <load_address>0x1388</load_address>
         <run_address>0x1388</run_address>
         <size>0x1d0</size>
         <input_file_ref idref="fl-d0"/>
      </object_component>
      <object_component id="oc-12b">
         <name>.text</name>
         <load_address>0x1558</load_address>
         <run_address>0x1558</run_address>
         <size>0x1b8</size>
         <input_file_ref idref="fl-3"/>
      </object_component>
      <object_component id="oc-1b3">
         <name>.text</name>
         <load_address>0x1710</load_address>
         <run_address>0x1710</run_address>
         <size>0x1b6</size>
         <input_file_ref idref="fl-d6"/>
      </object_component>
      <object_component id="oc-374">
         <name>.text</name>
         <load_address>0x18c6</load_address>
         <run_address>0x18c6</run_address>
         <size>0x2</size>
         <input_file_ref idref="fl-f7"/>
      </object_component>
      <object_component id="oc-7c">
         <name>.text</name>
         <load_address>0x18c8</load_address>
         <run_address>0x18c8</run_address>
         <size>0x1b4</size>
         <input_file_ref idref="fl-8"/>
      </object_component>
      <object_component id="oc-82">
         <name>.text</name>
         <load_address>0x1a7c</load_address>
         <run_address>0x1a7c</run_address>
         <size>0x168</size>
         <input_file_ref idref="fl-c"/>
      </object_component>
      <object_component id="oc-db">
         <name>.text</name>
         <load_address>0x1be4</load_address>
         <run_address>0x1be4</run_address>
         <size>0x154</size>
         <input_file_ref idref="fl-2"/>
      </object_component>
      <object_component id="oc-76">
         <name>.text</name>
         <load_address>0x1d38</load_address>
         <run_address>0x1d38</run_address>
         <size>0x150</size>
         <input_file_ref idref="fl-7"/>
      </object_component>
      <object_component id="oc-267">
         <name>.text:_pconv_e</name>
         <load_address>0x1e88</load_address>
         <run_address>0x1e88</run_address>
         <size>0x13c</size>
         <input_file_ref idref="fl-d0"/>
      </object_component>
      <object_component id="oc-233">
         <name>.text</name>
         <load_address>0x1fc4</load_address>
         <run_address>0x1fc4</run_address>
         <size>0x136</size>
         <input_file_ref idref="fl-d8"/>
      </object_component>
      <object_component id="oc-f7">
         <name>.text</name>
         <load_address>0x20fc</load_address>
         <run_address>0x20fc</run_address>
         <size>0x130</size>
         <input_file_ref idref="fl-4"/>
      </object_component>
      <object_component id="oc-301">
         <name>.text:fcvt</name>
         <load_address>0x222c</load_address>
         <run_address>0x222c</run_address>
         <size>0x124</size>
         <input_file_ref idref="fl-d0"/>
      </object_component>
      <object_component id="oc-299">
         <name>.text:fputs</name>
         <load_address>0x2350</load_address>
         <run_address>0x2350</run_address>
         <size>0x114</size>
         <input_file_ref idref="fl-d3"/>
      </object_component>
      <object_component id="oc-e5">
         <name>.text</name>
         <load_address>0x2464</load_address>
         <run_address>0x2464</run_address>
         <size>0x110</size>
         <input_file_ref idref="fl-9"/>
      </object_component>
      <object_component id="oc-315">
         <name>.text:scalbn</name>
         <load_address>0x2574</load_address>
         <run_address>0x2574</run_address>
         <size>0x110</size>
         <input_file_ref idref="fl-cd"/>
      </object_component>
      <object_component id="oc-416">
         <name>.text:aligned_alloc</name>
         <load_address>0x2684</load_address>
         <run_address>0x2684</run_address>
         <size>0x108</size>
         <input_file_ref idref="fl-ea"/>
      </object_component>
      <object_component id="oc-eb">
         <name>.text</name>
         <load_address>0x278c</load_address>
         <run_address>0x278c</run_address>
         <size>0x100</size>
         <input_file_ref idref="fl-a"/>
      </object_component>
      <object_component id="oc-22e">
         <name>.text</name>
         <load_address>0x288c</load_address>
         <run_address>0x288c</run_address>
         <size>0xfc</size>
         <input_file_ref idref="fl-d9"/>
      </object_component>
      <object_component id="oc-f1">
         <name>.text</name>
         <load_address>0x2988</load_address>
         <run_address>0x2988</run_address>
         <size>0xe4</size>
         <input_file_ref idref="fl-6"/>
      </object_component>
      <object_component id="oc-3d4">
         <name>.text:free</name>
         <load_address>0x2a6c</load_address>
         <run_address>0x2a6c</run_address>
         <size>0xe4</size>
         <input_file_ref idref="fl-ea"/>
      </object_component>
      <object_component id="oc-3a6">
         <name>.text:setvbuf</name>
         <load_address>0x2b50</load_address>
         <run_address>0x2b50</run_address>
         <size>0xdc</size>
         <input_file_ref idref="fl-d5"/>
      </object_component>
      <object_component id="oc-250">
         <name>.text:_ltostr</name>
         <load_address>0x2c2c</load_address>
         <run_address>0x2c2c</run_address>
         <size>0xb1</size>
         <input_file_ref idref="fl-d0"/>
      </object_component>
      <object_component id="oc-3a">
         <name>.text</name>
         <load_address>0x2cde</load_address>
         <run_address>0x2cde</run_address>
         <size>0x9c</size>
         <input_file_ref idref="fl-dc"/>
      </object_component>
      <object_component id="oc-2e2">
         <name>.text</name>
         <load_address>0x2d7a</load_address>
         <run_address>0x2d7a</run_address>
         <size>0x96</size>
         <input_file_ref idref="fl-de"/>
      </object_component>
      <object_component id="oc-2a0">
         <name>.text:fputc</name>
         <load_address>0x2e10</load_address>
         <run_address>0x2e10</run_address>
         <size>0x8c</size>
         <input_file_ref idref="fl-d2"/>
      </object_component>
      <object_component id="oc-256">
         <name>.text:__aeabi_cdcmple</name>
         <load_address>0x2e9c</load_address>
         <run_address>0x2e9c</run_address>
         <size>0x86</size>
         <input_file_ref idref="fl-d7"/>
      </object_component>
      <object_component id="oc-2e9">
         <name>.text:__aeabi_cdrcmple</name>
         <load_address>0x2f22</load_address>
         <run_address>0x2f22</run_address>
         <size>0x86</size>
         <input_file_ref idref="fl-d7"/>
      </object_component>
      <object_component id="oc-a6">
         <name>.text</name>
         <load_address>0x2fa8</load_address>
         <run_address>0x2fa8</run_address>
         <size>0x7a</size>
         <input_file_ref idref="fl-dd"/>
      </object_component>
      <object_component id="oc-41d">
         <name>.text:__TI_closefile</name>
         <load_address>0x3024</load_address>
         <run_address>0x3024</run_address>
         <size>0x74</size>
         <input_file_ref idref="fl-106"/>
      </object_component>
      <object_component id="oc-45e">
         <name>.text:split</name>
         <load_address>0x3098</load_address>
         <run_address>0x3098</run_address>
         <size>0x70</size>
         <input_file_ref idref="fl-ea"/>
      </object_component>
      <object_component id="oc-2fa">
         <name>.text:_mcpy</name>
         <load_address>0x3108</load_address>
         <run_address>0x3108</run_address>
         <size>0x6e</size>
         <input_file_ref idref="fl-d0"/>
      </object_component>
      <object_component id="oc-44d">
         <name>.text:HOSTrename</name>
         <load_address>0x3178</load_address>
         <run_address>0x3178</run_address>
         <size>0x6c</size>
         <input_file_ref idref="fl-100"/>
      </object_component>
      <object_component id="oc-441">
         <name>.text:HOSTlseek</name>
         <load_address>0x31e4</load_address>
         <run_address>0x31e4</run_address>
         <size>0x68</size>
         <input_file_ref idref="fl-fd"/>
      </object_component>
      <object_component id="oc-17">
         <name>.text:decompress:lzss:__TI_decompress_lzss</name>
         <load_address>0x324c</load_address>
         <run_address>0x324c</run_address>
         <size>0x68</size>
         <input_file_ref idref="fl-e1"/>
      </object_component>
      <object_component id="oc-fd">
         <name>.text:printf</name>
         <load_address>0x32b4</load_address>
         <run_address>0x32b4</run_address>
         <size>0x68</size>
         <input_file_ref idref="fl-cf"/>
      </object_component>
      <object_component id="oc-70">
         <name>.text</name>
         <load_address>0x331c</load_address>
         <run_address>0x331c</run_address>
         <size>0x64</size>
         <input_file_ref idref="fl-5"/>
      </object_component>
      <object_component id="oc-30f">
         <name>.text:frexp</name>
         <load_address>0x3380</load_address>
         <run_address>0x3380</run_address>
         <size>0x64</size>
         <input_file_ref idref="fl-f2"/>
      </object_component>
      <object_component id="oc-3a0">
         <name>.text:fseek</name>
         <load_address>0x33e4</load_address>
         <run_address>0x33e4</run_address>
         <size>0x64</size>
         <input_file_ref idref="fl-f6"/>
      </object_component>
      <object_component id="oc-341">
         <name>.text:__TI_wrt_ok</name>
         <load_address>0x3448</load_address>
         <run_address>0x3448</run_address>
         <size>0x62</size>
         <input_file_ref idref="fl-d4"/>
      </object_component>
      <object_component id="oc-429">
         <name>.text:HOSTopen</name>
         <load_address>0x34ac</load_address>
         <run_address>0x34ac</run_address>
         <size>0x60</size>
         <input_file_ref idref="fl-fe"/>
      </object_component>
      <object_component id="oc-465">
         <name>.text:close</name>
         <load_address>0x350c</load_address>
         <run_address>0x350c</run_address>
         <size>0x5c</size>
         <input_file_ref idref="fl-10c"/>
      </object_component>
      <object_component id="oc-435">
         <name>.text:HOSTread</name>
         <load_address>0x3568</load_address>
         <run_address>0x3568</run_address>
         <size>0x58</size>
         <input_file_ref idref="fl-ff"/>
      </object_component>
      <object_component id="oc-43b">
         <name>.text:HOSTwrite</name>
         <load_address>0x35c0</load_address>
         <run_address>0x35c0</run_address>
         <size>0x58</size>
         <input_file_ref idref="fl-102"/>
      </object_component>
      <object_component id="oc-b2">
         <name>.text</name>
         <load_address>0x3618</load_address>
         <run_address>0x3618</run_address>
         <size>0x58</size>
         <input_file_ref idref="fl-d"/>
      </object_component>
      <object_component id="oc-261">
         <name>.text:_pconv_f</name>
         <load_address>0x3670</load_address>
         <run_address>0x3670</run_address>
         <size>0x56</size>
         <input_file_ref idref="fl-d0"/>
      </object_component>
      <object_component id="oc-2ee">
         <name>.text:__TI_ltoa</name>
         <load_address>0x36c6</load_address>
         <run_address>0x36c6</run_address>
         <size>0x54</size>
         <input_file_ref idref="fl-e4"/>
      </object_component>
      <object_component id="oc-2f4">
         <name>.text:_ecpy</name>
         <load_address>0x371a</load_address>
         <run_address>0x371a</run_address>
         <size>0x52</size>
         <input_file_ref idref="fl-d0"/>
      </object_component>
      <object_component id="oc-34d">
         <name>.text:__TI_doflush</name>
         <load_address>0x376c</load_address>
         <run_address>0x376c</run_address>
         <size>0x4c</size>
         <input_file_ref idref="fl-f4"/>
      </object_component>
      <object_component id="oc-24a">
         <name>.text:atoi</name>
         <load_address>0x37b8</load_address>
         <run_address>0x37b8</run_address>
         <size>0x4c</size>
         <input_file_ref idref="fl-e5"/>
      </object_component>
      <object_component id="oc-13e">
         <name>.text:exit</name>
         <load_address>0x3804</load_address>
         <run_address>0x3804</run_address>
         <size>0x48</size>
         <input_file_ref idref="fl-e2"/>
      </object_component>
      <object_component id="oc-1b8">
         <name>.text</name>
         <load_address>0x384c</load_address>
         <run_address>0x384c</run_address>
         <size>0x48</size>
         <input_file_ref idref="fl-da"/>
      </object_component>
      <object_component id="oc-42f">
         <name>.text:HOSTclose</name>
         <load_address>0x3894</load_address>
         <run_address>0x3894</run_address>
         <size>0x44</size>
         <input_file_ref idref="fl-fc"/>
      </object_component>
      <object_component id="oc-447">
         <name>.text:HOSTunlink</name>
         <load_address>0x38d8</load_address>
         <run_address>0x38d8</run_address>
         <size>0x44</size>
         <input_file_ref idref="fl-101"/>
      </object_component>
      <object_component id="oc-144">
         <name>.text:__TI_auto_init_nobinit_nopinit:__TI_auto_init_nobinit_nopinit</name>
         <load_address>0x391c</load_address>
         <run_address>0x391c</run_address>
         <size>0x44</size>
         <input_file_ref idref="fl-f8"/>
      </object_component>
      <object_component id="oc-49d">
         <name>.text:getdevice</name>
         <load_address>0x3960</load_address>
         <run_address>0x3960</run_address>
         <size>0x44</size>
         <input_file_ref idref="fl-107"/>
      </object_component>
      <object_component id="oc-194">
         <name>.text:sprintf</name>
         <load_address>0x39a4</load_address>
         <run_address>0x39a4</run_address>
         <size>0x40</size>
         <input_file_ref idref="fl-d1"/>
      </object_component>
      <object_component id="oc-307">
         <name>.text:_fcpy</name>
         <load_address>0x39e4</load_address>
         <run_address>0x39e4</run_address>
         <size>0x3e</size>
         <input_file_ref idref="fl-d0"/>
      </object_component>
      <object_component id="oc-476">
         <name>.text:__TI_writemsg</name>
         <load_address>0x3a24</load_address>
         <run_address>0x3a24</run_address>
         <size>0x38</size>
         <input_file_ref idref="fl-103"/>
      </object_component>
      <object_component id="oc-4bf">
         <name>.text:strncpy</name>
         <load_address>0x3a5c</load_address>
         <run_address>0x3a5c</run_address>
         <size>0x36</size>
         <input_file_ref idref="fl-10a"/>
      </object_component>
      <object_component id="oc-3e0">
         <name>.text:__TI_cleanup</name>
         <load_address>0x3a94</load_address>
         <run_address>0x3a94</run_address>
         <size>0x34</size>
         <input_file_ref idref="fl-f5"/>
      </object_component>
      <object_component id="oc-47c">
         <name>.text:__TI_readmsg</name>
         <load_address>0x3ac8</load_address>
         <run_address>0x3ac8</run_address>
         <size>0x34</size>
         <input_file_ref idref="fl-103"/>
      </object_component>
      <object_component id="oc-58">
         <name>.text:_c_int00_noargs:_c_int00_noargs</name>
         <load_address>0x3afc</load_address>
         <run_address>0x3afc</run_address>
         <size>0x34</size>
         <input_file_ref idref="fl-f1"/>
      </object_component>
      <object_component id="oc-131">
         <name>.text:rand</name>
         <load_address>0x3b30</load_address>
         <run_address>0x3b30</run_address>
         <size>0x34</size>
         <input_file_ref idref="fl-eb"/>
      </object_component>
      <object_component id="oc-4c5">
         <name>.text:finddevice</name>
         <load_address>0x3b64</load_address>
         <run_address>0x3b64</run_address>
         <size>0x30</size>
         <input_file_ref idref="fl-107"/>
      </object_component>
      <object_component id="oc-1a8">
         <name>.text</name>
         <load_address>0x3b94</load_address>
         <run_address>0x3b94</run_address>
         <size>0x2e</size>
         <input_file_ref idref="fl-db"/>
      </object_component>
      <object_component id="oc-46b">
         <name>.text:unlink</name>
         <load_address>0x3bc4</load_address>
         <run_address>0x3bc4</run_address>
         <size>0x2c</size>
         <input_file_ref idref="fl-10d"/>
      </object_component>
      <object_component id="oc-40f">
         <name>.text:free_list_insert</name>
         <load_address>0x3bf0</load_address>
         <run_address>0x3bf0</run_address>
         <size>0x28</size>
         <input_file_ref idref="fl-ea"/>
      </object_component>
      <object_component id="oc-3cc">
         <name>.text:lseek</name>
         <load_address>0x3c18</load_address>
         <run_address>0x3c18</run_address>
         <size>0x28</size>
         <input_file_ref idref="fl-105"/>
      </object_component>
      <object_component id="oc-353">
         <name>.text:write</name>
         <load_address>0x3c40</load_address>
         <run_address>0x3c40</run_address>
         <size>0x28</size>
         <input_file_ref idref="fl-ee"/>
      </object_component>
      <object_component id="oc-347">
         <name>.text:memchr</name>
         <load_address>0x3c68</load_address>
         <run_address>0x3c68</run_address>
         <size>0x20</size>
         <input_file_ref idref="fl-e9"/>
      </object_component>
      <object_component id="oc-46">
         <name>.text:decompress:ZI:__TI_zero_init_nomemset:__TI_zero_init_nomemset</name>
         <load_address>0x3c88</load_address>
         <run_address>0x3c88</run_address>
         <size>0x1c</size>
         <input_file_ref idref="fl-df"/>
      </object_component>
      <object_component id="oc-409">
         <name>.text:free_list_remove</name>
         <load_address>0x3ca4</load_address>
         <run_address>0x3ca4</run_address>
         <size>0x1c</size>
         <input_file_ref idref="fl-ea"/>
      </object_component>
      <object_component id="oc-273">
         <name>.text:memccpy</name>
         <load_address>0x3cc0</load_address>
         <run_address>0x3cc0</run_address>
         <size>0x1c</size>
         <input_file_ref idref="fl-e8"/>
      </object_component>
      <object_component id="oc-388">
         <name>.text:copysign</name>
         <load_address>0x3cdc</load_address>
         <run_address>0x3cdc</run_address>
         <size>0x1a</size>
         <input_file_ref idref="fl-ce"/>
      </object_component>
      <object_component id="oc-209">
         <name>.text:_outs</name>
         <load_address>0x3cf6</load_address>
         <run_address>0x3cf6</run_address>
         <size>0x18</size>
         <input_file_ref idref="fl-d1"/>
      </object_component>
      <object_component id="oc-4dc">
         <name>.text:strcmp</name>
         <load_address>0x3d0e</load_address>
         <run_address>0x3d0e</run_address>
         <size>0x18</size>
         <input_file_ref idref="fl-108"/>
      </object_component>
      <object_component id="oc-31b">
         <name>.text:strchr</name>
         <load_address>0x3d26</load_address>
         <run_address>0x3d26</run_address>
         <size>0x16</size>
         <input_file_ref idref="fl-ec"/>
      </object_component>
      <object_component id="oc-490">
         <name>.text:strcpy</name>
         <load_address>0x3d3c</load_address>
         <run_address>0x3d3c</run_address>
         <size>0x14</size>
         <input_file_ref idref="fl-109"/>
      </object_component>
      <object_component id="oc-244">
         <name>.text:strlen</name>
         <load_address>0x3d50</load_address>
         <run_address>0x3d50</run_address>
         <size>0x14</size>
         <input_file_ref idref="fl-ed"/>
      </object_component>
      <object_component id="oc-279">
         <name>.text:wcslen</name>
         <load_address>0x3d64</load_address>
         <run_address>0x3d64</run_address>
         <size>0x12</size>
         <input_file_ref idref="fl-f3"/>
      </object_component>
      <object_component id="oc-1d">
         <name>.text:decompress:none:__TI_decompress_none</name>
         <load_address>0x3d76</load_address>
         <run_address>0x3d76</run_address>
         <size>0xe</size>
         <input_file_ref idref="fl-e0"/>
      </object_component>
      <object_component id="oc-6a">
         <name>.text</name>
         <load_address>0x3d84</load_address>
         <run_address>0x3d84</run_address>
         <size>0xe</size>
         <input_file_ref idref="fl-f"/>
      </object_component>
      <object_component id="oc-20f">
         <name>.text:_outc</name>
         <load_address>0x3d92</load_address>
         <run_address>0x3d92</run_address>
         <size>0xa</size>
         <input_file_ref idref="fl-d1"/>
      </object_component>
      <object_component id="oc-228">
         <name>.text:__aeabi_errno_addr</name>
         <load_address>0x3d9c</load_address>
         <run_address>0x3d9c</run_address>
         <size>0x8</size>
         <input_file_ref idref="fl-f0"/>
      </object_component>
      <object_component id="oc-3da">
         <name>.text:malloc</name>
         <load_address>0x3da4</load_address>
         <run_address>0x3da4</run_address>
         <size>0x8</size>
         <input_file_ref idref="fl-ea"/>
      </object_component>
      <object_component id="oc-1d4">
         <name>.text:_outc</name>
         <load_address>0x3dac</load_address>
         <run_address>0x3dac</run_address>
         <size>0x4</size>
         <input_file_ref idref="fl-cf"/>
      </object_component>
      <object_component id="oc-1ce">
         <name>.text:_outs</name>
         <load_address>0x3db0</load_address>
         <run_address>0x3db0</run_address>
         <size>0x4</size>
         <input_file_ref idref="fl-cf"/>
      </object_component>
      <object_component id="oc-ac">
         <name>.text:_system_pre_init</name>
         <load_address>0x3db4</load_address>
         <run_address>0x3db4</run_address>
         <size>0x4</size>
         <input_file_ref idref="fl-f9"/>
      </object_component>
      <object_component id="oc-138">
         <name>.text:abort:abort</name>
         <load_address>0x3db8</load_address>
         <run_address>0x3db8</run_address>
         <size>0x4</size>
         <input_file_ref idref="fl-e2"/>
      </object_component>
      <object_component id="oc-2dd">
         <name>.const:.string:_ctypes_</name>
         <load_address>0x3dbc</load_address>
         <run_address>0x3dbc</run_address>
         <size>0x101</size>
         <input_file_ref idref="fl-e6"/>
      </object_component>
      <object_component id="oc-217">
         <name>.const:.string</name>
         <load_address>0x3ec0</load_address>
         <run_address>0x3ec0</run_address>
         <size>0x3e</size>
         <input_file_ref idref="fl-9"/>
      </object_component>
      <object_component id="oc-1bd">
         <name>.const:$P$T0$1</name>
         <load_address>0x3f00</load_address>
         <run_address>0x3f00</run_address>
         <size>0x30</size>
         <input_file_ref idref="fl-4"/>
      </object_component>
      <object_component id="oc-1a2">
         <name>.const:$P$T0$1</name>
         <load_address>0x3f30</load_address>
         <run_address>0x3f30</run_address>
         <size>0x6</size>
         <input_file_ref idref="fl-a"/>
      </object_component>
      <object_component id="oc-51c">
         <name>.cinit..data.load</name>
         <load_address>0x3f38</load_address>
         <run_address>0x3f38</run_address>
         <size>0x81</size>
      </object_component>
      <object_component id="oc-51a">
         <name>__TI_handler_table</name>
         <load_address>0x3fbc</load_address>
         <run_address>0x3fbc</run_address>
         <size>0xc</size>
      </object_component>
      <object_component id="oc-51d">
         <name>.cinit..bss.load</name>
         <load_address>0x3fc8</load_address>
         <run_address>0x3fc8</run_address>
         <size>0x8</size>
      </object_component>
      <object_component id="oc-51b">
         <name>__TI_cinit_table</name>
         <load_address>0x3fd0</load_address>
         <run_address>0x3fd0</run_address>
         <size>0x10</size>
      </object_component>
      <object_component id="oc-4ee">
         <name>.binit</name>
         <load_address>0x0</load_address>
         <run_address>0x0</run_address>
         <size>0x0</size>
      </object_component>
      <object_component id="oc-d1">
         <name>.data</name>
         <load_address>0x20000602</load_address>
         <run_address>0x20000602</run_address>
         <size>0x1</size>
         <input_file_ref idref="fl-7"/>
      </object_component>
      <object_component id="oc-e1">
         <name>.data</name>
         <load_address>0x20000603</load_address>
         <run_address>0x20000603</run_address>
         <size>0x1</size>
         <input_file_ref idref="fl-8"/>
      </object_component>
      <object_component id="oc-19d">
         <name>.data</name>
         <load_address>0x20000604</load_address>
         <run_address>0x20000604</run_address>
         <size>0x1</size>
         <input_file_ref idref="fl-9"/>
      </object_component>
      <object_component id="oc-19a">
         <name>.data:tasks</name>
         <load_address>0x200005c8</load_address>
         <run_address>0x200005c8</run_address>
         <size>0x10</size>
         <input_file_ref idref="fl-9"/>
      </object_component>
      <object_component id="oc-104">
         <name>.data</name>
         <load_address>0x20000600</load_address>
         <run_address>0x20000600</run_address>
         <size>0x2</size>
         <input_file_ref idref="fl-c"/>
      </object_component>
      <object_component id="oc-176">
         <name>.data</name>
         <load_address>0x200005fc</load_address>
         <run_address>0x200005fc</run_address>
         <size>0x4</size>
         <input_file_ref idref="fl-10"/>
      </object_component>
      <object_component id="oc-1eb">
         <name>.data:$O1$$</name>
         <load_address>0x200005d8</load_address>
         <run_address>0x200005d8</run_address>
         <size>0xc</size>
         <input_file_ref idref="fl-e2"/>
      </object_component>
      <object_component id="oc-1c8">
         <name>.data:$O1$$</name>
         <load_address>0x200005e4</load_address>
         <run_address>0x200005e4</run_address>
         <size>0x8</size>
         <input_file_ref idref="fl-e3"/>
      </object_component>
      <object_component id="oc-1cb">
         <name>.data:_ftable</name>
         <load_address>0x20000400</load_address>
         <run_address>0x20000400</run_address>
         <size>0xf0</size>
         <input_file_ref idref="fl-e7"/>
      </object_component>
      <object_component id="oc-423">
         <name>.data</name>
         <load_address>0x200005b8</load_address>
         <run_address>0x200005b8</run_address>
         <size>0x10</size>
         <input_file_ref idref="fl-e7"/>
      </object_component>
      <object_component id="oc-459">
         <name>.data:$O1$$</name>
         <load_address>0x200005ec</load_address>
         <run_address>0x200005ec</run_address>
         <size>0x8</size>
         <input_file_ref idref="fl-ea"/>
      </object_component>
      <object_component id="oc-1e6">
         <name>.data</name>
         <load_address>0x200005f8</load_address>
         <run_address>0x200005f8</run_address>
         <size>0x4</size>
         <input_file_ref idref="fl-eb"/>
      </object_component>
      <object_component id="oc-3f3">
         <name>.data:_device</name>
         <load_address>0x200004f0</load_address>
         <run_address>0x200004f0</run_address>
         <size>0x78</size>
         <input_file_ref idref="fl-ef"/>
      </object_component>
      <object_component id="oc-3b2">
         <name>.data:_stream</name>
         <load_address>0x20000568</load_address>
         <run_address>0x20000568</run_address>
         <size>0x50</size>
         <input_file_ref idref="fl-ef"/>
      </object_component>
      <object_component id="oc-2cf">
         <name>.data</name>
         <load_address>0x200005f4</load_address>
         <run_address>0x200005f4</run_address>
         <size>0x4</size>
         <input_file_ref idref="fl-f0"/>
      </object_component>
      <object_component id="oc-4a7">
         <name>.bss:_CIOBUF_</name>
         <uninitialized>true</uninitialized>
         <run_address>0x20000608</run_address>
         <size>0x120</size>
         <input_file_ref idref="fl-103"/>
      </object_component>
      <object_component id="oc-cb">
         <name>.common:timer_count</name>
         <uninitialized>true</uninitialized>
         <run_address>0x200007d0</run_address>
         <size>0x2</size>
      </object_component>
      <object_component id="oc-103">
         <name>.common:win</name>
         <uninitialized>true</uninitialized>
         <run_address>0x200007d2</run_address>
         <size>0x1</size>
      </object_component>
      <object_component id="oc-471">
         <name>.common:__TI_tmpnams</name>
         <uninitialized>true</uninitialized>
         <run_address>0x20000728</run_address>
         <size>0xa0</size>
      </object_component>
      <object_component id="oc-482">
         <name>.common:parmbuf</name>
         <uninitialized>true</uninitialized>
         <run_address>0x200007c8</run_address>
         <size>0x8</size>
      </object_component>
      <object_component id="oc-29">
         <name>.sysmem</name>
         <uninitialized>true</uninitialized>
         <run_address>0x20000000</run_address>
         <size>0x10</size>
         <input_file_ref idref="fl-ea"/>
      </object_component>
      <object_component id="oc-520">
         <name>.sysmem</name>
         <uninitialized>true</uninitialized>
         <run_address>0x20000000</run_address>
         <size>0x0</size>
      </object_component>
      <object_component id="oc-2c">
         <name>.stack</name>
         <uninitialized>true</uninitialized>
         <run_address>0x2000fe00</run_address>
         <size>0x4</size>
         <input_file_ref idref="fl-f1"/>
      </object_component>
      <object_component id="oc-51f">
         <name>.stack</name>
         <uninitialized>true</uninitialized>
         <run_address>0x2000fe00</run_address>
         <size>0x0</size>
      </object_component>
      <object_component id="oc-1e3">
         <name>.debug_info</name>
         <load_address>0x0</load_address>
         <run_address>0x0</run_address>
         <size>0x525</size>
         <input_file_ref idref="fl-2"/>
      </object_component>
      <object_component id="oc-df">
         <name>.debug_info</name>
         <load_address>0x525</load_address>
         <run_address>0x525</run_address>
         <size>0x19f</size>
         <input_file_ref idref="fl-2"/>
      </object_component>
      <object_component id="oc-17c">
         <name>.debug_info</name>
         <load_address>0x6c4</load_address>
         <run_address>0x6c4</run_address>
         <size>0x37e2</size>
         <input_file_ref idref="fl-2"/>
      </object_component>
      <object_component id="oc-10a">
         <name>.debug_info</name>
         <load_address>0x3ea6</load_address>
         <run_address>0x3ea6</run_address>
         <size>0x26b</size>
         <input_file_ref idref="fl-2"/>
      </object_component>
      <object_component id="oc-181">
         <name>.debug_info</name>
         <load_address>0x4111</load_address>
         <run_address>0x4111</run_address>
         <size>0x1055</size>
         <input_file_ref idref="fl-2"/>
      </object_component>
      <object_component id="oc-35">
         <name>.debug_info</name>
         <load_address>0x5166</load_address>
         <run_address>0x5166</run_address>
         <size>0x84</size>
         <input_file_ref idref="fl-2"/>
      </object_component>
      <object_component id="oc-18a">
         <name>.debug_info</name>
         <load_address>0x51ea</load_address>
         <run_address>0x51ea</run_address>
         <size>0x2a4</size>
         <input_file_ref idref="fl-2"/>
      </object_component>
      <object_component id="oc-d5">
         <name>.debug_info</name>
         <load_address>0x548e</load_address>
         <run_address>0x548e</run_address>
         <size>0xbb</size>
         <input_file_ref idref="fl-2"/>
      </object_component>
      <object_component id="oc-1dc">
         <name>.debug_info</name>
         <load_address>0x5549</load_address>
         <run_address>0x5549</run_address>
         <size>0x2c</size>
         <input_file_ref idref="fl-2"/>
      </object_component>
      <object_component id="oc-1e5">
         <name>.debug_info</name>
         <load_address>0x5575</load_address>
         <run_address>0x5575</run_address>
         <size>0x547</size>
         <input_file_ref idref="fl-3"/>
      </object_component>
      <object_component id="oc-12d">
         <name>.debug_info</name>
         <load_address>0x5abc</load_address>
         <run_address>0x5abc</run_address>
         <size>0x687</size>
         <input_file_ref idref="fl-3"/>
      </object_component>
      <object_component id="oc-1c1">
         <name>.debug_info</name>
         <load_address>0x6143</load_address>
         <run_address>0x6143</run_address>
         <size>0x585</size>
         <input_file_ref idref="fl-4"/>
      </object_component>
      <object_component id="oc-1be">
         <name>.debug_info</name>
         <load_address>0x66c8</load_address>
         <run_address>0x66c8</run_address>
         <size>0xc5</size>
         <input_file_ref idref="fl-4"/>
      </object_component>
      <object_component id="oc-f8">
         <name>.debug_info</name>
         <load_address>0x678d</load_address>
         <run_address>0x678d</run_address>
         <size>0x23c</size>
         <input_file_ref idref="fl-4"/>
      </object_component>
      <object_component id="oc-222">
         <name>.debug_info</name>
         <load_address>0x69c9</load_address>
         <run_address>0x69c9</run_address>
         <size>0x37e2</size>
         <input_file_ref idref="fl-4"/>
      </object_component>
      <object_component id="oc-cc">
         <name>.debug_info</name>
         <load_address>0xa1ab</load_address>
         <run_address>0xa1ab</run_address>
         <size>0x546</size>
         <input_file_ref idref="fl-5"/>
      </object_component>
      <object_component id="oc-74">
         <name>.debug_info</name>
         <load_address>0xa6f1</load_address>
         <run_address>0xa6f1</run_address>
         <size>0x145</size>
         <input_file_ref idref="fl-5"/>
      </object_component>
      <object_component id="oc-f3">
         <name>.debug_info</name>
         <load_address>0xa836</load_address>
         <run_address>0xa836</run_address>
         <size>0x17c</size>
         <input_file_ref idref="fl-6"/>
      </object_component>
      <object_component id="oc-da">
         <name>.debug_info</name>
         <load_address>0xa9b2</load_address>
         <run_address>0xa9b2</run_address>
         <size>0x525</size>
         <input_file_ref idref="fl-7"/>
      </object_component>
      <object_component id="oc-d2">
         <name>.debug_info</name>
         <load_address>0xaed7</load_address>
         <run_address>0xaed7</run_address>
         <size>0xc6</size>
         <input_file_ref idref="fl-7"/>
      </object_component>
      <object_component id="oc-77">
         <name>.debug_info</name>
         <load_address>0xaf9d</load_address>
         <run_address>0xaf9d</run_address>
         <size>0x36f</size>
         <input_file_ref idref="fl-7"/>
      </object_component>
      <object_component id="oc-e2">
         <name>.debug_info</name>
         <load_address>0xb30c</load_address>
         <run_address>0xb30c</run_address>
         <size>0xc8</size>
         <input_file_ref idref="fl-8"/>
      </object_component>
      <object_component id="oc-7d">
         <name>.debug_info</name>
         <load_address>0xb3d4</load_address>
         <run_address>0xb3d4</run_address>
         <size>0x418</size>
         <input_file_ref idref="fl-8"/>
      </object_component>
      <object_component id="oc-122">
         <name>.debug_info</name>
         <load_address>0xb7ec</load_address>
         <run_address>0xb7ec</run_address>
         <size>0x2c</size>
         <input_file_ref idref="fl-8"/>
      </object_component>
      <object_component id="oc-1a1">
         <name>.debug_info</name>
         <load_address>0xb818</load_address>
         <run_address>0xb818</run_address>
         <size>0x614</size>
         <input_file_ref idref="fl-9"/>
      </object_component>
      <object_component id="oc-19e">
         <name>.debug_info</name>
         <load_address>0xbe2c</load_address>
         <run_address>0xbe2c</run_address>
         <size>0xc3</size>
         <input_file_ref idref="fl-9"/>
      </object_component>
      <object_component id="oc-19b">
         <name>.debug_info</name>
         <load_address>0xbeef</load_address>
         <run_address>0xbeef</run_address>
         <size>0xc3</size>
         <input_file_ref idref="fl-9"/>
      </object_component>
      <object_component id="oc-e7">
         <name>.debug_info</name>
         <load_address>0xbfb2</load_address>
         <run_address>0xbfb2</run_address>
         <size>0x311</size>
         <input_file_ref idref="fl-9"/>
      </object_component>
      <object_component id="oc-1a6">
         <name>.debug_info</name>
         <load_address>0xc2c3</load_address>
         <run_address>0xc2c3</run_address>
         <size>0x59e</size>
         <input_file_ref idref="fl-a"/>
      </object_component>
      <object_component id="oc-1a3">
         <name>.debug_info</name>
         <load_address>0xc861</load_address>
         <run_address>0xc861</run_address>
         <size>0xc7</size>
         <input_file_ref idref="fl-a"/>
      </object_component>
      <object_component id="oc-ed">
         <name>.debug_info</name>
         <load_address>0xc928</load_address>
         <run_address>0xc928</run_address>
         <size>0x21e</size>
         <input_file_ref idref="fl-a"/>
      </object_component>
      <object_component id="oc-ce">
         <name>.debug_info</name>
         <load_address>0xcb46</load_address>
         <run_address>0xcb46</run_address>
         <size>0x622</size>
         <input_file_ref idref="fl-c"/>
      </object_component>
      <object_component id="oc-105">
         <name>.debug_info</name>
         <load_address>0xd168</load_address>
         <run_address>0xd168</run_address>
         <size>0xd6</size>
         <input_file_ref idref="fl-c"/>
      </object_component>
      <object_component id="oc-85">
         <name>.debug_info</name>
         <load_address>0xd23e</load_address>
         <run_address>0xd23e</run_address>
         <size>0x272</size>
         <input_file_ref idref="fl-c"/>
      </object_component>
      <object_component id="oc-b4">
         <name>.debug_info</name>
         <load_address>0xd4b0</load_address>
         <run_address>0xd4b0</run_address>
         <size>0x1cc</size>
         <input_file_ref idref="fl-d"/>
      </object_component>
      <object_component id="oc-8a">
         <name>.debug_info</name>
         <load_address>0xd67c</load_address>
         <run_address>0xd67c</run_address>
         <size>0x2c1</size>
         <input_file_ref idref="fl-f"/>
      </object_component>
      <object_component id="oc-27">
         <name>.debug_info</name>
         <load_address>0xd93d</load_address>
         <run_address>0xd93d</run_address>
         <size>0xed</size>
         <input_file_ref idref="fl-f"/>
      </object_component>
      <object_component id="oc-6b">
         <name>.debug_info</name>
         <load_address>0xda2a</load_address>
         <run_address>0xda2a</run_address>
         <size>0x1b4</size>
         <input_file_ref idref="fl-f"/>
      </object_component>
      <object_component id="oc-177">
         <name>.debug_info</name>
         <load_address>0xdbde</load_address>
         <run_address>0xdbde</run_address>
         <size>0xe6</size>
         <input_file_ref idref="fl-10"/>
      </object_component>
      <object_component id="oc-c7">
         <name>.debug_info</name>
         <load_address>0xdcc4</load_address>
         <run_address>0xdcc4</run_address>
         <size>0x258</size>
         <input_file_ref idref="fl-10"/>
      </object_component>
      <object_component id="oc-1ae">
         <name>.debug_info</name>
         <load_address>0xdf1c</load_address>
         <run_address>0xdf1c</run_address>
         <size>0x473</size>
         <input_file_ref idref="fl-ca"/>
      </object_component>
      <object_component id="oc-2d6">
         <name>.debug_info</name>
         <load_address>0xe38f</load_address>
         <run_address>0xe38f</run_address>
         <size>0x46</size>
         <input_file_ref idref="fl-ca"/>
      </object_component>
      <object_component id="oc-239">
         <name>.debug_info</name>
         <load_address>0xe3d5</load_address>
         <run_address>0xe3d5</run_address>
         <size>0x39</size>
         <input_file_ref idref="fl-ca"/>
      </object_component>
      <object_component id="oc-38f">
         <name>.debug_info</name>
         <load_address>0xe40e</load_address>
         <run_address>0xe40e</run_address>
         <size>0x2fd</size>
         <input_file_ref idref="fl-cd"/>
      </object_component>
      <object_component id="oc-316">
         <name>.debug_info</name>
         <load_address>0xe70b</load_address>
         <run_address>0xe70b</run_address>
         <size>0x225</size>
         <input_file_ref idref="fl-cd"/>
      </object_component>
      <object_component id="oc-3c2">
         <name>.debug_info</name>
         <load_address>0xe930</load_address>
         <run_address>0xe930</run_address>
         <size>0x39</size>
         <input_file_ref idref="fl-cd"/>
      </object_component>
      <object_component id="oc-383">
         <name>.debug_info</name>
         <load_address>0xe969</load_address>
         <run_address>0xe969</run_address>
         <size>0x2c</size>
         <input_file_ref idref="fl-cd"/>
      </object_component>
      <object_component id="oc-389">
         <name>.debug_info</name>
         <load_address>0xe995</load_address>
         <run_address>0xe995</run_address>
         <size>0x161</size>
         <input_file_ref idref="fl-ce"/>
      </object_component>
      <object_component id="oc-1db">
         <name>.debug_info</name>
         <load_address>0xeaf6</load_address>
         <run_address>0xeaf6</run_address>
         <size>0x3e5</size>
         <input_file_ref idref="fl-cf"/>
      </object_component>
      <object_component id="oc-1d5">
         <name>.debug_info</name>
         <load_address>0xeedb</load_address>
         <run_address>0xeedb</run_address>
         <size>0x157</size>
         <input_file_ref idref="fl-cf"/>
      </object_component>
      <object_component id="oc-1d1">
         <name>.debug_info</name>
         <load_address>0xf032</load_address>
         <run_address>0xf032</run_address>
         <size>0x166</size>
         <input_file_ref idref="fl-cf"/>
      </object_component>
      <object_component id="oc-fe">
         <name>.debug_info</name>
         <load_address>0xf198</load_address>
         <run_address>0xf198</run_address>
         <size>0x1ac</size>
         <input_file_ref idref="fl-cf"/>
      </object_component>
      <object_component id="oc-2a9">
         <name>.debug_info</name>
         <load_address>0xf344</load_address>
         <run_address>0xf344</run_address>
         <size>0xb2</size>
         <input_file_ref idref="fl-cf"/>
      </object_component>
      <object_component id="oc-280">
         <name>.debug_info</name>
         <load_address>0xf3f6</load_address>
         <run_address>0xf3f6</run_address>
         <size>0x590</size>
         <input_file_ref idref="fl-d0"/>
      </object_component>
      <object_component id="oc-251">
         <name>.debug_info</name>
         <load_address>0xf986</load_address>
         <run_address>0xf986</run_address>
         <size>0x21e</size>
         <input_file_ref idref="fl-d0"/>
      </object_component>
      <object_component id="oc-2f5">
         <name>.debug_info</name>
         <load_address>0xfba4</load_address>
         <run_address>0xfba4</run_address>
         <size>0x1b3</size>
         <input_file_ref idref="fl-d0"/>
      </object_component>
      <object_component id="oc-2fb">
         <name>.debug_info</name>
         <load_address>0xfd57</load_address>
         <run_address>0xfd57</run_address>
         <size>0x21b</size>
         <input_file_ref idref="fl-d0"/>
      </object_component>
      <object_component id="oc-25c">
         <name>.debug_info</name>
         <load_address>0xff72</load_address>
         <run_address>0xff72</run_address>
         <size>0x3c0</size>
         <input_file_ref idref="fl-d0"/>
      </object_component>
      <object_component id="oc-302">
         <name>.debug_info</name>
         <load_address>0x10332</load_address>
         <run_address>0x10332</run_address>
         <size>0x30a</size>
         <input_file_ref idref="fl-d0"/>
      </object_component>
      <object_component id="oc-308">
         <name>.debug_info</name>
         <load_address>0x1063c</load_address>
         <run_address>0x1063c</run_address>
         <size>0x215</size>
         <input_file_ref idref="fl-d0"/>
      </object_component>
      <object_component id="oc-262">
         <name>.debug_info</name>
         <load_address>0x10851</load_address>
         <run_address>0x10851</run_address>
         <size>0x215</size>
         <input_file_ref idref="fl-d0"/>
      </object_component>
      <object_component id="oc-268">
         <name>.debug_info</name>
         <load_address>0x10a66</load_address>
         <run_address>0x10a66</run_address>
         <size>0x304</size>
         <input_file_ref idref="fl-d0"/>
      </object_component>
      <object_component id="oc-26e">
         <name>.debug_info</name>
         <load_address>0x10d6a</load_address>
         <run_address>0x10d6a</run_address>
         <size>0x4b5</size>
         <input_file_ref idref="fl-d0"/>
      </object_component>
      <object_component id="oc-1c3">
         <name>.debug_info</name>
         <load_address>0x1121f</load_address>
         <run_address>0x1121f</run_address>
         <size>0x5f4</size>
         <input_file_ref idref="fl-d0"/>
      </object_component>
      <object_component id="oc-281">
         <name>.debug_info</name>
         <load_address>0x11813</load_address>
         <run_address>0x11813</run_address>
         <size>0x86</size>
         <input_file_ref idref="fl-d0"/>
      </object_component>
      <object_component id="oc-332">
         <name>.debug_info</name>
         <load_address>0x11899</load_address>
         <run_address>0x11899</run_address>
         <size>0x39</size>
         <input_file_ref idref="fl-d0"/>
      </object_component>
      <object_component id="oc-39b">
         <name>.debug_info</name>
         <load_address>0x118d2</load_address>
         <run_address>0x118d2</run_address>
         <size>0xb6</size>
         <input_file_ref idref="fl-d0"/>
      </object_component>
      <object_component id="oc-337">
         <name>.debug_info</name>
         <load_address>0x11988</load_address>
         <run_address>0x11988</run_address>
         <size>0x46</size>
         <input_file_ref idref="fl-d0"/>
      </object_component>
      <object_component id="oc-286">
         <name>.debug_info</name>
         <load_address>0x119ce</load_address>
         <run_address>0x119ce</run_address>
         <size>0x46</size>
         <input_file_ref idref="fl-d0"/>
      </object_component>
      <object_component id="oc-32d">
         <name>.debug_info</name>
         <load_address>0x11a14</load_address>
         <run_address>0x11a14</run_address>
         <size>0x2c</size>
         <input_file_ref idref="fl-d0"/>
      </object_component>
      <object_component id="oc-216">
         <name>.debug_info</name>
         <load_address>0x11a40</load_address>
         <run_address>0x11a40</run_address>
         <size>0x333</size>
         <input_file_ref idref="fl-d1"/>
      </object_component>
      <object_component id="oc-195">
         <name>.debug_info</name>
         <load_address>0x11d73</load_address>
         <run_address>0x11d73</run_address>
         <size>0x1d1</size>
         <input_file_ref idref="fl-d1"/>
      </object_component>
      <object_component id="oc-20a">
         <name>.debug_info</name>
         <load_address>0x11f44</load_address>
         <run_address>0x11f44</run_address>
         <size>0x18d</size>
         <input_file_ref idref="fl-d1"/>
      </object_component>
      <object_component id="oc-210">
         <name>.debug_info</name>
         <load_address>0x120d1</load_address>
         <run_address>0x120d1</run_address>
         <size>0x16d</size>
         <input_file_ref idref="fl-d1"/>
      </object_component>
      <object_component id="oc-35c">
         <name>.debug_info</name>
         <load_address>0x1223e</load_address>
         <run_address>0x1223e</run_address>
         <size>0x383</size>
         <input_file_ref idref="fl-d2"/>
      </object_component>
      <object_component id="oc-2a1">
         <name>.debug_info</name>
         <load_address>0x125c1</load_address>
         <run_address>0x125c1</run_address>
         <size>0x1ea</size>
         <input_file_ref idref="fl-d2"/>
      </object_component>
      <object_component id="oc-35a">
         <name>.debug_info</name>
         <load_address>0x127ab</load_address>
         <run_address>0x127ab</run_address>
         <size>0x3fc</size>
         <input_file_ref idref="fl-d3"/>
      </object_component>
      <object_component id="oc-29a">
         <name>.debug_info</name>
         <load_address>0x12ba7</load_address>
         <run_address>0x12ba7</run_address>
         <size>0x2e2</size>
         <input_file_ref idref="fl-d3"/>
      </object_component>
      <object_component id="oc-3ad">
         <name>.debug_info</name>
         <load_address>0x12e89</load_address>
         <run_address>0x12e89</run_address>
         <size>0x300</size>
         <input_file_ref idref="fl-d4"/>
      </object_component>
      <object_component id="oc-343">
         <name>.debug_info</name>
         <load_address>0x13189</load_address>
         <run_address>0x13189</run_address>
         <size>0x19c</size>
         <input_file_ref idref="fl-d4"/>
      </object_component>
      <object_component id="oc-3e8">
         <name>.debug_info</name>
         <load_address>0x13325</load_address>
         <run_address>0x13325</run_address>
         <size>0xbf</size>
         <input_file_ref idref="fl-d4"/>
      </object_component>
      <object_component id="oc-3e7">
         <name>.debug_info</name>
         <load_address>0x133e4</load_address>
         <run_address>0x133e4</run_address>
         <size>0x374</size>
         <input_file_ref idref="fl-d5"/>
      </object_component>
      <object_component id="oc-3a7">
         <name>.debug_info</name>
         <load_address>0x13758</load_address>
         <run_address>0x13758</run_address>
         <size>0x20b</size>
         <input_file_ref idref="fl-d5"/>
      </object_component>
      <object_component id="oc-1b4">
         <name>.debug_info</name>
         <load_address>0x13963</load_address>
         <run_address>0x13963</run_address>
         <size>0x14c</size>
         <input_file_ref idref="fl-d6"/>
      </object_component>
      <object_component id="oc-258">
         <name>.debug_info</name>
         <load_address>0x13aaf</load_address>
         <run_address>0x13aaf</run_address>
         <size>0x128</size>
         <input_file_ref idref="fl-d7"/>
      </object_component>
      <object_component id="oc-2ea">
         <name>.debug_info</name>
         <load_address>0x13bd7</load_address>
         <run_address>0x13bd7</run_address>
         <size>0x12a</size>
         <input_file_ref idref="fl-d7"/>
      </object_component>
      <object_component id="oc-236">
         <name>.debug_info</name>
         <load_address>0x13d01</load_address>
         <run_address>0x13d01</run_address>
         <size>0x13a</size>
         <input_file_ref idref="fl-d8"/>
      </object_component>
      <object_component id="oc-230">
         <name>.debug_info</name>
         <load_address>0x13e3b</load_address>
         <run_address>0x13e3b</run_address>
         <size>0x13a</size>
         <input_file_ref idref="fl-d9"/>
      </object_component>
      <object_component id="oc-1bb">
         <name>.debug_info</name>
         <load_address>0x13f75</load_address>
         <run_address>0x13f75</run_address>
         <size>0x12e</size>
         <input_file_ref idref="fl-da"/>
      </object_component>
      <object_component id="oc-1a9">
         <name>.debug_info</name>
         <load_address>0x140a3</load_address>
         <run_address>0x140a3</run_address>
         <size>0x12c</size>
         <input_file_ref idref="fl-db"/>
      </object_component>
      <object_component id="oc-3b">
         <name>.debug_info</name>
         <load_address>0x141cf</load_address>
         <run_address>0x141cf</run_address>
         <size>0x119</size>
         <input_file_ref idref="fl-dc"/>
      </object_component>
      <object_component id="oc-a7">
         <name>.debug_info</name>
         <load_address>0x142e8</load_address>
         <run_address>0x142e8</run_address>
         <size>0x147</size>
         <input_file_ref idref="fl-dd"/>
      </object_component>
      <object_component id="oc-2e4">
         <name>.debug_info</name>
         <load_address>0x1442f</load_address>
         <run_address>0x1442f</run_address>
         <size>0x134</size>
         <input_file_ref idref="fl-de"/>
      </object_component>
      <object_component id="oc-a5">
         <name>.debug_info</name>
         <load_address>0x14563</load_address>
         <run_address>0x14563</run_address>
         <size>0x2d4</size>
         <input_file_ref idref="fl-df"/>
      </object_component>
      <object_component id="oc-47">
         <name>.debug_info</name>
         <load_address>0x14837</load_address>
         <run_address>0x14837</run_address>
         <size>0x1d2</size>
         <input_file_ref idref="fl-df"/>
      </object_component>
      <object_component id="oc-a0">
         <name>.debug_info</name>
         <load_address>0x14a09</load_address>
         <run_address>0x14a09</run_address>
         <size>0x46</size>
         <input_file_ref idref="fl-df"/>
      </object_component>
      <object_component id="oc-45">
         <name>.debug_info</name>
         <load_address>0x14a4f</load_address>
         <run_address>0x14a4f</run_address>
         <size>0x2a8</size>
         <input_file_ref idref="fl-e0"/>
      </object_component>
      <object_component id="oc-21">
         <name>.debug_info</name>
         <load_address>0x14cf7</load_address>
         <run_address>0x14cf7</run_address>
         <size>0x1ea</size>
         <input_file_ref idref="fl-e0"/>
      </object_component>
      <object_component id="oc-40">
         <name>.debug_info</name>
         <load_address>0x14ee1</load_address>
         <run_address>0x14ee1</run_address>
         <size>0x46</size>
         <input_file_ref idref="fl-e0"/>
      </object_component>
      <object_component id="oc-98">
         <name>.debug_info</name>
         <load_address>0x14f27</load_address>
         <run_address>0x14f27</run_address>
         <size>0x2c</size>
         <input_file_ref idref="fl-e0"/>
      </object_component>
      <object_component id="oc-96">
         <name>.debug_info</name>
         <load_address>0x14f53</load_address>
         <run_address>0x14f53</run_address>
         <size>0x29e</size>
         <input_file_ref idref="fl-e1"/>
      </object_component>
      <object_component id="oc-19">
         <name>.debug_info</name>
         <load_address>0x151f1</load_address>
         <run_address>0x151f1</run_address>
         <size>0x250</size>
         <input_file_ref idref="fl-e1"/>
      </object_component>
      <object_component id="oc-30">
         <name>.debug_info</name>
         <load_address>0x15441</load_address>
         <run_address>0x15441</run_address>
         <size>0x60</size>
         <input_file_ref idref="fl-e1"/>
      </object_component>
      <object_component id="oc-11b">
         <name>.debug_info</name>
         <load_address>0x154a1</load_address>
         <run_address>0x154a1</run_address>
         <size>0x46</size>
         <input_file_ref idref="fl-e1"/>
      </object_component>
      <object_component id="oc-91">
         <name>.debug_info</name>
         <load_address>0x154e7</load_address>
         <run_address>0x154e7</run_address>
         <size>0x39</size>
         <input_file_ref idref="fl-e1"/>
      </object_component>
      <object_component id="oc-1ef">
         <name>.debug_info</name>
         <load_address>0x15520</load_address>
         <run_address>0x15520</run_address>
         <size>0x3ad</size>
         <input_file_ref idref="fl-e2"/>
      </object_component>
      <object_component id="oc-1ec">
         <name>.debug_info</name>
         <load_address>0x158cd</load_address>
         <run_address>0x158cd</run_address>
         <size>0x190</size>
         <input_file_ref idref="fl-e2"/>
      </object_component>
      <object_component id="oc-139">
         <name>.debug_info</name>
         <load_address>0x15a5d</load_address>
         <run_address>0x15a5d</run_address>
         <size>0x122</size>
         <input_file_ref idref="fl-e2"/>
      </object_component>
      <object_component id="oc-13f">
         <name>.debug_info</name>
[...]
      </symbol>
      <symbol id="sm-505">
         <name>__aeabi_dadd</name>
         <value>0x171b</value>
         <object_component_ref idref="oc-1b3"/>
      </symbol>
      <symbol id="sm-527">
         <name>__aeabi_cdcmpeq</name>
         <value>0x2e9d</value>
         <object_component_ref idref="oc-256"/>
      </symbol>
      <symbol id="sm-528">
         <name>__aeabi_cdcmple</name>
         <value>0x2e9d</value>
         <object_component_ref idref="oc-256"/>
      </symbol>
      <symbol id="sm-529">
         <name>__aeabi_cdrcmple</name>
         <value>0x2f23</value>
         <object_component_ref idref="oc-2e9"/>
      </symbol>
      <symbol id="sm-53d">
         <name>__aeabi_ddiv</name>
         <value>0x1fc5</value>
         <object_component_ref idref="oc-233"/>
      </symbol>
      <symbol id="sm-548">
         <name>__aeabi_dmul</name>
         <value>0x288d</value>
         <object_component_ref idref="oc-22e"/>
      </symbol>
      <symbol id="sm-552">
         <name>__aeabi_d2iz</name>
         <value>0x384d</value>
         <object_component_ref idref="oc-1b8"/>
      </symbol>
      <symbol id="sm-55c">
         <name>__aeabi_i2d</name>
         <value>0x3b95</value>
         <object_component_ref idref="oc-1a8"/>
      </symbol>
      <symbol id="sm-577">
         <name>memcpy</name>
         <value>0x2cdf</value>
         <object_component_ref idref="oc-3a"/>
      </symbol>
      <symbol id="sm-578">
         <name>__aeabi_memcpy</name>
         <value>0x2cdf</value>
         <object_component_ref idref="oc-3a"/>
      </symbol>
      <symbol id="sm-579">
         <name>__aeabi_memcpy8</name>
         <value>0x2cdf</value>
         <object_component_ref idref="oc-3a"/>
      </symbol>
      <symbol id="sm-57a">
         <name>__aeabi_memcpy4</name>
         <value>0x2cdf</value>
         <object_component_ref idref="oc-3a"/>
      </symbol>
      <symbol id="sm-589">
         <name>__aeabi_memset</name>
         <value>0x2fab</value>
         <object_component_ref idref="oc-a6"/>
      </symbol>
      <symbol id="sm-58a">
         <name>memset</name>
         <value>0x2fb1</value>
         <object_component_ref idref="oc-a6"/>
      </symbol>
      <symbol id="sm-58b">
         <name>__aeabi_memset8</name>
         <value>0x2fab</value>
         <object_component_ref idref="oc-a6"/>
      </symbol>
      <symbol id="sm-58c">
         <name>__aeabi_memset4</name>
         <value>0x2fab</value>
         <object_component_ref idref="oc-a6"/>
      </symbol>
      <symbol id="sm-58d">
         <name>__aeabi_memclr8</name>
         <value>0x2fa9</value>
         <object_component_ref idref="oc-a6"/>
      </symbol>
      <symbol id="sm-58e">
         <name>__aeabi_memclr4</name>
         <value>0x2fa9</value>
         <object_component_ref idref="oc-a6"/>
      </symbol>
      <symbol id="sm-58f">
         <name>__aeabi_memclr</name>
         <value>0x2fa9</value>
         <object_component_ref idref="oc-a6"/>
      </symbol>
      <symbol id="sm-59c">
         <name>__aeabi_uldivmod</name>
         <value>0x2d7b</value>
         <object_component_ref idref="oc-2e2"/>
      </symbol>
      <symbol id="sm-5b0">
         <name>__TI_zero_init_nomemset</name>
         <value>0x3c89</value>
         <object_component_ref idref="oc-46"/>
      </symbol>
      <symbol id="sm-5c7">
         <name>__TI_decompress_none</name>
         <value>0x3d77</value>
         <object_component_ref idref="oc-1d"/>
      </symbol>
      <symbol id="sm-5ea">
         <name>__TI_decompress_lzss</name>
         <value>0x324d</value>
         <object_component_ref idref="oc-17"/>
      </symbol>
      <symbol id="sm-610">
         <name>C$$EXIT</name>
         <value>0x3db9</value>
         <object_component_ref idref="oc-138"/>
      </symbol>
      <symbol id="sm-611">
         <name>abort</name>
         <value>0x3db9</value>
         <object_component_ref idref="oc-138"/>
      </symbol>
      <symbol id="sm-612">
         <name>__TI_dtors_ptr</name>
         <value>0x200005dc</value>
         <object_component_ref idref="oc-1eb"/>
      </symbol>
      <symbol id="sm-613">
         <name>__TI_cleanup_ptr</name>
         <value>0x200005d8</value>
         <object_component_ref idref="oc-1eb"/>
      </symbol>
      <symbol id="sm-614">
         <name>__TI_enable_exit_profile_output</name>
         <value>0x200005e0</value>
         <object_component_ref idref="oc-1eb"/>
      </symbol>
      <symbol id="sm-615">
         <name>exit</name>
         <value>0x3805</value>
         <object_component_ref idref="oc-13e"/>
      </symbol>
      <symbol id="sm-62a">
         <name>_nop</name>
         <value>0xb33</value>
         <object_component_ref idref="oc-28b"/>
      </symbol>
      <symbol id="sm-62b">
         <name>_lock</name>
         <value>0x200005e4</value>
         <object_component_ref idref="oc-1c8"/>
      </symbol>
      <symbol id="sm-62c">
         <name>_unlock</name>
         <value>0x200005e8</value>
         <object_component_ref idref="oc-1c8"/>
      </symbol>
      <symbol id="sm-63b">
         <name>__TI_ltoa</name>
         <value>0x36c7</value>
         <object_component_ref idref="oc-2ee"/>
      </symbol>
      <symbol id="sm-651">
         <name>atoi</name>
         <value>0x37b9</value>
         <object_component_ref idref="oc-24a"/>
      </symbol>
      <symbol id="sm-65c">
         <name>_ctypes_</name>
         <value>0x3dbc</value>
         <object_component_ref idref="oc-2dd"/>
      </symbol>
      <symbol id="sm-671">
         <name>__TI_tmpnams</name>
         <value>0x20000728</value>
      </symbol>
      <symbol id="sm-672">
         <name>__aeabi_stdout</name>
         <value>0x200005c0</value>
         <object_component_ref idref="oc-423"/>
      </symbol>
      <symbol id="sm-673">
         <name>__aeabi_stderr</name>
         <value>0x200005c4</value>
         <object_component_ref idref="oc-423"/>
      </symbol>
      <symbol id="sm-674">
         <name>__aeabi_stdin</name>
         <value>0x200005bc</value>
         <object_component_ref idref="oc-423"/>
      </symbol>
      <symbol id="sm-675">
         <name>_ftable</name>
         <value>0x20000400</value>
         <object_component_ref idref="oc-1cb"/>
      </symbol>
      <symbol id="sm-676">
         <name>__TI_ft_end</name>
         <value>0x200005b8</value>
         <object_component_ref idref="oc-423"/>
      </symbol>
      <symbol id="sm-686">
         <name>memccpy</name>
         <value>0x3cc1</value>
         <object_component_ref idref="oc-273"/>
      </symbol>
      <symbol id="sm-696">
         <name>memchr</name>
         <value>0x3c69</value>
         <object_component_ref idref="oc-347"/>
      </symbol>
      <symbol id="sm-71f">
         <name>_sys_memory</name>
         <value>0x20000000</value>
         <object_component_ref idref="oc-29"/>
      </symbol>
      <symbol id="sm-720">
         <name>free</name>
         <value>0x2a6d</value>
         <object_component_ref idref="oc-3d4"/>
      </symbol>
      <symbol id="sm-721">
         <name>memalign</name>
         <value>0x2685</value>
         <object_component_ref idref="oc-416"/>
      </symbol>
      <symbol id="sm-722">
         <name>malloc</name>
         <value>0x3da5</value>
         <object_component_ref idref="oc-3da"/>
      </symbol>
      <symbol id="sm-723">
         <name>aligned_alloc</name>
         <value>0x2685</value>
         <object_component_ref idref="oc-416"/>
      </symbol>
      <symbol id="sm-739">
         <name>rand</name>
         <value>0x3b31</value>
         <object_component_ref idref="oc-131"/>
      </symbol>
      <symbol id="sm-749">
         <name>strchr</name>
         <value>0x3d27</value>
         <object_component_ref idref="oc-31b"/>
      </symbol>
      <symbol id="sm-757">
         <name>strlen</name>
         <value>0x3d51</value>
         <object_component_ref idref="oc-244"/>
      </symbol>
      <symbol id="sm-771">
         <name>write</name>
         <value>0x3c41</value>
         <object_component_ref idref="oc-353"/>
      </symbol>
      <symbol id="sm-782">
         <name>_stream</name>
         <value>0x20000568</value>
         <object_component_ref idref="oc-3b2"/>
      </symbol>
      <symbol id="sm-783">
         <name>_device</name>
         <value>0x200004f0</value>
         <object_component_ref idref="oc-3f3"/>
      </symbol>
      <symbol id="sm-799">
         <name>__aeabi_errno_addr</name>
         <value>0x3d9d</value>
         <object_component_ref idref="oc-228"/>
      </symbol>
      <symbol id="sm-79a">
         <name>errno</name>
         <value>0x200005f4</value>
         <object_component_ref idref="oc-2cf"/>
      </symbol>
      <symbol id="sm-7ad">
         <name>__stack</name>
         <value>0x2000fe00</value>
         <object_component_ref idref="oc-2c"/>
      </symbol>
      <symbol id="sm-7ae">
         <name>_c_int00_noargs</name>
         <value>0x3afd</value>
         <object_component_ref idref="oc-58"/>
      </symbol>
      <symbol id="sm-7c4">
         <name>frexpl</name>
         <value>0x3381</value>
         <object_component_ref idref="oc-30f"/>
      </symbol>
      <symbol id="sm-7c5">
         <name>frexp</name>
         <value>0x3381</value>
         <object_component_ref idref="oc-30f"/>
      </symbol>
      <symbol id="sm-7de">
         <name>wcslen</name>
         <value>0x3d65</value>
         <object_component_ref idref="oc-279"/>
      </symbol>
      <symbol id="sm-7ee">
         <name>__TI_doflush</name>
         <value>0x376d</value>
         <object_component_ref idref="oc-34d"/>
      </symbol>
      <symbol id="sm-7fe">
         <name>__TI_cleanup</name>
         <value>0x3a95</value>
         <object_component_ref idref="oc-3e0"/>
      </symbol>
      <symbol id="sm-810">
         <name>fseek</name>
         <value>0x33e5</value>
         <object_component_ref idref="oc-3a0"/>
      </symbol>
      <symbol id="sm-81a">
         <name>__aeabi_idiv0</name>
         <value>0x18c7</value>
         <object_component_ref idref="oc-374"/>
      </symbol>
      <symbol id="sm-81b">
         <name>__aeabi_ldiv0</name>
         <value>0x18c7</value>
         <object_component_ref idref="oc-374"/>
      </symbol>
      <symbol id="sm-843">
         <name>__TI_auto_init_nobinit_nopinit</name>
         <value>0x391d</value>
         <object_component_ref idref="oc-144"/>
      </symbol>
      <symbol id="sm-84d">
         <name>_system_pre_init</name>
         <value>0x3db5</value>
         <object_component_ref idref="oc-ac"/>
      </symbol>
      <symbol id="sm-860">
         <name>HOSTclose</name>
         <value>0x3895</value>
         <object_component_ref idref="oc-42f"/>
      </symbol>
      <symbol id="sm-871">
         <name>HOSTlseek</name>
         <value>0x31e5</value>
         <object_component_ref idref="oc-441"/>
      </symbol>
      <symbol id="sm-883">
         <name>parmbuf</name>
         <value>0x200007c8</value>
      </symbol>
      <symbol id="sm-884">
         <name>HOSTopen</name>
         <value>0x34ad</value>
         <object_component_ref idref="oc-429"/>
      </symbol>
      <symbol id="sm-895">
         <name>HOSTread</name>
         <value>0x3569</value>
         <object_component_ref idref="oc-435"/>
      </symbol>
      <symbol id="sm-8a6">
         <name>HOSTrename</name>
         <value>0x3179</value>
         <object_component_ref idref="oc-44d"/>
      </symbol>
      <symbol id="sm-8b7">
         <name>HOSTunlink</name>
         <value>0x38d9</value>
         <object_component_ref idref="oc-447"/>
      </symbol>
      <symbol id="sm-8c8">
         <name>HOSTwrite</name>
         <value>0x35c1</value>
         <object_component_ref idref="oc-43b"/>
      </symbol>
      <symbol id="sm-8ec">
         <name>__TI_readmsg</name>
         <value>0x3ac9</value>
         <object_component_ref idref="oc-47c"/>
      </symbol>
      <symbol id="sm-8ed">
         <name>C$$IO$$</name>
         <value>0x3a53</value>
         <object_component_ref idref="oc-476"/>
      </symbol>
      <symbol id="sm-8ee">
         <name>__CIOBUF_</name>
         <value>0x20000608</value>
         <object_component_ref idref="oc-4a7"/>
      </symbol>
      <symbol id="sm-8ef">
         <name>__TI_writemsg</name>
         <value>0x3a25</value>
         <object_component_ref idref="oc-476"/>
      </symbol>
      <symbol id="sm-900">
         <name>lseek</name>
         <value>0x3c19</value>
         <object_component_ref idref="oc-3cc"/>
      </symbol>
      <symbol id="sm-915">
         <name>__TI_closefile</name>
         <value>0x3025</value>
         <object_component_ref idref="oc-41d"/>
      </symbol>
      <symbol id="sm-938">
         <name>finddevice</name>
         <value>0x3b65</value>
         <object_component_ref idref="oc-4c5"/>
      </symbol>
      <symbol id="sm-939">
         <name>getdevice</name>
         <value>0x3961</value>
         <object_component_ref idref="oc-49d"/>
      </symbol>
      <symbol id="sm-948">
         <name>strcmp</name>
         <value>0x3d0f</value>
         <object_component_ref idref="oc-4dc"/>
      </symbol>
      <symbol id="sm-956">
         <name>strcpy</name>
         <value>0x3d3d</value>
         <object_component_ref idref="oc-490"/>
      </symbol>
      <symbol id="sm-966">
         <name>strncpy</name>
         <value>0x3a5d</value>
         <object_component_ref idref="oc-4bf"/>
      </symbol>
      <symbol id="sm-97b">
         <name>close</name>
         <value>0x350d</value>
         <object_component_ref idref="oc-465"/>
      </symbol>
      <symbol id="sm-98b">
         <name>unlink</name>
         <value>0x3bc5</value>
         <object_component_ref idref="oc-46b"/>
      </symbol>
      <symbol id="sm-98c">
         <name>__TI_static_base__</name>
         <value>0x0</value>
      </symbol>
      <symbol id="sm-98f">
         <name>__mpu_init</name>
         <value>0x0</value>
      </symbol>
      <symbol id="sm-990">
         <name>_system_post_cinit</name>
         <value>0x0</value>
      </symbol>
      <symbol id="sm-991">
         <name>NMI_Handler</name>
         <value>0x3d91</value>
      </symbol>
      <symbol id="sm-992">
         <name>HardFault_Handler</name>
         <value>0x3d91</value>
      </symbol>
      <symbol id="sm-993">
         <name>MemManage_Handler</name>
         <value>0x3d91</value>
      </symbol>
      <symbol id="sm-994">
         <name>BusFault_Handler</name>
         <value>0x3d91</value>
      </symbol>
      <symbol id="sm-995">
         <name>UsageFault_Handler</name>
         <value>0x3d91</value>
      </symbol>
      <symbol id="sm-996">
         <name>SVC_Handler</name>
         <value>0x3d91</value>
      </symbol>
      <symbol id="sm-997">
         <name>DebugMon_Handler</name>
         <value>0x3d91</value>
      </symbol>
      <symbol id="sm-998">
         <name>PendSV_Handler</name>
         <value>0x3d91</value>
      </symbol>
      <symbol id="sm-999">
         <name>SysTick_Handler</name>
         <value>0x3d91</value>
      </symbol>
      <symbol id="sm-99a">
         <name>PSS_IRQHandler</name>
         <value>0x3d91</value>
      </symbol>
      <symbol id="sm-99b">
         <name>CS_IRQHandler</name>
         <value>0x3d91</value>
      </symbol>
      <symbol id="sm-99c">
         <name>PCM_IRQHandler</name>
         <value>0x3d91</value>
      </symbol>
      <symbol id="sm-99d">
         <name>WDT_A_IRQHandler</name>
         <value>0x3d91</value>
      </symbol>
      <symbol id="sm-99e">
         <name>FPU_IRQHandler</name>
         <value>0x3d91</value>
      </symbol>
      <symbol id="sm-99f">
         <name>FLCTL_IRQHandler</name>
         <value>0x3d91</value>
      </symbol>
      <symbol id="sm-9a0">
         <name>COMP_E0_IRQHandler</name>
         <value>0x3d91</value>
      </symbol>
      <symbol id="sm-9a1">
         <name>COMP_E1_IRQHandler</name>
         <value>0x3d91</value>
      </symbol>
      <symbol id="sm-9a2">
         <name>TA0_0_IRQHandler</name>
         <value>0x3355</value>
      </symbol>
      <symbol id="sm-9a3">
         <name>TA0_N_IRQHandler</name>
         <value>0x3d91</value>
      </symbol>
      <symbol id="sm-9a4">
         <name>TA1_0_IRQHandler</name>
         <value>0x3d91</value>
      </symbol>
      <symbol id="sm-9a5">
         <name>TA1_N_IRQHandler</name>
         <value>0x3d91</value>
      </symbol>
      <symbol id="sm-9a6">
         <name>TA2_0_IRQHandler</name>
         <value>0x3d91</value>
      </symbol>
      <symbol id="sm-9a7">
         <name>TA2_N_IRQHandler</name>
         <value>0x3d91</value>
      </symbol>
      <symbol id="sm-9a8">
         <name>TA3_0_IRQHandler</name>
         <value>0x3d91</value>
      </symbol>
      <symbol id="sm-9a9">
         <name>TA3_N_IRQHandler</name>
         <value>0x3d91</value>
      </symbol>
      <symbol id="sm-9aa">
         <name>EUSCIA0_IRQHandler</name>
         <value>0x1df9</value>
      </symbol>
      <symbol id="sm-9ab">
         <name>EUSCIA1_IRQHandler</name>
         <value>0x3d91</value>
      </symbol>
      <symbol id="sm-9ac">
         <name>EUSCIA2_IRQHandler</name>
         <value>0x3d91</value>
      </symbol>
      <symbol id="sm-9ad">
         <name>EUSCIA3_IRQHandler</name>
         <value>0x3d91</value>
      </symbol>
      <symbol id="sm-9ae">
         <name>EUSCIB0_IRQHandler</name>
         <value>0x3d91</value>
      </symbol>
      <symbol id="sm-9af">
         <name>EUSCIB1_IRQHandler</name>
         <value>0x3d91</value>
      </symbol>
      <symbol id="sm-9b0">
         <name>EUSCIB2_IRQHandler</name>
         <value>0x3d91</value>
      </symbol>
      <symbol id="sm-9b1">
         <name>EUSCIB3_IRQHandler</name>
         <value>0x3d91</value>
      </symbol>
      <symbol id="sm-9b2">
         <name>ADC14_IRQHandler</name>
         <value>0x1a37</value>
      </symbol>
      <symbol id="sm-9b3">
         <name>T32_INT1_IRQHandler</name>
         <value>0x3d91</value>
      </symbol>
      <symbol id="sm-9b4">
         <name>T32_INT2_IRQHandler</name>
         <value>0x3d91</value>
      </symbol>
      <symbol id="sm-9b5">
         <name>T32_INTC_IRQHandler</name>
         <value>0x3d91</value>
      </symbol>
      <symbol id="sm-9b6">
         <name>AES256_IRQHandler</name>
         <value>0x3d91</value>
      </symbol>
      <symbol id="sm-9b7">
         <name>RTC_C_IRQHandler</name>
         <value>0x3d91</value>
      </symbol>
      <symbol id="sm-9b8">
         <name>DMA_ERR_IRQHandler</name>
         <value>0x3d91</value>
      </symbol>
      <symbol id="sm-9b9">
         <name>DMA_INT3_IRQHandler</name>
         <value>0x3d91</value>
      </symbol>
      <symbol id="sm-9ba">
         <name>DMA_INT2_IRQHandler</name>
         <value>0x3d91</value>
      </symbol>
      <symbol id="sm-9bb">
         <name>DMA_INT1_IRQHandler</name>
         <value>0x3d91</value>
      </symbol>
      <symbol id="sm-9bc">
         <name>DMA_INT0_IRQHandler</name>
         <value>0x3d91</value>
      </symbol>
      <symbol id="sm-9bd">
         <name>PORT1_IRQHandler</name>
         <value>0x1b85</value>
      </symbol>
      <symbol id="sm-9be">
         <name>PORT2_IRQHandler</name>
         <value>0x3d91</value>
      </symbol>
      <symbol id="sm-9bf">
         <name>PORT3_IRQHandler</name>
         <value>0x3d91</value>
      </symbol>
      <symbol id="sm-9c0">
         <name>PORT4_IRQHandler</name>
         <value>0x3d91</value>
      </symbol>
      <symbol id="sm-9c1">
         <name>PORT5_IRQHandler</name>
         <value>0x3d91</value>
      </symbol>
      <symbol id="sm-9c2">
         <name>PORT6_IRQHandler</name>
         <value>0x3d91</value>
      </symbol>
      <symbol id="sm-9c3">
         <name>remove</name>
         <value>0x3bc5</value>
      </symbol>
   </symbol_table>
   <title>Link successful</title>
</link_info>
