******************************************************************************
                  TI ARM Linker PC v20.2.0                     
******************************************************************************
>> Linked Tue Jun  2 17:59:14 2020

OUTPUT FILE NAME:   <CPE_316.out>
ENTRY POINT SYMBOL: "_c_int00_noargs"  address: 00003bcd


MEMORY CONFIGURATION

         name            origin    length      used     unused   attr    fill
----------------------  --------  ---------  --------  --------  ----  --------
  MAIN                  00000000   00040000  000040ae  0003bf52  R  X
  INFO                  00200000   00004000  00000000  00004000  R  X
  SRAM_CODE             01000000   00010000  000009d0  0000f630  RW X
  SRAM_DATA             20000000   00010000  000009d0  0000f630  RW  


SEGMENT ALLOCATION MAP

run origin  load origin   length   init length attrs members
----------  ----------- ---------- ----------- ----- -------
00000000    00000000    000040b0   000040b0    r-x
  00000000    00000000    000000e4   000000e4    r-- .intvecs
  000000e4    000000e4    00003da8   00003da8    r-x .text
  00003e8c    00003e8c    0000017a   0000017a    r-- .const
  00004008    00004008    000000a8   000000a8    r-- .cinit
20000000    20000000    000007d3   00000000    rw-
  20000000    20000000    00000400   00000000    rw- .sysmem
  20000400    20000400    00000205   00000000    rw- .data
  20000608    20000608    000001cb   00000000    rw- .bss
2000fe00    2000fe00    00000200   00000000    rw-
  2000fe00    2000fe00    00000200   00000000    rw- .stack


SECTION ALLOCATION MAP

 output                                  attributes/
section   page    origin      length       input sections
--------  ----  ----------  ----------   ----------------
.intvecs   0    00000000    000000e4     
                  00000000    000000e4     startup_msp432p401r_ccs.obj (.intvecs:retain)

.text      0    000000e4    00003da8     
                  000000e4    00000a4e     rtsv7M4_T_le_v4SPD16_eabi.lib : _printfi.c.obj (.text:__TI_printfi)
                  00000b32    00000002                                   : _lock.c.obj (.text:_nop)
                  00000b34    00000334     system_msp432p401r.obj (.text)
                  00000e68    000002b0     rtsv7M4_T_le_v4SPD16_eabi.lib : e_log2.c.obj (.text:log2)
                  00001118    00000270                                   : _printfi.c.obj (.text:_pconv_a)
                  00001388    000001f0     P3.obj (.text)
                  00001578    000001d0     rtsv7M4_T_le_v4SPD16_eabi.lib : _printfi.c.obj (.text:_pconv_g)
                  00001748    000001b8     A3.obj (.text)
                  00001900    000001b6     rtsv7M4_T_le_v4SPD16_eabi.lib : fd_add_t2.asm.obj (.text)
                  00001ab6    00000002                                   : div0.asm.obj (.text)
                  00001ab8    000001b4     A9.obj (.text)
                  00001c6c    00000154     A2.obj (.text)
                  00001dc0    00000150     A8.obj (.text)
                  00001f10    0000014c     LCD.obj (.text)
                  0000205c    0000013c     rtsv7M4_T_le_v4SPD16_eabi.lib : _printfi.c.obj (.text:_pconv_e)
                  00002198    00000136                                   : fd_div_t2.asm.obj (.text)
                  000022ce    00000002     --HOLE-- [fill = 0]
                  000022d0    00000130     A4.obj (.text)
                  00002400    00000124     rtsv7M4_T_le_v4SPD16_eabi.lib : _printfi.c.obj (.text:fcvt)
                  00002524    00000114                                   : fputs.c.obj (.text:fputs)
                  00002638    00000110                                   : s_scalbn.c.obj (.text:scalbn)
                  00002748    00000108                                   : memory.c.obj (.text:aligned_alloc)
                  00002850    00000100     LEDs.obj (.text)
                  00002950    000000fc     rtsv7M4_T_le_v4SPD16_eabi.lib : fd_mul_t2.asm.obj (.text)
                  00002a4c    000000e4     A7.obj (.text)
                  00002b30    000000e4     rtsv7M4_T_le_v4SPD16_eabi.lib : memory.c.obj (.text:free)
                  00002c14    000000dc                                   : setvbuf.c.obj (.text:setvbuf)
                  00002cf0    000000b1                                   : _printfi.c.obj (.text:_ltostr)
                  00002da1    00000001     --HOLE-- [fill = 0]
                  00002da2    0000009c                                   : memcpy_t2.asm.obj (.text)
                  00002e3e    00000096                                   : ull_div_t2.asm.obj (.text)
                  00002ed4    0000008c                                   : fputc.c.obj (.text:fputc)
                  00002f60    00000086                                   : fd_cmp_t2.asm.obj (.text:__aeabi_cdcmple)
                  00002fe6    00000086                                   : fd_cmp_t2.asm.obj (.text:__aeabi_cdrcmple)
                  0000306c    0000007a                                   : memset_t2.asm.obj (.text)
                  000030e6    00000002     --HOLE-- [fill = 0]
                  000030e8    00000074                                   : fclose.c.obj (.text:__TI_closefile)
                  0000315c    00000070                                   : memory.c.obj (.text:split)
                  000031cc    0000006e                                   : _printfi.c.obj (.text:_mcpy)
                  0000323a    00000002     --HOLE-- [fill = 0]
                  0000323c    0000006c                                   : hostrename.c.obj (.text:HOSTrename)
                  000032a8    00000068                                   : hostlseek.c.obj (.text:HOSTlseek)
                  00003310    00000068                                   : copy_decompress_lzss.c.obj (.text:decompress:lzss:__TI_decompress_lzss)
                  00003378    00000068                                   : printf.c.obj (.text:printf)
                  000033e0    00000064     A5.obj (.text)
                  00003444    00000064     rtsv7M4_T_le_v4SPD16_eabi.lib : s_frexp.c.obj (.text:frexp)
                  000034a8    00000064                                   : fseek.c.obj (.text:fseek)
                  0000350c    00000064     main.obj (.text)
                  00003570    00000062     rtsv7M4_T_le_v4SPD16_eabi.lib : _io_perm.c.obj (.text:__TI_wrt_ok)
                  000035d2    00000002     --HOLE-- [fill = 0]
                  000035d4    00000060                                   : hostopen.c.obj (.text:HOSTopen)
                  00003634    0000005c                                   : close.c.obj (.text:close)
                  00003690    00000058                                   : hostread.c.obj (.text:HOSTread)
                  000036e8    00000058                                   : hostwrite.c.obj (.text:HOSTwrite)
                  00003740    00000056                                   : _printfi.c.obj (.text:_pconv_f)
                  00003796    00000054                                   : _ltoa.c.obj (.text:__TI_ltoa)
                  000037ea    00000052                                   : _printfi.c.obj (.text:_ecpy)
                  0000383c    0000004c                                   : fflush.c.obj (.text:__TI_doflush)
                  00003888    0000004c                                   : atoi.c.obj (.text:atoi)
                  000038d4    00000048                                   : exit.c.obj (.text:exit)
                  0000391c    00000048                                   : fd_toi_t2.asm.obj (.text)
                  00003964    00000044                                   : hostclose.c.obj (.text:HOSTclose)
                  000039a8    00000044                                   : hostunlink.c.obj (.text:HOSTunlink)
                  000039ec    00000044                                   : autoinit.c.obj (.text:__TI_auto_init_nobinit_nopinit:__TI_auto_init_nobinit_nopinit)
                  00003a30    00000044                                   : getdevice.c.obj (.text:getdevice)
                  00003a74    00000040                                   : sprintf.c.obj (.text:sprintf)
                  00003ab4    0000003e                                   : _printfi.c.obj (.text:_fcpy)
                  00003af2    00000002     --HOLE-- [fill = 0]
                  00003af4    00000038                                   : trgmsg.c.obj (.text:__TI_writemsg)
                  00003b2c    00000036                                   : strncpy.c.obj (.text:strncpy)
                  00003b62    00000002     --HOLE-- [fill = 0]
                  00003b64    00000034                                   : fopen.c.obj (.text:__TI_cleanup)
                  00003b98    00000034                                   : trgmsg.c.obj (.text:__TI_readmsg)
                  00003bcc    00000034                                   : boot_cortex_m.c.obj (.text:_c_int00_noargs:_c_int00_noargs)
                  00003c00    00000034                                   : rand.c.obj (.text:rand)
                  00003c34    00000030                                   : getdevice.c.obj (.text:finddevice)
                  00003c64    0000002e                                   : i_tofd_t2.asm.obj (.text)
                  00003c92    00000002     --HOLE-- [fill = 0]
                  00003c94    0000002c                                   : unlink.c.obj (.text:unlink)
                  00003cc0    00000028                                   : memory.c.obj (.text:free_list_insert)
                  00003ce8    00000028                                   : lseek.c.obj (.text:lseek)
                  00003d10    00000028                                   : write.c.obj (.text:write)
                  00003d38    00000020                                   : memchr.c.obj (.text:memchr)
                  00003d58    0000001c                                   : copy_zero_init.c.obj (.text:decompress:ZI:__TI_zero_init_nomemset:__TI_zero_init_nomemset)
                  00003d74    0000001c                                   : memory.c.obj (.text:free_list_remove)
                  00003d90    0000001c                                   : memccpy.c.obj (.text:memccpy)
                  00003dac    0000001a                                   : s_copysign.c.obj (.text:copysign)
                  00003dc6    00000018                                   : sprintf.c.obj (.text:_outs)
                  00003dde    00000018                                   : strcmp.c.obj (.text:strcmp)
                  00003df6    00000016                                   : strchr.c.obj (.text:strchr)
                  00003e0c    00000014                                   : strcpy.c.obj (.text:strcpy)
                  00003e20    00000014                                   : strlen.c.obj (.text:strlen)
                  00003e34    00000012                                   : wcslen.c.obj (.text:wcslen)
                  00003e46    0000000e                                   : copy_decompress_none.c.obj (.text:decompress:none:__TI_decompress_none)
                  00003e54    0000000e     startup_msp432p401r_ccs.obj (.text)
                  00003e62    0000000a     rtsv7M4_T_le_v4SPD16_eabi.lib : sprintf.c.obj (.text:_outc)
                  00003e6c    00000008                                   : errno.c.obj (.text:__aeabi_errno_addr)
                  00003e74    00000008                                   : memory.c.obj (.text:malloc)
                  00003e7c    00000004                                   : printf.c.obj (.text:_outc)
                  00003e80    00000004                                   : printf.c.obj (.text:_outs)
                  00003e84    00000004                                   : pre_init.c.obj (.text:_system_pre_init)
                  00003e88    00000004                                   : exit.c.obj (.text:abort:abort)

.const     0    00003e8c    0000017a     
                  00003e8c    00000101     rtsv7M4_T_le_v4SPD16_eabi.lib : ctype.c.obj (.const:.string:_ctypes_)
                  00003f8d    00000003     --HOLE-- [fill = 0]
                  00003f90    0000003e     LCD.obj (.const:.string)
                  00003fce    00000002     --HOLE-- [fill = 0]
                  00003fd0    00000030     A4.obj (.const:$P$T0$1)
                  00004000    00000006     LEDs.obj (.const:$P$T0$1)

.cinit     0    00004008    000000a8     
                  00004008    00000080     (.cinit..data.load) [load image, compression = lzss]
                  00004088    0000000c     (__TI_handler_table)
                  00004094    00000004     --HOLE-- [fill = 0]
                  00004098    00000008     (.cinit..bss.load) [load image, compression = zero_init]
                  000040a0    00000010     (__TI_cinit_table)

.init_array 
*          0    00000000    00000000     UNINITIALIZED

.binit     0    00000000    00000000     

.sysmem    0    20000000    00000400     UNINITIALIZED
                  20000000    00000010     rtsv7M4_T_le_v4SPD16_eabi.lib : memory.c.obj (.sysmem)
                  20000010    000003f0     --HOLE--

.data      0    20000400    00000205     UNINITIALIZED
                  20000400    000000f0     rtsv7M4_T_le_v4SPD16_eabi.lib : defs.c.obj (.data:_ftable)
                  200004f0    00000078                                   : host_device.c.obj (.data:_device)
                  20000568    00000050                                   : host_device.c.obj (.data:_stream)
                  200005b8    00000010                                   : defs.c.obj (.data)
                  200005c8    00000010     LCD.obj (.data:tasks)
                  200005d8    0000000c     rtsv7M4_T_le_v4SPD16_eabi.lib : exit.c.obj (.data:$O1$$)
                  200005e4    00000008                                   : _lock.c.obj (.data:$O1$$)
                  200005ec    00000008                                   : memory.c.obj (.data:$O1$$)
                  200005f4    00000004                                   : errno.c.obj (.data)
                  200005f8    00000004                                   : rand.c.obj (.data)
                  200005fc    00000004     system_msp432p401r.obj (.data)
                  20000600    00000002     P3.obj (.data)
                  20000602    00000001     A8.obj (.data)
                  20000603    00000001     A9.obj (.data)
                  20000604    00000001     LCD.obj (.data)

.bss       0    20000608    000001cb     UNINITIALIZED
                  20000608    00000120     rtsv7M4_T_le_v4SPD16_eabi.lib : trgmsg.c.obj (.bss:_CIOBUF_)
                  20000728    000000a0     (.common:__TI_tmpnams)
                  200007c8    00000008     (.common:parmbuf)
                  200007d0    00000002     (.common:timer_count)
                  200007d2    00000001     (.common:win)

.stack     0    2000fe00    00000200     UNINITIALIZED
                  2000fe00    00000004     rtsv7M4_T_le_v4SPD16_eabi.lib : boot_cortex_m.c.obj (.stack)
                  2000fe04    000001fc     --HOLE--

__llvm_prf_cnts 
*          0    20000000    00000000     UNINITIALIZED

MODULE SUMMARY

       Module                        code    ro data   rw data
       ------                        ----    -------   -------
    .\
       system_msp432p401r.obj        820     0         8      
       P3.obj                        496     0         6      
       A3.obj                        440     0         0      
       A9.obj                        436     0         2      
       LCD.obj                       332     62        34     
       A4.obj                        304     48        0      
       A2.obj                        340     0         0      
       A8.obj                        336     0         2      
       LEDs.obj                      256     6         0      
       startup_msp432p401r_ccs.obj   14      228       0      
       A7.obj                        228     0         0      
       A5.obj                        100     0         4      
       main.obj                      100     0         0      
    +--+-----------------------------+-------+---------+---------+
       Total:                        4202    344       56     
                                                              
    C:\ti\ccs1000\ccs\tools\compiler\ti-cgt-arm_20.2.0.LTS\lib\rtsv7M4_T_le_v4SPD16_eabi.lib
       _printfi.c.obj                4851    0         0      
       defs.c.obj                    0       0         832    
       memory.c.obj                  680     0         16     
       e_log2.c.obj                  688     0         0      
       trgmsg.c.obj                  108     0         576    
       fd_add_t2.asm.obj             438     0         0      
       host_device.c.obj             0       0         400    
       fd_div_t2.asm.obj             310     0         0      
       fputs.c.obj                   276     0         0      
       s_scalbn.c.obj                272     0         0      
       fd_cmp_t2.asm.obj             268     0         0      
       ctype.c.obj                   0       257       0      
       fd_mul_t2.asm.obj             252     0         0      
       setvbuf.c.obj                 220     0         0      
       memcpy_t2.asm.obj             156     0         0      
       ull_div_t2.asm.obj            150     0         0      
       fputc.c.obj                   140     0         0      
       memset_t2.asm.obj             122     0         0      
       fclose.c.obj                  116     0         0      
       getdevice.c.obj               116     0         0      
       hostopen.c.obj                96      0         16     
       printf.c.obj                  112     0         0      
       hostrename.c.obj              108     0         0      
       copy_decompress_lzss.c.obj    104     0         0      
       hostlseek.c.obj               104     0         0      
       exit.c.obj                    76      0         24     
       fseek.c.obj                   100     0         0      
       s_frexp.c.obj                 100     0         0      
       _io_perm.c.obj                98      0         0      
       sprintf.c.obj                 98      0         0      
       close.c.obj                   92      0         0      
       hostread.c.obj                88      0         0      
       hostwrite.c.obj               88      0         0      
       _ltoa.c.obj                   84      0         0      
       atoi.c.obj                    76      0         0      
       fflush.c.obj                  76      0         0      
       fd_toi_t2.asm.obj             72      0         0      
       autoinit.c.obj                68      0         0      
       hostclose.c.obj               68      0         0      
       hostunlink.c.obj              68      0         0      
       rand.c.obj                    52      0         8      
       strncpy.c.obj                 54      0         0      
       boot_cortex_m.c.obj           52      0         0      
       fopen.c.obj                   52      0         0      
       i_tofd_t2.asm.obj             46      0         0      
       unlink.c.obj                  44      0         0      
       lseek.c.obj                   40      0         0      
       write.c.obj                   40      0         0      
       memchr.c.obj                  32      0         0      
       copy_zero_init.c.obj          28      0         0      
       memccpy.c.obj                 28      0         0      
       s_copysign.c.obj              26      0         0      
       strcmp.c.obj                  24      0         0      
       strchr.c.obj                  22      0         0      
       strcpy.c.obj                  20      0         0      
       strlen.c.obj                  20      0         0      
       _lock.c.obj                   2       0         16     
       wcslen.c.obj                  18      0         0      
       errno.c.obj                   8       0         8      
       copy_decompress_none.c.obj    14      0         0      
       pre_init.c.obj                4       0         0      
       div0.asm.obj                  2       0         0      
    +--+-----------------------------+-------+---------+---------+
       Total:                        11567   257       1896   
                                                              
       Heap:                         0       0         2048   
       Stack:                        0       0         1024   
       Linker Generated:             0       164       0      
    +--+-----------------------------+-------+---------+---------+
       Grand Total:                  15769   765       5024   


LINKER GENERATED COPY TABLES

__TI_cinit_table @ 000040a0 records: 2, size/record: 8, table size: 16
	.data: load addr=00004008, load size=00000080 bytes, run addr=20000400, run size=00000205 bytes, compression=lzss
	.bss: load addr=00004098, load size=00000008 bytes, run addr=20000608, run size=000001cb bytes, compression=zero_init


LINKER GENERATED HANDLER TABLE

__TI_handler_table @ 00004088 records: 3, size/record: 4, table size: 12
	index: 0, handler: __TI_decompress_lzss
	index: 1, handler: __TI_decompress_none
	index: 2, handler: __TI_zero_init


GLOBAL SYMBOLS: SORTED ALPHABETICALLY BY Name 

address   name                           
-------   ----                           
00001c27  ADC14_IRQHandler               
00001c27  ADC14_IRQHandler               
00001ab9  ADC_init                       
00003e61  AES256_IRQHandler              
00003e61  BusFault_Handler               
00003e89  C$$EXIT                        
00003b23  C$$IO$$                        
00003e61  COMP_E0_IRQHandler             
00003e61  COMP_E1_IRQHandler             
00003e61  CS_IRQHandler                  
00001749  Clear_LCD                      
00002a4d  DAC_init                       
00003e61  DMA_ERR_IRQHandler             
00003e61  DMA_INT0_IRQHandler            
00003e61  DMA_INT1_IRQHandler            
00003e61  DMA_INT2_IRQHandler            
00003e61  DMA_INT3_IRQHandler            
00003e61  DebugMon_Handler               
00003e61  Default_Handler                
00001e81  EUSCIA0_IRQHandler             
00001e81  EUSCIA0_IRQHandler             
00003e61  EUSCIA1_IRQHandler             
00003e61  EUSCIA2_IRQHandler             
00003e61  EUSCIA3_IRQHandler             
00003e61  EUSCIB0_IRQHandler             
00003e61  EUSCIB1_IRQHandler             
00003e61  EUSCIB2_IRQHandler             
00003e61  EUSCIB3_IRQHandler             
00003e61  FLCTL_IRQHandler               
00003e61  FPU_IRQHandler                 
00003965  HOSTclose                      
000032a9  HOSTlseek                      
000035d5  HOSTopen                       
00003691  HOSTread                       
0000323d  HOSTrename                     
000039a9  HOSTunlink                     
000036e9  HOSTwrite                      
00003e61  HardFault_Handler              
00001753  Home_LCD                       
000017bd  LCD_init                       
00003e61  MemManage_Handler              
00003e61  NMI_Handler                    
00003e61  PCM_IRQHandler                 
00001519  PORT1_IRQHandler               
00001519  PORT1_IRQHandler               
00003e61  PORT2_IRQHandler               
00003e61  PORT3_IRQHandler               
00003e61  PORT4_IRQHandler               
00003e61  PORT5_IRQHandler               
00003e61  PORT6_IRQHandler               
00003e61  PSS_IRQHandler                 
00003e61  PendSV_Handler                 
00003e61  RTC_C_IRQHandler               
00003e55  Reset_Handler                  
00003e61  SVC_Handler                    
00003e61  SysTick_Handler                
200005fc  SystemCoreClock                
00000b35  SystemCoreClockUpdate          
00000dad  SystemInit                     
00003e61  T32_INT1_IRQHandler            
00003e61  T32_INT2_IRQHandler            
00003e61  T32_INTC_IRQHandler            
00003419  TA0_0_IRQHandler               
00003419  TA0_0_IRQHandler               
00003e61  TA0_N_IRQHandler               
00003e61  TA1_0_IRQHandler               
00003e61  TA1_N_IRQHandler               
00003e61  TA2_0_IRQHandler               
00003e61  TA2_N_IRQHandler               
00003e61  TA3_0_IRQHandler               
00003e61  TA3_N_IRQHandler               
00001dc1  UART_init                      
00003e61  UsageFault_Handler             
4000480c  WDTCTL_SYM                     
00003e61  WDT_A_IRQHandler               
0000177b  Write_char_LCD                 
00001793  Write_word_LCD                 
20000608  __CIOBUF_                      
20010000  __STACK_END                    
00000200  __STACK_SIZE                   
00000400  __SYSMEM_SIZE                  
000040a0  __TI_CINIT_Base                
000040b0  __TI_CINIT_Limit               
00004088  __TI_Handler_Table_Base        
00004094  __TI_Handler_Table_Limit       
000039ed  __TI_auto_init_nobinit_nopinit 
00003b65  __TI_cleanup                   
200005d8  __TI_cleanup_ptr               
000030e9  __TI_closefile                 
00003311  __TI_decompress_lzss           
00003e47  __TI_decompress_none           
0000383d  __TI_doflush                   
200005dc  __TI_dtors_ptr                 
200005e0  __TI_enable_exit_profile_output
200005b8  __TI_ft_end                    
00003797  __TI_ltoa                      
ffffffff  __TI_pprof_out_hndl            
000000e5  __TI_printfi                   
ffffffff  __TI_prof_data_size            
ffffffff  __TI_prof_data_start           
00003b99  __TI_readmsg                   
00000000  __TI_static_base__             
20000728  __TI_tmpnams                   
00003af5  __TI_writemsg                  
00003571  __TI_wrt_ok                    
00003d59  __TI_zero_init_nomemset        
00002f61  __aeabi_cdcmpeq                
00002f61  __aeabi_cdcmple                
00002fe7  __aeabi_cdrcmple               
0000391d  __aeabi_d2iz                   
0000190b  __aeabi_dadd                   
00002199  __aeabi_ddiv                   
00002951  __aeabi_dmul                   
00001901  __aeabi_dsub                   
00003e6d  __aeabi_errno_addr             
00003c65  __aeabi_i2d                    
00001ab7  __aeabi_idiv0                  
00001ab7  __aeabi_ldiv0                  
0000306d  __aeabi_memclr                 
0000306d  __aeabi_memclr4                
0000306d  __aeabi_memclr8                
00002da3  __aeabi_memcpy                 
00002da3  __aeabi_memcpy4                
00002da3  __aeabi_memcpy8                
0000306f  __aeabi_memset                 
0000306f  __aeabi_memset4                
0000306f  __aeabi_memset8                
200005c4  __aeabi_stderr                 
200005bc  __aeabi_stdin                  
200005c0  __aeabi_stdout                 
00002e3f  __aeabi_uldivmod               
ffffffff  __binit__                      
ffffffff  __c_args__                     
UNDEFED   __mpu_init                     
2000fe00  __stack                        
20000000  __start___llvm_prf_cnts        
20000000  __stop___llvm_prf_cnts         
00003bcd  _c_int00_noargs                
00003e8c  _ctypes_                       
200004f0  _device                        
20000400  _ftable                        
200005e4  _lock                          
00000b33  _nop                           
20000568  _stream                        
20000000  _sys_memory                    
UNDEFED   _system_post_cinit             
00003e85  _system_pre_init               
200005e8  _unlock                        
00003e89  abort                          
00002749  aligned_alloc                  
00001e93  array_to_int                   
00003889  atoi                           
ffffffff  binit                          
00003635  close                          
00001813  command_LCD                    
00003dad  copysign                       
00003dad  copysignl                      
00001883  data_LCD                       
00001ce1  delay_us                       
200005f4  errno                          
000038d5  exit                           
00003c35  finddevice                     
00002ed5  fputc                          
00002525  fputs                          
00002b31  free                           
00003445  frexp                          
00003445  frexpl                         
000034a9  fseek                          
000014af  game_keypad                    
00001f8d  game_over                      
000022f1  getKeyVal                      
00001b33  get_conversion_results         
00001c21  get_global_flag                
00001e7b  get_receive_flag               
00003a31  getdevice                      
0000289b  green_led_off                  
00002871  green_led_on                   
00002851  init_LEDs                      
00001389  init_button                    
00000000  interruptVectors               
000022d1  keypad_init                    
00002639  ldexp                          
00002639  ldexpl                         
0000175d  line_LCD                       
00000e69  log2                           
00000e69  log2l                          
00003ce9  lseek                          
0000350d  main                           
00003e75  malloc                         
00002749  memalign                       
00003d91  memccpy                        
00003d39  memchr                         
00002da3  memcpy                         
00003075  memset                         
0000184f  nibble_write_command           
000018af  nibble_write_data              
200007c8  parmbuf                        
00001fc5  print_score                    
00001f11  print_task                     
00003379  printf                         
00002ed5  putc                           
00003c01  rand                           
000013cd  random_task                    
20000602  receive                        
00001e21  receive_data                   
20000603  received                       
00003c95  remove                         
00002639  scalbn                         
00002639  scalbnl                        
20000604  score                          
00002aa1  sendto_DAC                     
000023b9  sent_to_LCD                    
00001c6d  set_DCO                        
00001c0d  set_global_flag                
00001e67  set_receive_flag               
00002c15  setvbuf                        
00003a75  sprintf                        
00003df7  strchr                         
00003ddf  strcmp                         
00003e0d  strcpy                         
00003e21  strlen                         
00003b2d  strncpy                        
200005c8  tasks                          
000033e1  timer_A_init                   
200007d0  timer_count                    
20000600  timer_threshold                
00001e43  transmit_data                  
00001b6d  transmit_word                  
00003c95  unlink                         
00001b43  voltage_conversion             
00003e35  wcslen                         
000028a7  when_lost                      
200007d2  win                            
00003d11  write                          


GLOBAL SYMBOLS: SORTED BY Symbol Address 

address   name                           
-------   ----                           
00000000  __TI_static_base__             
00000000  interruptVectors               
000000e5  __TI_printfi                   
00000200  __STACK_SIZE                   
00000400  __SYSMEM_SIZE                  
00000b33  _nop                           
00000b35  SystemCoreClockUpdate          
00000dad  SystemInit                     
00000e69  log2                           
00000e69  log2l                          
00001389  init_button                    
000013cd  random_task                    
000014af  game_keypad                    
00001519  PORT1_IRQHandler               
00001519  PORT1_IRQHandler               
00001749  Clear_LCD                      
00001753  Home_LCD                       
0000175d  line_LCD                       
0000177b  Write_char_LCD                 
00001793  Write_word_LCD                 
000017bd  LCD_init                       
00001813  command_LCD                    
0000184f  nibble_write_command           
00001883  data_LCD                       
000018af  nibble_write_data              
00001901  __aeabi_dsub                   
0000190b  __aeabi_dadd                   
00001ab7  __aeabi_idiv0                  
00001ab7  __aeabi_ldiv0                  
00001ab9  ADC_init                       
00001b33  get_conversion_results         
00001b43  voltage_conversion             
00001b6d  transmit_word                  
00001c0d  set_global_flag                
00001c21  get_global_flag                
00001c27  ADC14_IRQHandler               
00001c27  ADC14_IRQHandler               
00001c6d  set_DCO                        
00001ce1  delay_us                       
00001dc1  UART_init                      
00001e21  receive_data                   
00001e43  transmit_data                  
00001e67  set_receive_flag               
00001e7b  get_receive_flag               
00001e81  EUSCIA0_IRQHandler             
00001e81  EUSCIA0_IRQHandler             
00001e93  array_to_int                   
00001f11  print_task                     
00001f8d  game_over                      
00001fc5  print_score                    
00002199  __aeabi_ddiv                   
000022d1  keypad_init                    
000022f1  getKeyVal                      
000023b9  sent_to_LCD                    
00002525  fputs                          
00002639  ldexp                          
00002639  ldexpl                         
00002639  scalbn                         
00002639  scalbnl                        
00002749  aligned_alloc                  
00002749  memalign                       
00002851  init_LEDs                      
00002871  green_led_on                   
0000289b  green_led_off                  
000028a7  when_lost                      
00002951  __aeabi_dmul                   
00002a4d  DAC_init                       
00002aa1  sendto_DAC                     
00002b31  free                           
00002c15  setvbuf                        
00002da3  __aeabi_memcpy                 
00002da3  __aeabi_memcpy4                
00002da3  __aeabi_memcpy8                
00002da3  memcpy                         
00002e3f  __aeabi_uldivmod               
00002ed5  fputc                          
00002ed5  putc                           
00002f61  __aeabi_cdcmpeq                
00002f61  __aeabi_cdcmple                
00002fe7  __aeabi_cdrcmple               
0000306d  __aeabi_memclr                 
0000306d  __aeabi_memclr4                
0000306d  __aeabi_memclr8                
0000306f  __aeabi_memset                 
0000306f  __aeabi_memset4                
0000306f  __aeabi_memset8                
00003075  memset                         
000030e9  __TI_closefile                 
0000323d  HOSTrename                     
000032a9  HOSTlseek                      
00003311  __TI_decompress_lzss           
00003379  printf                         
000033e1  timer_A_init                   
00003419  TA0_0_IRQHandler               
00003419  TA0_0_IRQHandler               
00003445  frexp                          
00003445  frexpl                         
000034a9  fseek                          
0000350d  main                           
00003571  __TI_wrt_ok                    
000035d5  HOSTopen                       
00003635  close                          
00003691  HOSTread                       
000036e9  HOSTwrite                      
00003797  __TI_ltoa                      
0000383d  __TI_doflush                   
00003889  atoi                           
000038d5  exit                           
0000391d  __aeabi_d2iz                   
00003965  HOSTclose                      
000039a9  HOSTunlink                     
000039ed  __TI_auto_init_nobinit_nopinit 
00003a31  getdevice                      
00003a75  sprintf                        
00003af5  __TI_writemsg                  
00003b23  C$$IO$$                        
00003b2d  strncpy                        
00003b65  __TI_cleanup                   
00003b99  __TI_readmsg                   
00003bcd  _c_int00_noargs                
00003c01  rand                           
00003c35  finddevice                     
00003c65  __aeabi_i2d                    
00003c95  remove                         
00003c95  unlink                         
00003ce9  lseek                          
00003d11  write                          
00003d39  memchr                         
00003d59  __TI_zero_init_nomemset        
00003d91  memccpy                        
00003dad  copysign                       
00003dad  copysignl                      
00003ddf  strcmp                         
00003df7  strchr                         
00003e0d  strcpy                         
00003e21  strlen                         
00003e35  wcslen                         
00003e47  __TI_decompress_none           
00003e55  Reset_Handler                  
00003e61  AES256_IRQHandler              
00003e61  BusFault_Handler               
00003e61  COMP_E0_IRQHandler             
00003e61  COMP_E1_IRQHandler             
00003e61  CS_IRQHandler                  
00003e61  DMA_ERR_IRQHandler             
00003e61  DMA_INT0_IRQHandler            
00003e61  DMA_INT1_IRQHandler            
00003e61  DMA_INT2_IRQHandler            
00003e61  DMA_INT3_IRQHandler            
00003e61  DebugMon_Handler               
00003e61  Default_Handler                
00003e61  EUSCIA1_IRQHandler             
00003e61  EUSCIA2_IRQHandler             
00003e61  EUSCIA3_IRQHandler             
00003e61  EUSCIB0_IRQHandler             
00003e61  EUSCIB1_IRQHandler             
00003e61  EUSCIB2_IRQHandler             
00003e61  EUSCIB3_IRQHandler             
00003e61  FLCTL_IRQHandler               
00003e61  FPU_IRQHandler                 
00003e61  HardFault_Handler              
00003e61  MemManage_Handler              
00003e61  NMI_Handler                    
00003e61  PCM_IRQHandler                 
00003e61  PORT2_IRQHandler               
00003e61  PORT3_IRQHandler               
00003e61  PORT4_IRQHandler               
00003e61  PORT5_IRQHandler               
00003e61  PORT6_IRQHandler               
00003e61  PSS_IRQHandler                 
00003e61  PendSV_Handler                 
00003e61  RTC_C_IRQHandler               
00003e61  SVC_Handler                    
00003e61  SysTick_Handler                
00003e61  T32_INT1_IRQHandler            
00003e61  T32_INT2_IRQHandler            
00003e61  T32_INTC_IRQHandler            
00003e61  TA0_N_IRQHandler               
00003e61  TA1_0_IRQHandler               
00003e61  TA1_N_IRQHandler               
00003e61  TA2_0_IRQHandler               
00003e61  TA2_N_IRQHandler               
00003e61  TA3_0_IRQHandler               
00003e61  TA3_N_IRQHandler               
00003e61  UsageFault_Handler             
00003e61  WDT_A_IRQHandler               
00003e6d  __aeabi_errno_addr             
00003e75  malloc                         
00003e85  _system_pre_init               
00003e89  C$$EXIT                        
00003e89  abort                          
00003e8c  _ctypes_                       
00004088  __TI_Handler_Table_Base        
00004094  __TI_Handler_Table_Limit       
000040a0  __TI_CINIT_Base                
000040b0  __TI_CINIT_Limit               
20000000  __start___llvm_prf_cnts        
20000000  __stop___llvm_prf_cnts         
20000000  _sys_memory                    
20000400  _ftable                        
200004f0  _device                        
20000568  _stream                        
200005b8  __TI_ft_end                    
200005bc  __aeabi_stdin                  
200005c0  __aeabi_stdout                 
200005c4  __aeabi_stderr                 
200005c8  tasks                          
200005d8  __TI_cleanup_ptr               
200005dc  __TI_dtors_ptr                 
200005e0  __TI_enable_exit_profile_output
200005e4  _lock                          
200005e8  _unlock                        
200005f4  errno                          
200005fc  SystemCoreClock                
20000600  timer_threshold                
20000602  receive                        
20000603  received                       
20000604  score                          
20000608  __CIOBUF_                      
20000728  __TI_tmpnams                   
200007c8  parmbuf                        
200007d0  timer_count                    
200007d2  win                            
2000fe00  __stack                        
20010000  __STACK_END                    
4000480c  WDTCTL_SYM                     
ffffffff  __TI_pprof_out_hndl            
ffffffff  __TI_prof_data_size            
ffffffff  __TI_prof_data_start           
ffffffff  __binit__                      
ffffffff  __c_args__                     
ffffffff  binit                          
UNDEFED   __mpu_init                     
UNDEFED   _system_post_cinit             

[234 symbols]
