<?xml version="1.0" encoding="ISO-8859-1" ?>
<link_info>
   <banner>TI ARM Linker PC v20.2.0.LTS</banner>
   <copyright>Copyright (c) 1996-2018 Texas Instruments Incorporated</copyright>
   <link_time>0x5ed6f5e2</link_time>
   <link_errors>0x0</link_errors>
   <output_file>CPE_316.out</output_file>
   <entry_point>
      <name>_c_int00_noargs</name>
      <address>0x3bcd</address>
   </entry_point>
   <input_file_list>
      <input_file id="fl-2">
         <path>.\</path>
         <kind>object</kind>
         <file>A2.obj</file>
         <name>A2.obj</name>
      </input_file>
      <input_file id="fl-3">
         <path>.\</path>
         <kind>object</kind>
         <file>A3.obj</file>
         <name>A3.obj</name>
      </input_file>
      <input_file id="fl-4">
         <path>.\</path>
         <kind>object</kind>
         <file>A4.obj</file>
         <name>A4.obj</name>
      </input_file>
      <input_file id="fl-5">
         <path>.\</path>
         <kind>object</kind>
         <file>A5.obj</file>
         <name>A5.obj</name>
      </input_file>
      <input_file id="fl-6">
         <path>.\</path>
         <kind>object</kind>
         <file>A7.obj</file>
         <name>A7.obj</name>
      </input_file>
      <input_file id="fl-7">
         <path>.\</path>
         <kind>object</kind>
         <file>A8.obj</file>
         <name>A8.obj</name>
      </input_file>
      <input_file id="fl-8">
         <path>.\</path>
         <kind>object</kind>
         <file>A9.obj</file>
         <name>A9.obj</name>
      </input_file>
      <input_file id="fl-9">
         <path>.\</path>
         <kind>object</kind>
         <file>LCD.obj</file>
         <name>LCD.obj</name>
      </input_file>
      <input_file id="fl-a">
         <path>.\</path>
         <kind>object</kind>
         <file>LEDs.obj</file>
         <name>LEDs.obj</name>
      </input_file>
      <input_file id="fl-b">
         <path>.\</path>
         <kind>object</kind>
         <file>P1.obj</file>
         <name>P1.obj</name>
      </input_file>
      <input_file id="fl-c">
         <path>.\</path>
         <kind>object</kind>
         <file>P3.obj</file>
         <name>P3.obj</name>
      </input_file>
      <input_file id="fl-d">
         <path>.\</path>
         <kind>object</kind>
         <file>main.obj</file>
         <name>main.obj</name>
      </input_file>
      <input_file id="fl-e">
         <path>.\</path>
         <kind>object</kind>
         <file>provided.obj</file>
         <name>provided.obj</name>
      </input_file>
      <input_file id="fl-f">
         <path>.\</path>
         <kind>object</kind>
         <file>startup_msp432p401r_ccs.obj</file>
         <name>startup_msp432p401r_ccs.obj</name>
      </input_file>
      <input_file id="fl-10">
         <path>.\</path>
         <kind>object</kind>
         <file>system_msp432p401r.obj</file>
         <name>system_msp432p401r.obj</name>
      </input_file>
      <input_file id="fl-14">
         <kind>object</kind>
         <file>&lt;internal&gt;</file>
         <name>&lt;internal&gt;</name>
      </input_file>
      <input_file id="fl-ca">
         <path>C:\ti\ccs1000\ccs\tools\compiler\ti-cgt-arm_20.2.0.LTS\lib\</path>
         <kind>archive</kind>
         <file>rtsv7M4_T_le_v4SPD16_eabi.lib</file>
         <name>e_log2.c.obj</name>
      </input_file>
      <input_file id="fl-cb">
         <path>C:\ti\ccs1000\ccs\tools\compiler\ti-cgt-arm_20.2.0.LTS\lib\</path>
         <kind>archive</kind>
         <file>rtsv7M4_T_le_v4SPD16_eabi.lib</file>
         <name>e_pow.c.obj</name>
      </input_file>
      <input_file id="fl-cc">
         <path>C:\ti\ccs1000\ccs\tools\compiler\ti-cgt-arm_20.2.0.LTS\lib\</path>
         <kind>archive</kind>
         <file>rtsv7M4_T_le_v4SPD16_eabi.lib</file>
         <name>e_sqrt.c.obj</name>
      </input_file>
      <input_file id="fl-cd">
         <path>C:\ti\ccs1000\ccs\tools\compiler\ti-cgt-arm_20.2.0.LTS\lib\</path>
         <kind>archive</kind>
         <file>rtsv7M4_T_le_v4SPD16_eabi.lib</file>
         <name>s_scalbn.c.obj</name>
      </input_file>
      <input_file id="fl-ce">
         <path>C:\ti\ccs1000\ccs\tools\compiler\ti-cgt-arm_20.2.0.LTS\lib\</path>
         <kind>archive</kind>
         <file>rtsv7M4_T_le_v4SPD16_eabi.lib</file>
         <name>s_copysign.c.obj</name>
      </input_file>
      <input_file id="fl-cf">
         <path>C:\ti\ccs1000\ccs\tools\compiler\ti-cgt-arm_20.2.0.LTS\lib\</path>
         <kind>archive</kind>
         <file>rtsv7M4_T_le_v4SPD16_eabi.lib</file>
         <name>printf.c.obj</name>
      </input_file>
      <input_file id="fl-d0">
         <path>C:\ti\ccs1000\ccs\tools\compiler\ti-cgt-arm_20.2.0.LTS\lib\</path>
         <kind>archive</kind>
         <file>rtsv7M4_T_le_v4SPD16_eabi.lib</file>
         <name>_printfi.c.obj</name>
      </input_file>
      <input_file id="fl-d1">
         <path>C:\ti\ccs1000\ccs\tools\compiler\ti-cgt-arm_20.2.0.LTS\lib\</path>
         <kind>archive</kind>
         <file>rtsv7M4_T_le_v4SPD16_eabi.lib</file>
         <name>sprintf.c.obj</name>
      </input_file>
      <input_file id="fl-d2">
         <path>C:\ti\ccs1000\ccs\tools\compiler\ti-cgt-arm_20.2.0.LTS\lib\</path>
         <kind>archive</kind>
         <file>rtsv7M4_T_le_v4SPD16_eabi.lib</file>
         <name>fputc.c.obj</name>
      </input_file>
      <input_file id="fl-d3">
         <path>C:\ti\ccs1000\ccs\tools\compiler\ti-cgt-arm_20.2.0.LTS\lib\</path>
         <kind>archive</kind>
         <file>rtsv7M4_T_le_v4SPD16_eabi.lib</file>
         <name>fputs.c.obj</name>
      </input_file>
      <input_file id="fl-d4">
         <path>C:\ti\ccs1000\ccs\tools\compiler\ti-cgt-arm_20.2.0.LTS\lib\</path>
         <kind>archive</kind>
         <file>rtsv7M4_T_le_v4SPD16_eabi.lib</file>
         <name>_io_perm.c.obj</name>
      </input_file>
      <input_file id="fl-d5">
         <path>C:\ti\ccs1000\ccs\tools\compiler\ti-cgt-arm_20.2.0.LTS\lib\</path>
         <kind>archive</kind>
         <file>rtsv7M4_T_le_v4SPD16_eabi.lib</file>
         <name>setvbuf.c.obj</name>
      </input_file>
      <input_file id="fl-d6">
         <path>C:\ti\ccs1000\ccs\tools\compiler\ti-cgt-arm_20.2.0.LTS\lib\</path>
         <kind>archive</kind>
         <file>rtsv7M4_T_le_v4SPD16_eabi.lib</file>
         <name>fd_add_t2.asm.obj</name>
      </input_file>
      <input_file id="fl-d7">
         <path>C:\ti\ccs1000\ccs\tools\compiler\ti-cgt-arm_20.2.0.LTS\lib\</path>
         <kind>archive</kind>
         <file>rtsv7M4_T_le_v4SPD16_eabi.lib</file>
         <name>fd_cmp_t2.asm.obj</name>
      </input_file>
      <input_file id="fl-d8">
         <path>C:\ti\ccs1000\ccs\tools\compiler\ti-cgt-arm_20.2.0.LTS\lib\</path>
         <kind>archive</kind>
         <file>rtsv7M4_T_le_v4SPD16_eabi.lib</file>
         <name>fd_div_t2.asm.obj</name>
      </input_file>
      <input_file id="fl-d9">
         <path>C:\ti\ccs1000\ccs\tools\compiler\ti-cgt-arm_20.2.0.LTS\lib\</path>
         <kind>archive</kind>
         <file>rtsv7M4_T_le_v4SPD16_eabi.lib</file>
         <name>fd_mul_t2.asm.obj</name>
      </input_file>
      <input_file id="fl-da">
         <path>C:\ti\ccs1000\ccs\tools\compiler\ti-cgt-arm_20.2.0.LTS\lib\</path>
         <kind>archive</kind>
         <file>rtsv7M4_T_le_v4SPD16_eabi.lib</file>
         <name>fd_toi_t2.asm.obj</name>
      </input_file>
      <input_file id="fl-db">
         <path>C:\ti\ccs1000\ccs\tools\compiler\ti-cgt-arm_20.2.0.LTS\lib\</path>
         <kind>archive</kind>
         <file>rtsv7M4_T_le_v4SPD16_eabi.lib</file>
         <name>i_tofd_t2.asm.obj</name>
      </input_file>
      <input_file id="fl-dc">
         <path>C:\ti\ccs1000\ccs\tools\compiler\ti-cgt-arm_20.2.0.LTS\lib\</path>
         <kind>archive</kind>
         <file>rtsv7M4_T_le_v4SPD16_eabi.lib</file>
         <name>memcpy_t2.asm.obj</name>
      </input_file>
      <input_file id="fl-dd">
         <path>C:\ti\ccs1000\ccs\tools\compiler\ti-cgt-arm_20.2.0.LTS\lib\</path>
         <kind>archive</kind>
         <file>rtsv7M4_T_le_v4SPD16_eabi.lib</file>
         <name>memset_t2.asm.obj</name>
      </input_file>
      <input_file id="fl-de">
         <path>C:\ti\ccs1000\ccs\tools\compiler\ti-cgt-arm_20.2.0.LTS\lib\</path>
         <kind>archive</kind>
         <file>rtsv7M4_T_le_v4SPD16_eabi.lib</file>
         <name>ull_div_t2.asm.obj</name>
      </input_file>
      <input_file id="fl-df">
         <path>C:\ti\ccs1000\ccs\tools\compiler\ti-cgt-arm_20.2.0.LTS\lib\</path>
         <kind>archive</kind>
         <file>rtsv7M4_T_le_v4SPD16_eabi.lib</file>
         <name>copy_zero_init.c.obj</name>
      </input_file>
      <input_file id="fl-e0">
         <path>C:\ti\ccs1000\ccs\tools\compiler\ti-cgt-arm_20.2.0.LTS\lib\</path>
         <kind>archive</kind>
         <file>rtsv7M4_T_le_v4SPD16_eabi.lib</file>
         <name>copy_decompress_none.c.obj</name>
      </input_file>
      <input_file id="fl-e1">
         <path>C:\ti\ccs1000\ccs\tools\compiler\ti-cgt-arm_20.2.0.LTS\lib\</path>
         <kind>archive</kind>
         <file>rtsv7M4_T_le_v4SPD16_eabi.lib</file>
         <name>copy_decompress_lzss.c.obj</name>
      </input_file>
      <input_file id="fl-e2">
         <path>C:\ti\ccs1000\ccs\tools\compiler\ti-cgt-arm_20.2.0.LTS\lib\</path>
         <kind>archive</kind>
         <file>rtsv7M4_T_le_v4SPD16_eabi.lib</file>
         <name>exit.c.obj</name>
      </input_file>
      <input_file id="fl-e3">
         <path>C:\ti\ccs1000\ccs\tools\compiler\ti-cgt-arm_20.2.0.LTS\lib\</path>
         <kind>archive</kind>
         <file>rtsv7M4_T_le_v4SPD16_eabi.lib</file>
         <name>_lock.c.obj</name>
      </input_file>
      <input_file id="fl-e4">
         <path>C:\ti\ccs1000\ccs\tools\compiler\ti-cgt-arm_20.2.0.LTS\lib\</path>
         <kind>archive</kind>
         <file>rtsv7M4_T_le_v4SPD16_eabi.lib</file>
         <name>_ltoa.c.obj</name>
      </input_file>
      <input_file id="fl-e5">
         <path>C:\ti\ccs1000\ccs\tools\compiler\ti-cgt-arm_20.2.0.LTS\lib\</path>
         <kind>archive</kind>
         <file>rtsv7M4_T_le_v4SPD16_eabi.lib</file>
         <name>atoi.c.obj</name>
      </input_file>
      <input_file id="fl-e6">
         <path>C:\ti\ccs1000\ccs\tools\compiler\ti-cgt-arm_20.2.0.LTS\lib\</path>
         <kind>archive</kind>
         <file>rtsv7M4_T_le_v4SPD16_eabi.lib</file>
         <name>ctype.c.obj</name>
      </input_file>
      <input_file id="fl-e7">
         <path>C:\ti\ccs1000\ccs\tools\compiler\ti-cgt-arm_20.2.0.LTS\lib\</path>
         <kind>archive</kind>
         <file>rtsv7M4_T_le_v4SPD16_eabi.lib</file>
         <name>defs.c.obj</name>
      </input_file>
      <input_file id="fl-e8">
         <path>C:\ti\ccs1000\ccs\tools\compiler\ti-cgt-arm_20.2.0.LTS\lib\</path>
         <kind>archive</kind>
         <file>rtsv7M4_T_le_v4SPD16_eabi.lib</file>
         <name>memccpy.c.obj</name>
      </input_file>
      <input_file id="fl-e9">
         <path>C:\ti\ccs1000\ccs\tools\compiler\ti-cgt-arm_20.2.0.LTS\lib\</path>
         <kind>archive</kind>
         <file>rtsv7M4_T_le_v4SPD16_eabi.lib</file>
         <name>memchr.c.obj</name>
      </input_file>
      <input_file id="fl-ea">
         <path>C:\ti\ccs1000\ccs\tools\compiler\ti-cgt-arm_20.2.0.LTS\lib\</path>
         <kind>archive</kind>
         <file>rtsv7M4_T_le_v4SPD16_eabi.lib</file>
         <name>memory.c.obj</name>
      </input_file>
      <input_file id="fl-eb">
         <path>C:\ti\ccs1000\ccs\tools\compiler\ti-cgt-arm_20.2.0.LTS\lib\</path>
         <kind>archive</kind>
         <file>rtsv7M4_T_le_v4SPD16_eabi.lib</file>
         <name>rand.c.obj</name>
      </input_file>
      <input_file id="fl-ec">
         <path>C:\ti\ccs1000\ccs\tools\compiler\ti-cgt-arm_20.2.0.LTS\lib\</path>
         <kind>archive</kind>
         <file>rtsv7M4_T_le_v4SPD16_eabi.lib</file>
         <name>strchr.c.obj</name>
      </input_file>
      <input_file id="fl-ed">
         <path>C:\ti\ccs1000\ccs\tools\compiler\ti-cgt-arm_20.2.0.LTS\lib\</path>
         <kind>archive</kind>
         <file>rtsv7M4_T_le_v4SPD16_eabi.lib</file>
         <name>strlen.c.obj</name>
      </input_file>
      <input_file id="fl-ee">
         <path>C:\ti\ccs1000\ccs\tools\compiler\ti-cgt-arm_20.2.0.LTS\lib\</path>
         <kind>archive</kind>
         <file>rtsv7M4_T_le_v4SPD16_eabi.lib</file>
         <name>write.c.obj</name>
      </input_file>
      <input_file id="fl-ef">
         <path>C:\ti\ccs1000\ccs\tools\compiler\ti-cgt-arm_20.2.0.LTS\lib\</path>
         <kind>archive</kind>
         <file>rtsv7M4_T_le_v4SPD16_eabi.lib</file>
         <name>host_device.c.obj</name>
      </input_file>
      <input_file id="fl-f0">
         <path>C:\ti\ccs1000\ccs\tools\compiler\ti-cgt-arm_20.2.0.LTS\lib\</path>
         <kind>archive</kind>
         <file>rtsv7M4_T_le_v4SPD16_eabi.lib</file>
         <name>errno.c.obj</name>
      </input_file>
      <input_file id="fl-f1">
         <path>C:\ti\ccs1000\ccs\tools\compiler\ti-cgt-arm_20.2.0.LTS\lib\</path>
         <kind>archive</kind>
         <file>rtsv7M4_T_le_v4SPD16_eabi.lib</file>
         <name>boot_cortex_m.c.obj</name>
      </input_file>
      <input_file id="fl-f2">
         <path>C:\ti\ccs1000\ccs\tools\compiler\ti-cgt-arm_20.2.0.LTS\lib\</path>
         <kind>archive</kind>
         <file>rtsv7M4_T_le_v4SPD16_eabi.lib</file>
         <name>s_frexp.c.obj</name>
      </input_file>
      <input_file id="fl-f3">
         <path>C:\ti\ccs1000\ccs\tools\compiler\ti-cgt-arm_20.2.0.LTS\lib\</path>
         <kind>archive</kind>
         <file>rtsv7M4_T_le_v4SPD16_eabi.lib</file>
         <name>wcslen.c.obj</name>
      </input_file>
      <input_file id="fl-f4">
         <path>C:\ti\ccs1000\ccs\tools\compiler\ti-cgt-arm_20.2.0.LTS\lib\</path>
         <kind>archive</kind>
         <file>rtsv7M4_T_le_v4SPD16_eabi.lib</file>
         <name>fflush.c.obj</name>
      </input_file>
      <input_file id="fl-f5">
         <path>C:\ti\ccs1000\ccs\tools\compiler\ti-cgt-arm_20.2.0.LTS\lib\</path>
         <kind>archive</kind>
         <file>rtsv7M4_T_le_v4SPD16_eabi.lib</file>
         <name>fopen.c.obj</name>
      </input_file>
      <input_file id="fl-f6">
         <path>C:\ti\ccs1000\ccs\tools\compiler\ti-cgt-arm_20.2.0.LTS\lib\</path>
         <kind>archive</kind>
         <file>rtsv7M4_T_le_v4SPD16_eabi.lib</file>
         <name>fseek.c.obj</name>
      </input_file>
      <input_file id="fl-f7">
         <path>C:\ti\ccs1000\ccs\tools\compiler\ti-cgt-arm_20.2.0.LTS\lib\</path>
         <kind>archive</kind>
         <file>rtsv7M4_T_le_v4SPD16_eabi.lib</file>
         <name>div0.asm.obj</name>
      </input_file>
      <input_file id="fl-f8">
         <path>C:\ti\ccs1000\ccs\tools\compiler\ti-cgt-arm_20.2.0.LTS\lib\</path>
         <kind>archive</kind>
         <file>rtsv7M4_T_le_v4SPD16_eabi.lib</file>
         <name>autoinit.c.obj</name>
      </input_file>
      <input_file id="fl-f9">
         <path>C:\ti\ccs1000\ccs\tools\compiler\ti-cgt-arm_20.2.0.LTS\lib\</path>
         <kind>archive</kind>
         <file>rtsv7M4_T_le_v4SPD16_eabi.lib</file>
         <name>pre_init.c.obj</name>
      </input_file>
      <input_file id="fl-fa">
         <path>C:\ti\ccs1000\ccs\tools\compiler\ti-cgt-arm_20.2.0.LTS\lib\</path>
         <kind>archive</kind>
         <file>rtsv7M4_T_le_v4SPD16_eabi.lib</file>
         <name>cpy_tbl.c.obj</name>
      </input_file>
      <input_file id="fl-fb">
         <path>C:\ti\ccs1000\ccs\tools\compiler\ti-cgt-arm_20.2.0.LTS\lib\</path>
         <kind>archive</kind>
         <file>rtsv7M4_T_le_v4SPD16_eabi.lib</file>
         <name>args_main.c.obj</name>
      </input_file>
      <input_file id="fl-fc">
         <path>C:\ti\ccs1000\ccs\tools\compiler\ti-cgt-arm_20.2.0.LTS\lib\</path>
         <kind>archive</kind>
         <file>rtsv7M4_T_le_v4SPD16_eabi.lib</file>
         <name>hostclose.c.obj</name>
      </input_file>
      <input_file id="fl-fd">
         <path>C:\ti\ccs1000\ccs\tools\compiler\ti-cgt-arm_20.2.0.LTS\lib\</path>
         <kind>archive</kind>
         <file>rtsv7M4_T_le_v4SPD16_eabi.lib</file>
         <name>hostlseek.c.obj</name>
      </input_file>
      <input_file id="fl-fe">
         <path>C:\ti\ccs1000\ccs\tools\compiler\ti-cgt-arm_20.2.0.LTS\lib\</path>
         <kind>archive</kind>
         <file>rtsv7M4_T_le_v4SPD16_eabi.lib</file>
         <name>hostopen.c.obj</name>
      </input_file>
      <input_file id="fl-ff">
         <path>C:\ti\ccs1000\ccs\tools\compiler\ti-cgt-arm_20.2.0.LTS\lib\</path>
         <kind>archive</kind>
         <file>rtsv7M4_T_le_v4SPD16_eabi.lib</file>
         <name>hostread.c.obj</name>
      </input_file>
      <input_file id="fl-100">
         <path>C:\ti\ccs1000\ccs\tools\compiler\ti-cgt-arm_20.2.0.LTS\lib\</path>
         <kind>archive</kind>
         <file>rtsv7M4_T_le_v4SPD16_eabi.lib</file>
         <name>hostrename.c.obj</name>
      </input_file>
      <input_file id="fl-101">
         <path>C:\ti\ccs1000\ccs\tools\compiler\ti-cgt-arm_20.2.0.LTS\lib\</path>
         <kind>archive</kind>
         <file>rtsv7M4_T_le_v4SPD16_eabi.lib</file>
         <name>hostunlink.c.obj</name>
      </input_file>
      <input_file id="fl-102">
         <path>C:\ti\ccs1000\ccs\tools\compiler\ti-cgt-arm_20.2.0.LTS\lib\</path>
         <kind>archive</kind>
         <file>rtsv7M4_T_le_v4SPD16_eabi.lib</file>
         <name>hostwrite.c.obj</name>
      </input_file>
      <input_file id="fl-103">
         <path>C:\ti\ccs1000\ccs\tools\compiler\ti-cgt-arm_20.2.0.LTS\lib\</path>
         <kind>archive</kind>
         <file>rtsv7M4_T_le_v4SPD16_eabi.lib</file>
         <name>trgmsg.c.obj</name>
      </input_file>
      <input_file id="fl-104">
         <path>C:\ti\ccs1000\ccs\tools\compiler\ti-cgt-arm_20.2.0.LTS\lib\</path>
         <kind>archive</kind>
         <file>rtsv7M4_T_le_v4SPD16_eabi.lib</file>
         <name>open.c.obj</name>
      </input_file>
      <input_file id="fl-105">
         <path>C:\ti\ccs1000\ccs\tools\compiler\ti-cgt-arm_20.2.0.LTS\lib\</path>
         <kind>archive</kind>
         <file>rtsv7M4_T_le_v4SPD16_eabi.lib</file>
         <name>lseek.c.obj</name>
      </input_file>
      <input_file id="fl-106">
         <path>C:\ti\ccs1000\ccs\tools\compiler\ti-cgt-arm_20.2.0.LTS\lib\</path>
         <kind>archive</kind>
         <file>rtsv7M4_T_le_v4SPD16_eabi.lib</file>
         <name>fclose.c.obj</name>
      </input_file>
      <input_file id="fl-107">
         <path>C:\ti\ccs1000\ccs\tools\compiler\ti-cgt-arm_20.2.0.LTS\lib\</path>
         <kind>archive</kind>
         <file>rtsv7M4_T_le_v4SPD16_eabi.lib</file>
         <name>getdevice.c.obj</name>
      </input_file>
      <input_file id="fl-108">
         <path>C:\ti\ccs1000\ccs\tools\compiler\ti-cgt-arm_20.2.0.LTS\lib\</path>
         <kind>archive</kind>
         <file>rtsv7M4_T_le_v4SPD16_eabi.lib</file>
         <name>strcmp.c.obj</name>
      </input_file>
      <input_file id="fl-109">
         <path>C:\ti\ccs1000\ccs\tools\compiler\ti-cgt-arm_20.2.0.LTS\lib\</path>
         <kind>archive</kind>
         <file>rtsv7M4_T_le_v4SPD16_eabi.lib</file>
         <name>strcpy.c.obj</name>
      </input_file>
      <input_file id="fl-10a">
         <path>C:\ti\ccs1000\ccs\tools\compiler\ti-cgt-arm_20.2.0.LTS\lib\</path>
         <kind>archive</kind>
         <file>rtsv7M4_T_le_v4SPD16_eabi.lib</file>
         <name>strncpy.c.obj</name>
      </input_file>
      <input_file id="fl-10b">
         <path>C:\ti\ccs1000\ccs\tools\compiler\ti-cgt-arm_20.2.0.LTS\lib\</path>
         <kind>archive</kind>
         <file>rtsv7M4_T_le_v4SPD16_eabi.lib</file>
         <name>remove.c.obj</name>
      </input_file>
      <input_file id="fl-10c">
         <path>C:\ti\ccs1000\ccs\tools\compiler\ti-cgt-arm_20.2.0.LTS\lib\</path>
         <kind>archive</kind>
         <file>rtsv7M4_T_le_v4SPD16_eabi.lib</file>
         <name>close.c.obj</name>
      </input_file>
      <input_file id="fl-10d">
         <path>C:\ti\ccs1000\ccs\tools\compiler\ti-cgt-arm_20.2.0.LTS\lib\</path>
         <kind>archive</kind>
         <file>rtsv7M4_T_le_v4SPD16_eabi.lib</file>
         <name>unlink.c.obj</name>
      </input_file>
   </input_file_list>
   <object_component_list>
      <object_component id="oc-26">
         <name>.intvecs:retain</name>
         <load_address>0x0</load_address>
         <run_address>0x0</run_address>
         <size>0xe4</size>
         <input_file_ref idref="fl-f"/>
      </object_component>
      <object_component id="oc-1c9">
         <name>.text:__TI_printfi</name>
         <load_address>0xe4</load_address>
         <run_address>0xe4</run_address>
         <size>0xa4e</size>
         <input_file_ref idref="fl-d0"/>
      </object_component>
      <object_component id="oc-209">
         <name>.text:_nop</name>
         <load_address>0xb32</load_address>
         <run_address>0xb32</run_address>
         <size>0x2</size>
         <input_file_ref idref="fl-e3"/>
      </object_component>
      <object_component id="oc-c4">
         <name>.text</name>
         <load_address>0xb34</load_address>
         <run_address>0xb34</run_address>
         <size>0x334</size>
         <input_file_ref idref="fl-10"/>
      </object_component>
      <object_component id="oc-1b4">
         <name>.text:log2</name>
         <load_address>0xe68</load_address>
         <run_address>0xe68</run_address>
         <size>0x2b0</size>
         <input_file_ref idref="fl-ca"/>
      </object_component>
      <object_component id="oc-279">
         <name>.text:_pconv_a</name>
         <load_address>0x1118</load_address>
         <run_address>0x1118</run_address>
         <size>0x270</size>
         <input_file_ref idref="fl-d0"/>
      </object_component>
      <object_component id="oc-82">
         <name>.text</name>
         <load_address>0x1388</load_address>
         <run_address>0x1388</run_address>
         <size>0x1f0</size>
         <input_file_ref idref="fl-c"/>
      </object_component>
      <object_component id="oc-267">
         <name>.text:_pconv_g</name>
         <load_address>0x1578</load_address>
         <run_address>0x1578</run_address>
         <size>0x1d0</size>
         <input_file_ref idref="fl-d0"/>
      </object_component>
      <object_component id="oc-131">
         <name>.text</name>
         <load_address>0x1748</load_address>
         <run_address>0x1748</run_address>
         <size>0x1b8</size>
         <input_file_ref idref="fl-3"/>
      </object_component>
      <object_component id="oc-1ba">
         <name>.text</name>
         <load_address>0x1900</load_address>
         <run_address>0x1900</run_address>
         <size>0x1b6</size>
         <input_file_ref idref="fl-d6"/>
      </object_component>
      <object_component id="oc-374">
         <name>.text</name>
         <load_address>0x1ab6</load_address>
         <run_address>0x1ab6</run_address>
         <size>0x2</size>
         <input_file_ref idref="fl-f7"/>
      </object_component>
      <object_component id="oc-7c">
         <name>.text</name>
         <load_address>0x1ab8</load_address>
         <run_address>0x1ab8</run_address>
         <size>0x1b4</size>
         <input_file_ref idref="fl-8"/>
      </object_component>
      <object_component id="oc-db">
         <name>.text</name>
         <load_address>0x1c6c</load_address>
         <run_address>0x1c6c</run_address>
         <size>0x154</size>
         <input_file_ref idref="fl-2"/>
      </object_component>
      <object_component id="oc-76">
         <name>.text</name>
         <load_address>0x1dc0</load_address>
         <run_address>0x1dc0</run_address>
         <size>0x150</size>
         <input_file_ref idref="fl-7"/>
      </object_component>
      <object_component id="oc-f1">
         <name>.text</name>
         <load_address>0x1f10</load_address>
         <run_address>0x1f10</run_address>
         <size>0x14c</size>
         <input_file_ref idref="fl-9"/>
      </object_component>
      <object_component id="oc-273">
         <name>.text:_pconv_e</name>
         <load_address>0x205c</load_address>
         <run_address>0x205c</run_address>
         <size>0x13c</size>
         <input_file_ref idref="fl-d0"/>
      </object_component>
      <object_component id="oc-23f">
         <name>.text</name>
         <load_address>0x2198</load_address>
         <run_address>0x2198</run_address>
         <size>0x136</size>
         <input_file_ref idref="fl-d8"/>
      </object_component>
      <object_component id="oc-fd">
         <name>.text</name>
         <load_address>0x22d0</load_address>
         <run_address>0x22d0</run_address>
         <size>0x130</size>
         <input_file_ref idref="fl-4"/>
      </object_component>
      <object_component id="oc-304">
         <name>.text:fcvt</name>
         <load_address>0x2400</load_address>
         <run_address>0x2400</run_address>
         <size>0x124</size>
         <input_file_ref idref="fl-d0"/>
      </object_component>
      <object_component id="oc-29b">
         <name>.text:fputs</name>
         <load_address>0x2524</load_address>
         <run_address>0x2524</run_address>
         <size>0x114</size>
         <input_file_ref idref="fl-d3"/>
      </object_component>
      <object_component id="oc-318">
         <name>.text:scalbn</name>
         <load_address>0x2638</load_address>
         <run_address>0x2638</run_address>
         <size>0x110</size>
         <input_file_ref idref="fl-cd"/>
      </object_component>
      <object_component id="oc-416">
         <name>.text:aligned_alloc</name>
         <load_address>0x2748</load_address>
         <run_address>0x2748</run_address>
         <size>0x108</size>
         <input_file_ref idref="fl-ea"/>
      </object_component>
      <object_component id="oc-eb">
         <name>.text</name>
         <load_address>0x2850</load_address>
         <run_address>0x2850</run_address>
         <size>0x100</size>
         <input_file_ref idref="fl-a"/>
      </object_component>
      <object_component id="oc-23a">
         <name>.text</name>
         <load_address>0x2950</load_address>
         <run_address>0x2950</run_address>
         <size>0xfc</size>
         <input_file_ref idref="fl-d9"/>
      </object_component>
      <object_component id="oc-f7">
         <name>.text</name>
         <load_address>0x2a4c</load_address>
         <run_address>0x2a4c</run_address>
         <size>0xe4</size>
         <input_file_ref idref="fl-6"/>
      </object_component>
      <object_component id="oc-3d4">
         <name>.text:free</name>
         <load_address>0x2b30</load_address>
         <run_address>0x2b30</run_address>
         <size>0xe4</size>
         <input_file_ref idref="fl-ea"/>
      </object_component>
      <object_component id="oc-3a6">
         <name>.text:setvbuf</name>
         <load_address>0x2c14</load_address>
         <run_address>0x2c14</run_address>
         <size>0xdc</size>
         <input_file_ref idref="fl-d5"/>
      </object_component>
      <object_component id="oc-25c">
         <name>.text:_ltostr</name>
         <load_address>0x2cf0</load_address>
         <run_address>0x2cf0</run_address>
         <size>0xb1</size>
         <input_file_ref idref="fl-d0"/>
      </object_component>
      <object_component id="oc-3a">
         <name>.text</name>
         <load_address>0x2da2</load_address>
         <run_address>0x2da2</run_address>
         <size>0x9c</size>
         <input_file_ref idref="fl-dc"/>
      </object_component>
      <object_component id="oc-2e5">
         <name>.text</name>
         <load_address>0x2e3e</load_address>
         <run_address>0x2e3e</run_address>
         <size>0x96</size>
         <input_file_ref idref="fl-de"/>
      </object_component>
      <object_component id="oc-2a2">
         <name>.text:fputc</name>
         <load_address>0x2ed4</load_address>
         <run_address>0x2ed4</run_address>
         <size>0x8c</size>
         <input_file_ref idref="fl-d2"/>
      </object_component>
      <object_component id="oc-262">
         <name>.text:__aeabi_cdcmple</name>
         <load_address>0x2f60</load_address>
         <run_address>0x2f60</run_address>
         <size>0x86</size>
         <input_file_ref idref="fl-d7"/>
      </object_component>
      <object_component id="oc-2ec">
         <name>.text:__aeabi_cdrcmple</name>
         <load_address>0x2fe6</load_address>
         <run_address>0x2fe6</run_address>
         <size>0x86</size>
         <input_file_ref idref="fl-d7"/>
      </object_component>
      <object_component id="oc-a6">
         <name>.text</name>
         <load_address>0x306c</load_address>
         <run_address>0x306c</run_address>
         <size>0x7a</size>
         <input_file_ref idref="fl-dd"/>
      </object_component>
      <object_component id="oc-41d">
         <name>.text:__TI_closefile</name>
         <load_address>0x30e8</load_address>
         <run_address>0x30e8</run_address>
         <size>0x74</size>
         <input_file_ref idref="fl-106"/>
      </object_component>
      <object_component id="oc-45e">
         <name>.text:split</name>
         <load_address>0x315c</load_address>
         <run_address>0x315c</run_address>
         <size>0x70</size>
         <input_file_ref idref="fl-ea"/>
      </object_component>
      <object_component id="oc-2fd">
         <name>.text:_mcpy</name>
         <load_address>0x31cc</load_address>
         <run_address>0x31cc</run_address>
         <size>0x6e</size>
         <input_file_ref idref="fl-d0"/>
      </object_component>
      <object_component id="oc-44d">
         <name>.text:HOSTrename</name>
         <load_address>0x323c</load_address>
         <run_address>0x323c</run_address>
         <size>0x6c</size>
         <input_file_ref idref="fl-100"/>
      </object_component>
      <object_component id="oc-441">
         <name>.text:HOSTlseek</name>
         <load_address>0x32a8</load_address>
         <run_address>0x32a8</run_address>
         <size>0x68</size>
         <input_file_ref idref="fl-fd"/>
      </object_component>
      <object_component id="oc-17">
         <name>.text:decompress:lzss:__TI_decompress_lzss</name>
         <load_address>0x3310</load_address>
         <run_address>0x3310</run_address>
         <size>0x68</size>
         <input_file_ref idref="fl-e1"/>
      </object_component>
      <object_component id="oc-103">
         <name>.text:printf</name>
         <load_address>0x3378</load_address>
         <run_address>0x3378</run_address>
         <size>0x68</size>
         <input_file_ref idref="fl-cf"/>
      </object_component>
      <object_component id="oc-70">
         <name>.text</name>
         <load_address>0x33e0</load_address>
         <run_address>0x33e0</run_address>
         <size>0x64</size>
         <input_file_ref idref="fl-5"/>
      </object_component>
      <object_component id="oc-312">
         <name>.text:frexp</name>
         <load_address>0x3444</load_address>
         <run_address>0x3444</run_address>
         <size>0x64</size>
         <input_file_ref idref="fl-f2"/>
      </object_component>
      <object_component id="oc-3a0">
         <name>.text:fseek</name>
         <load_address>0x34a8</load_address>
         <run_address>0x34a8</run_address>
         <size>0x64</size>
         <input_file_ref idref="fl-f6"/>
      </object_component>
      <object_component id="oc-b2">
         <name>.text</name>
         <load_address>0x350c</load_address>
         <run_address>0x350c</run_address>
         <size>0x64</size>
         <input_file_ref idref="fl-d"/>
      </object_component>
      <object_component id="oc-341">
         <name>.text:__TI_wrt_ok</name>
         <load_address>0x3570</load_address>
         <run_address>0x3570</run_address>
         <size>0x62</size>
         <input_file_ref idref="fl-d4"/>
      </object_component>
      <object_component id="oc-429">
         <name>.text:HOSTopen</name>
         <load_address>0x35d4</load_address>
         <run_address>0x35d4</run_address>
         <size>0x60</size>
         <input_file_ref idref="fl-fe"/>
      </object_component>
      <object_component id="oc-465">
         <name>.text:close</name>
         <load_address>0x3634</load_address>
         <run_address>0x3634</run_address>
         <size>0x5c</size>
         <input_file_ref idref="fl-10c"/>
      </object_component>
      <object_component id="oc-435">
         <name>.text:HOSTread</name>
         <load_address>0x3690</load_address>
         <run_address>0x3690</run_address>
         <size>0x58</size>
         <input_file_ref idref="fl-ff"/>
      </object_component>
      <object_component id="oc-43b">
         <name>.text:HOSTwrite</name>
         <load_address>0x36e8</load_address>
         <run_address>0x36e8</run_address>
         <size>0x58</size>
         <input_file_ref idref="fl-102"/>
      </object_component>
      <object_component id="oc-26d">
         <name>.text:_pconv_f</name>
         <load_address>0x3740</load_address>
         <run_address>0x3740</run_address>
         <size>0x56</size>
         <input_file_ref idref="fl-d0"/>
      </object_component>
      <object_component id="oc-2f1">
         <name>.text:__TI_ltoa</name>
         <load_address>0x3796</load_address>
         <run_address>0x3796</run_address>
         <size>0x54</size>
         <input_file_ref idref="fl-e4"/>
      </object_component>
      <object_component id="oc-2f7">
         <name>.text:_ecpy</name>
         <load_address>0x37ea</load_address>
         <run_address>0x37ea</run_address>
         <size>0x52</size>
         <input_file_ref idref="fl-d0"/>
      </object_component>
      <object_component id="oc-34d">
         <name>.text:__TI_doflush</name>
         <load_address>0x383c</load_address>
         <run_address>0x383c</run_address>
         <size>0x4c</size>
         <input_file_ref idref="fl-f4"/>
      </object_component>
      <object_component id="oc-256">
         <name>.text:atoi</name>
         <load_address>0x3888</load_address>
         <run_address>0x3888</run_address>
         <size>0x4c</size>
         <input_file_ref idref="fl-e5"/>
      </object_component>
      <object_component id="oc-13e">
         <name>.text:exit</name>
         <load_address>0x38d4</load_address>
         <run_address>0x38d4</run_address>
         <size>0x48</size>
         <input_file_ref idref="fl-e2"/>
      </object_component>
      <object_component id="oc-1bf">
         <name>.text</name>
         <load_address>0x391c</load_address>
         <run_address>0x391c</run_address>
         <size>0x48</size>
         <input_file_ref idref="fl-da"/>
      </object_component>
      <object_component id="oc-42f">
         <name>.text:HOSTclose</name>
         <load_address>0x3964</load_address>
         <run_address>0x3964</run_address>
         <size>0x44</size>
         <input_file_ref idref="fl-fc"/>
      </object_component>
      <object_component id="oc-447">
         <name>.text:HOSTunlink</name>
         <load_address>0x39a8</load_address>
         <run_address>0x39a8</run_address>
         <size>0x44</size>
         <input_file_ref idref="fl-101"/>
      </object_component>
      <object_component id="oc-144">
         <name>.text:__TI_auto_init_nobinit_nopinit:__TI_auto_init_nobinit_nopinit</name>
         <load_address>0x39ec</load_address>
         <run_address>0x39ec</run_address>
         <size>0x44</size>
         <input_file_ref idref="fl-f8"/>
      </object_component>
      <object_component id="oc-49d">
         <name>.text:getdevice</name>
         <load_address>0x3a30</load_address>
         <run_address>0x3a30</run_address>
         <size>0x44</size>
         <input_file_ref idref="fl-107"/>
      </object_component>
      <object_component id="oc-1a0">
         <name>.text:sprintf</name>
         <load_address>0x3a74</load_address>
         <run_address>0x3a74</run_address>
         <size>0x40</size>
         <input_file_ref idref="fl-d1"/>
      </object_component>
      <object_component id="oc-30a">
         <name>.text:_fcpy</name>
         <load_address>0x3ab4</load_address>
         <run_address>0x3ab4</run_address>
         <size>0x3e</size>
         <input_file_ref idref="fl-d0"/>
      </object_component>
      <object_component id="oc-476">
         <name>.text:__TI_writemsg</name>
         <load_address>0x3af4</load_address>
         <run_address>0x3af4</run_address>
         <size>0x38</size>
         <input_file_ref idref="fl-103"/>
      </object_component>
      <object_component id="oc-4bf">
         <name>.text:strncpy</name>
         <load_address>0x3b2c</load_address>
         <run_address>0x3b2c</run_address>
         <size>0x36</size>
         <input_file_ref idref="fl-10a"/>
      </object_component>
      <object_component id="oc-3e0">
         <name>.text:__TI_cleanup</name>
         <load_address>0x3b64</load_address>
         <run_address>0x3b64</run_address>
         <size>0x34</size>
         <input_file_ref idref="fl-f5"/>
      </object_component>
      <object_component id="oc-47c">
         <name>.text:__TI_readmsg</name>
         <load_address>0x3b98</load_address>
         <run_address>0x3b98</run_address>
         <size>0x34</size>
         <input_file_ref idref="fl-103"/>
      </object_component>
      <object_component id="oc-58">
         <name>.text:_c_int00_noargs:_c_int00_noargs</name>
         <load_address>0x3bcc</load_address>
         <run_address>0x3bcc</run_address>
         <size>0x34</size>
         <input_file_ref idref="fl-f1"/>
      </object_component>
      <object_component id="oc-e5">
         <name>.text:rand</name>
         <load_address>0x3c00</load_address>
         <run_address>0x3c00</run_address>
         <size>0x34</size>
         <input_file_ref idref="fl-eb"/>
      </object_component>
      <object_component id="oc-4c5">
         <name>.text:finddevice</name>
         <load_address>0x3c34</load_address>
         <run_address>0x3c34</run_address>
         <size>0x30</size>
         <input_file_ref idref="fl-107"/>
      </object_component>
      <object_component id="oc-1af">
         <name>.text</name>
         <load_address>0x3c64</load_address>
         <run_address>0x3c64</run_address>
         <size>0x2e</size>
         <input_file_ref idref="fl-db"/>
      </object_component>
      <object_component id="oc-46b">
         <name>.text:unlink</name>
         <load_address>0x3c94</load_address>
         <run_address>0x3c94</run_address>
         <size>0x2c</size>
         <input_file_ref idref="fl-10d"/>
      </object_component>
      <object_component id="oc-40f">
         <name>.text:free_list_insert</name>
         <load_address>0x3cc0</load_address>
         <run_address>0x3cc0</run_address>
         <size>0x28</size>
         <input_file_ref idref="fl-ea"/>
      </object_component>
      <object_component id="oc-3cc">
         <name>.text:lseek</name>
         <load_address>0x3ce8</load_address>
         <run_address>0x3ce8</run_address>
         <size>0x28</size>
         <input_file_ref idref="fl-105"/>
      </object_component>
      <object_component id="oc-353">
         <name>.text:write</name>
         <load_address>0x3d10</load_address>
         <run_address>0x3d10</run_address>
         <size>0x28</size>
         <input_file_ref idref="fl-ee"/>
      </object_component>
      <object_component id="oc-347">
         <name>.text:memchr</name>
         <load_address>0x3d38</load_address>
         <run_address>0x3d38</run_address>
         <size>0x20</size>
         <input_file_ref idref="fl-e9"/>
      </object_component>
      <object_component id="oc-46">
         <name>.text:decompress:ZI:__TI_zero_init_nomemset:__TI_zero_init_nomemset</name>
         <load_address>0x3d58</load_address>
         <run_address>0x3d58</run_address>
         <size>0x1c</size>
         <input_file_ref idref="fl-df"/>
      </object_component>
      <object_component id="oc-409">
         <name>.text:free_list_remove</name>
         <load_address>0x3d74</load_address>
         <run_address>0x3d74</run_address>
         <size>0x1c</size>
         <input_file_ref idref="fl-ea"/>
      </object_component>
      <object_component id="oc-27f">
         <name>.text:memccpy</name>
         <load_address>0x3d90</load_address>
         <run_address>0x3d90</run_address>
         <size>0x1c</size>
         <input_file_ref idref="fl-e8"/>
      </object_component>
      <object_component id="oc-388">
         <name>.text:copysign</name>
         <load_address>0x3dac</load_address>
         <run_address>0x3dac</run_address>
         <size>0x1a</size>
         <input_file_ref idref="fl-ce"/>
      </object_component>
      <object_component id="oc-21e">
         <name>.text:_outs</name>
         <load_address>0x3dc6</load_address>
         <run_address>0x3dc6</run_address>
         <size>0x18</size>
         <input_file_ref idref="fl-d1"/>
      </object_component>
      <object_component id="oc-4dc">
         <name>.text:strcmp</name>
         <load_address>0x3dde</load_address>
         <run_address>0x3dde</run_address>
         <size>0x18</size>
         <input_file_ref idref="fl-108"/>
      </object_component>
      <object_component id="oc-31e">
         <name>.text:strchr</name>
         <load_address>0x3df6</load_address>
         <run_address>0x3df6</run_address>
         <size>0x16</size>
         <input_file_ref idref="fl-ec"/>
      </object_component>
      <object_component id="oc-490">
         <name>.text:strcpy</name>
         <load_address>0x3e0c</load_address>
         <run_address>0x3e0c</run_address>
         <size>0x14</size>
         <input_file_ref idref="fl-109"/>
      </object_component>
      <object_component id="oc-250">
         <name>.text:strlen</name>
         <load_address>0x3e20</load_address>
         <run_address>0x3e20</run_address>
         <size>0x14</size>
         <input_file_ref idref="fl-ed"/>
      </object_component>
      <object_component id="oc-285">
         <name>.text:wcslen</name>
         <load_address>0x3e34</load_address>
         <run_address>0x3e34</run_address>
         <size>0x12</size>
         <input_file_ref idref="fl-f3"/>
      </object_component>
      <object_component id="oc-1d">
         <name>.text:decompress:none:__TI_decompress_none</name>
         <load_address>0x3e46</load_address>
         <run_address>0x3e46</run_address>
         <size>0xe</size>
         <input_file_ref idref="fl-e0"/>
      </object_component>
      <object_component id="oc-6a">
         <name>.text</name>
         <load_address>0x3e54</load_address>
         <run_address>0x3e54</run_address>
         <size>0xe</size>
         <input_file_ref idref="fl-f"/>
      </object_component>
      <object_component id="oc-224">
         <name>.text:_outc</name>
         <load_address>0x3e62</load_address>
         <run_address>0x3e62</run_address>
         <size>0xa</size>
         <input_file_ref idref="fl-d1"/>
      </object_component>
      <object_component id="oc-234">
         <name>.text:__aeabi_errno_addr</name>
         <load_address>0x3e6c</load_address>
         <run_address>0x3e6c</run_address>
         <size>0x8</size>
         <input_file_ref idref="fl-f0"/>
      </object_component>
      <object_component id="oc-3da">
         <name>.text:malloc</name>
         <load_address>0x3e74</load_address>
         <run_address>0x3e74</run_address>
         <size>0x8</size>
         <input_file_ref idref="fl-ea"/>
      </object_component>
      <object_component id="oc-1d8">
         <name>.text:_outc</name>
         <load_address>0x3e7c</load_address>
         <run_address>0x3e7c</run_address>
         <size>0x4</size>
         <input_file_ref idref="fl-cf"/>
      </object_component>
      <object_component id="oc-1d2">
         <name>.text:_outs</name>
         <load_address>0x3e80</load_address>
         <run_address>0x3e80</run_address>
         <size>0x4</size>
         <input_file_ref idref="fl-cf"/>
      </object_component>
      <object_component id="oc-ac">
         <name>.text:_system_pre_init</name>
         <load_address>0x3e84</load_address>
         <run_address>0x3e84</run_address>
         <size>0x4</size>
         <input_file_ref idref="fl-f9"/>
      </object_component>
      <object_component id="oc-138">
         <name>.text:abort:abort</name>
         <load_address>0x3e88</load_address>
         <run_address>0x3e88</run_address>
         <size>0x4</size>
         <input_file_ref idref="fl-e2"/>
      </object_component>
      <object_component id="oc-2e0">
         <name>.const:.string:_ctypes_</name>
         <load_address>0x3e8c</load_address>
         <run_address>0x3e8c</run_address>
         <size>0x101</size>
         <input_file_ref idref="fl-e6"/>
      </object_component>
      <object_component id="oc-22c">
         <name>.const:.string</name>
         <load_address>0x3f90</load_address>
         <run_address>0x3f90</run_address>
         <size>0x3e</size>
         <input_file_ref idref="fl-9"/>
      </object_component>
      <object_component id="oc-1c4">
         <name>.const:$P$T0$1</name>
         <load_address>0x3fd0</load_address>
         <run_address>0x3fd0</run_address>
         <size>0x30</size>
         <input_file_ref idref="fl-4"/>
      </object_component>
      <object_component id="oc-19b">
         <name>.const:$P$T0$1</name>
         <load_address>0x4000</load_address>
         <run_address>0x4000</run_address>
         <size>0x6</size>
         <input_file_ref idref="fl-a"/>
      </object_component>
      <object_component id="oc-51c">
         <name>.cinit..data.load</name>
         <load_address>0x4008</load_address>
         <run_address>0x4008</run_address>
         <size>0x80</size>
      </object_component>
      <object_component id="oc-51a">
         <name>__TI_handler_table</name>
         <load_address>0x4088</load_address>
         <run_address>0x4088</run_address>
         <size>0xc</size>
      </object_component>
      <object_component id="oc-51d">
         <name>.cinit..bss.load</name>
         <load_address>0x4098</load_address>
         <run_address>0x4098</run_address>
         <size>0x8</size>
      </object_component>
      <object_component id="oc-51b">
         <name>__TI_cinit_table</name>
         <load_address>0x40a0</load_address>
         <run_address>0x40a0</run_address>
         <size>0x10</size>
      </object_component>
      <object_component id="oc-4ee">
         <name>.binit</name>
         <load_address>0x0</load_address>
         <run_address>0x0</run_address>
         <size>0x0</size>
      </object_component>
      <object_component id="oc-d1">
         <name>.data</name>
         <load_address>0x20000602</load_address>
         <run_address>0x20000602</run_address>
         <size>0x1</size>
         <input_file_ref idref="fl-7"/>
      </object_component>
      <object_component id="oc-e1">
         <name>.data</name>
         <load_address>0x20000603</load_address>
         <run_address>0x20000603</run_address>
         <size>0x1</size>
         <input_file_ref idref="fl-8"/>
      </object_component>
      <object_component id="oc-1a9">
         <name>.data</name>
         <load_address>0x20000604</load_address>
         <run_address>0x20000604</run_address>
         <size>0x1</size>
         <input_file_ref idref="fl-9"/>
      </object_component>
      <object_component id="oc-1a6">
         <name>.data:tasks</name>
         <load_address>0x200005c8</load_address>
         <run_address>0x200005c8</run_address>
         <size>0x10</size>
         <input_file_ref idref="fl-9"/>
      </object_component>
      <object_component id="oc-10a">
         <name>.data</name>
         <load_address>0x20000600</load_address>
         <run_address>0x20000600</run_address>
         <size>0x2</size>
         <input_file_ref idref="fl-c"/>
      </object_component>
      <object_component id="oc-176">
         <name>.data</name>
         <load_address>0x200005fc</load_address>
         <run_address>0x200005fc</run_address>
         <size>0x4</size>
         <input_file_ref idref="fl-10"/>
      </object_component>
      <object_component id="oc-1eb">
         <name>.data:$O1$$</name>
         <load_address>0x200005d8</load_address>
         <run_address>0x200005d8</run_address>
         <size>0xc</size>
         <input_file_ref idref="fl-e2"/>
      </object_component>
      <object_component id="oc-194">
         <name>.data:$O1$$</name>
         <load_address>0x200005e4</load_address>
         <run_address>0x200005e4</run_address>
         <size>0x8</size>
         <input_file_ref idref="fl-e3"/>
      </object_component>
      <object_component id="oc-1cf">
         <name>.data:_ftable</name>
         <load_address>0x20000400</load_address>
         <run_address>0x20000400</run_address>
         <size>0xf0</size>
         <input_file_ref idref="fl-e7"/>
      </object_component>
      <object_component id="oc-423">
         <name>.data</name>
         <load_address>0x200005b8</load_address>
         <run_address>0x200005b8</run_address>
         <size>0x10</size>
         <input_file_ref idref="fl-e7"/>
      </object_component>
      <object_component id="oc-459">
         <name>.data:$O1$$</name>
         <load_address>0x200005ec</load_address>
         <run_address>0x200005ec</run_address>
         <size>0x8</size>
         <input_file_ref idref="fl-ea"/>
      </object_component>
      <object_component id="oc-197">
         <name>.data</name>
         <load_address>0x200005f8</load_address>
         <run_address>0x200005f8</run_address>
         <size>0x4</size>
         <input_file_ref idref="fl-eb"/>
      </object_component>
      <object_component id="oc-3f3">
         <name>.data:_device</name>
         <load_address>0x200004f0</load_address>
         <run_address>0x200004f0</run_address>
         <size>0x78</size>
         <input_file_ref idref="fl-ef"/>
      </object_component>
      <object_component id="oc-3b2">
         <name>.data:_stream</name>
         <load_address>0x20000568</load_address>
         <run_address>0x20000568</run_address>
         <size>0x50</size>
         <input_file_ref idref="fl-ef"/>
      </object_component>
      <object_component id="oc-2d2">
         <name>.data</name>
         <load_address>0x200005f4</load_address>
         <run_address>0x200005f4</run_address>
         <size>0x4</size>
         <input_file_ref idref="fl-f0"/>
      </object_component>
      <object_component id="oc-4a7">
         <name>.bss:_CIOBUF_</name>
         <uninitialized>true</uninitialized>
         <run_address>0x20000608</run_address>
         <size>0x120</size>
         <input_file_ref idref="fl-103"/>
      </object_component>
      <object_component id="oc-cb">
         <name>.common:timer_count</name>
         <uninitialized>true</uninitialized>
         <run_address>0x200007d0</run_address>
         <size>0x2</size>
      </object_component>
      <object_component id="oc-109">
         <name>.common:win</name>
         <uninitialized>true</uninitialized>
         <run_address>0x200007d2</run_address>
         <size>0x1</size>
      </object_component>
      <object_component id="oc-471">
         <name>.common:__TI_tmpnams</name>
         <uninitialized>true</uninitialized>
         <run_address>0x20000728</run_address>
         <size>0xa0</size>
      </object_component>
      <object_component id="oc-482">
         <name>.common:parmbuf</name>
         <uninitialized>true</uninitialized>
         <run_address>0x200007c8</run_address>
         <size>0x8</size>
      </object_component>
      <object_component id="oc-29">
         <name>.sysmem</name>
         <uninitialized>true</uninitialized>
         <run_address>0x20000000</run_address>
         <size>0x10</size>
         <input_file_ref idref="fl-ea"/>
      </object_component>
      <object_component id="oc-520">
         <name>.sysmem</name>
         <uninitialized>true</uninitialized>
         <run_address>0x20000000</run_address>
         <size>0x0</size>
      </object_component>
      <object_component id="oc-2c">
         <name>.stack</name>
         <uninitialized>true</uninitialized>
         <run_address>0x2000fe00</run_address>
         <size>0x4</size>
         <input_file_ref idref="fl-f1"/>
      </object_component>
      <object_component id="oc-51f">
         <name>.stack</name>
         <uninitialized>true</uninitialized>
         <run_address>0x2000fe00</run_address>
         <size>0x0</size>
      </object_component>
      <object_component id="oc-1e7">
         <name>.debug_info</name>
         <load_address>0x0</load_address>
         <run_address>0x0</run_address>
         <size>0x525</size>
         <input_file_ref idref="fl-2"/>
      </object_component>
      <object_component id="oc-df">
         <name>.debug_info</name>
         <load_address>0x525</load_address>
         <run_address>0x525</run_address>
         <size>0x19f</size>
         <input_file_ref idref="fl-2"/>
      </object_component>
      <object_component id="oc-17c">
         <name>.debug_info</name>
         <load_address>0x6c4</load_address>
         <run_address>0x6c4</run_address>
         <size>0x37e2</size>
         <input_file_ref idref="fl-2"/>
      </object_component>
      <object_component id="oc-110">
         <name>.debug_info</name>
         <load_address>0x3ea6</load_address>
         <run_address>0x3ea6</run_address>
         <size>0x26b</size>
         <input_file_ref idref="fl-2"/>
      </object_component>
      <object_component id="oc-181">
         <name>.debug_info</name>
         <load_address>0x4111</load_address>
         <run_address>0x4111</run_address>
         <size>0x1055</size>
         <input_file_ref idref="fl-2"/>
      </object_component>
      <object_component id="oc-35">
         <name>.debug_info</name>
         <load_address>0x5166</load_address>
         <run_address>0x5166</run_address>
         <size>0x84</size>
         <input_file_ref idref="fl-2"/>
      </object_component>
      <object_component id="oc-18a">
         <name>.debug_info</name>
         <load_address>0x51ea</load_address>
         <run_address>0x51ea</run_address>
         <size>0x2a4</size>
         <input_file_ref idref="fl-2"/>
      </object_component>
      <object_component id="oc-d5">
         <name>.debug_info</name>
         <load_address>0x548e</load_address>
         <run_address>0x548e</run_address>
         <size>0xbb</size>
         <input_file_ref idref="fl-2"/>
      </object_component>
      <object_component id="oc-1e0">
         <name>.debug_info</name>
         <load_address>0x5549</load_address>
         <run_address>0x5549</run_address>
         <size>0x2c</size>
         <input_file_ref idref="fl-2"/>
      </object_component>
      <object_component id="oc-1e9">
         <name>.debug_info</name>
         <load_address>0x5575</load_address>
         <run_address>0x5575</run_address>
         <size>0x547</size>
         <input_file_ref idref="fl-3"/>
      </object_component>
      <object_component id="oc-133">
         <name>.debug_info</name>
         <load_address>0x5abc</load_address>
         <run_address>0x5abc</run_address>
         <size>0x687</size>
         <input_file_ref idref="fl-3"/>
      </object_component>
      <object_component id="oc-1c8">
         <name>.debug_info</name>
         <load_address>0x6143</load_address>
         <run_address>0x6143</run_address>
         <size>0x585</size>
         <input_file_ref idref="fl-4"/>
      </object_component>
      <object_component id="oc-1c5">
         <name>.debug_info</name>
         <load_address>0x66c8</load_address>
         <run_address>0x66c8</run_address>
         <size>0xc5</size>
         <input_file_ref idref="fl-4"/>
      </object_component>
      <object_component id="oc-fe">
         <name>.debug_info</name>
         <load_address>0x678d</load_address>
         <run_address>0x678d</run_address>
         <size>0x23c</size>
         <input_file_ref idref="fl-4"/>
      </object_component>
      <object_component id="oc-219">
         <name>.debug_info</name>
         <load_address>0x69c9</load_address>
         <run_address>0x69c9</run_address>
         <size>0x37e2</size>
         <input_file_ref idref="fl-4"/>
      </object_component>
      <object_component id="oc-cc">
         <name>.debug_info</name>
         <load_address>0xa1ab</load_address>
         <run_address>0xa1ab</run_address>
         <size>0x546</size>
         <input_file_ref idref="fl-5"/>
      </object_component>
      <object_component id="oc-72">
         <name>.debug_info</name>
         <load_address>0xa6f1</load_address>
         <run_address>0xa6f1</run_address>
         <size>0x145</size>
         <input_file_ref idref="fl-5"/>
      </object_component>
      <object_component id="oc-f8">
         <name>.debug_info</name>
         <load_address>0xa836</load_address>
         <run_address>0xa836</run_address>
         <size>0x17c</size>
         <input_file_ref idref="fl-6"/>
      </object_component>
      <object_component id="oc-da">
         <name>.debug_info</name>
         <load_address>0xa9b2</load_address>
         <run_address>0xa9b2</run_address>
         <size>0x525</size>
         <input_file_ref idref="fl-7"/>
      </object_component>
      <object_component id="oc-d2">
         <name>.debug_info</name>
         <load_address>0xaed7</load_address>
         <run_address>0xaed7</run_address>
         <size>0xc6</size>
         <input_file_ref idref="fl-7"/>
      </object_component>
      <object_component id="oc-77">
         <name>.debug_info</name>
         <load_address>0xaf9d</load_address>
         <run_address>0xaf9d</run_address>
         <size>0x36f</size>
         <input_file_ref idref="fl-7"/>
      </object_component>
      <object_component id="oc-e2">
         <name>.debug_info</name>
         <load_address>0xb30c</load_address>
         <run_address>0xb30c</run_address>
         <size>0xc8</size>
         <input_file_ref idref="fl-8"/>
      </object_component>
      <object_component id="oc-7d">
         <name>.debug_info</name>
         <load_address>0xb3d4</load_address>
         <run_address>0xb3d4</run_address>
         <size>0x418</size>
         <input_file_ref idref="fl-8"/>
      </object_component>
      <object_component id="oc-128">
         <name>.debug_info</name>
         <load_address>0xb7ec</load_address>
         <run_address>0xb7ec</run_address>
         <size>0x2c</size>
         <input_file_ref idref="fl-8"/>
      </object_component>
      <object_component id="oc-1ad">
         <name>.debug_info</name>
         <load_address>0xb818</load_address>
         <run_address>0xb818</run_address>
         <size>0x622</size>
         <input_file_ref idref="fl-9"/>
      </object_component>
      <object_component id="oc-1aa">
         <name>.debug_info</name>
         <load_address>0xbe3a</load_address>
         <run_address>0xbe3a</run_address>
         <size>0xc3</size>
         <input_file_ref idref="fl-9"/>
      </object_component>
      <object_component id="oc-1a7">
         <name>.debug_info</name>
         <load_address>0xbefd</load_address>
         <run_address>0xbefd</run_address>
         <size>0xc3</size>
         <input_file_ref idref="fl-9"/>
      </object_component>
      <object_component id="oc-f4">
         <name>.debug_info</name>
         <load_address>0xbfc0</load_address>
         <run_address>0xbfc0</run_address>
         <size>0x3bf</size>
         <input_file_ref idref="fl-9"/>
      </object_component>
      <object_component id="oc-19f">
         <name>.debug_info</name>
         <load_address>0xc37f</load_address>
         <run_address>0xc37f</run_address>
         <size>0x59e</size>
         <input_file_ref idref="fl-a"/>
      </object_component>
      <object_component id="oc-19c">
         <name>.debug_info</name>
         <load_address>0xc91d</load_address>
         <run_address>0xc91d</run_address>
         <size>0xc7</size>
         <input_file_ref idref="fl-a"/>
      </object_component>
      <object_component id="oc-ec">
         <name>.debug_info</name>
         <load_address>0xc9e4</load_address>
         <run_address>0xc9e4</run_address>
         <size>0x21e</size>
         <input_file_ref idref="fl-a"/>
      </object_component>
      <object_component id="oc-ce">
         <name>.debug_info</name>
         <load_address>0xcc02</load_address>
         <run_address>0xcc02</run_address>
         <size>0x669</size>
         <input_file_ref idref="fl-c"/>
      </object_component>
      <object_component id="oc-10b">
         <name>.debug_info</name>
         <load_address>0xd26b</load_address>
         <run_address>0xd26b</run_address>
         <size>0xd6</size>
         <input_file_ref idref="fl-c"/>
      </object_component>
      <object_component id="oc-83">
         <name>.debug_info</name>
         <load_address>0xd341</load_address>
         <run_address>0xd341</run_address>
         <size>0x2d9</size>
         <input_file_ref idref="fl-c"/>
      </object_component>
      <object_component id="oc-b3">
         <name>.debug_info</name>
         <load_address>0xd61a</load_address>
         <run_address>0xd61a</run_address>
         <size>0x1ec</size>
         <input_file_ref idref="fl-d"/>
      </object_component>
      <object_component id="oc-8a">
         <name>.debug_info</name>
         <load_address>0xd806</load_address>
         <run_address>0xd806</run_address>
         <size>0x2c1</size>
         <input_file_ref idref="fl-f"/>
      </object_component>
      <object_component id="oc-27">
         <name>.debug_info</name>
         <load_address>0xdac7</load_address>
         <run_address>0xdac7</run_address>
         <size>0xed</size>
         <input_file_ref idref="fl-f"/>
      </object_component>
      <object_component id="oc-6d">
         <name>.debug_info</name>
         <load_address>0xdbb4</load_address>
         <run_address>0xdbb4</run_address>
         <size>0x1b4</size>
         <input_file_ref idref="fl-f"/>
      </object_component>
      <object_component id="oc-177">
         <name>.debug_info</name>
         <load_address>0xdd68</load_address>
         <run_address>0xdd68</run_address>
         <size>0xe6</size>
         <input_file_ref idref="fl-10"/>
      </object_component>
      <object_component id="oc-c5">
         <name>.debug_info</name>
         <load_address>0xde4e</load_address>
         <run_address>0xde4e</run_address>
         <size>0x258</size>
         <input_file_ref idref="fl-10"/>
      </object_component>
      <object_component id="oc-1b5">
         <name>.debug_info</name>
         <load_address>0xe0a6</load_address>
         <run_address>0xe0a6</run_address>
         <size>0x473</size>
         <input_file_ref idref="fl-ca"/>
      </object_component>
      <object_component id="oc-2d9">
         <name>.debug_info</name>
         <load_address>0xe519</load_address>
         <run_address>0xe519</run_address>
         <size>0x46</size>
         <input_file_ref idref="fl-ca"/>
      </object_component>
      <object_component id="oc-245">
         <name>.debug_info</name>
         <load_address>0xe55f</load_address>
         <run_address>0xe55f</run_address>
         <size>0x39</size>
         <input_file_ref idref="fl-ca"/>
      </object_component>
      <object_component id="oc-38f">
         <name>.debug_info</name>
         <load_address>0xe598</load_address>
         <run_address>0xe598</run_address>
         <size>0x2fd</size>
         <input_file_ref idref="fl-cd"/>
      </object_component>
      <object_component id="oc-319">
         <name>.debug_info</name>
         <load_address>0xe895</load_address>
         <run_address>0xe895</run_address>
         <size>0x225</size>
         <input_file_ref idref="fl-cd"/>
      </object_component>
      <object_component id="oc-3c2">
         <name>.debug_info</name>
         <load_address>0xeaba</load_address>
         <run_address>0xeaba</run_address>
         <size>0x39</size>
         <input_file_ref idref="fl-cd"/>
      </object_component>
      <object_component id="oc-383">
         <name>.debug_info</name>
         <load_address>0xeaf3</load_address>
         <run_address>0xeaf3</run_address>
         <size>0x2c</size>
         <input_file_ref idref="fl-cd"/>
      </object_component>
      <object_component id="oc-389">
         <name>.debug_info</name>
         <load_address>0xeb1f</load_address>
         <run_address>0xeb1f</run_address>
         <size>0x161</size>
         <input_file_ref idref="fl-ce"/>
      </object_component>
      <object_component id="oc-1df">
         <name>.debug_info</name>
         <load_address>0xec80</load_address>
         <run_address>0xec80</run_address>
         <size>0x3e5</size>
         <input_file_ref idref="fl-cf"/>
      </object_component>
      <object_component id="oc-1dc">
         <name>.debug_info</name>
         <load_address>0xf065</load_address>
         <run_address>0xf065</run_address>
         <size>0x157</size>
         <input_file_ref idref="fl-cf"/>
      </object_component>
      <object_component id="oc-1d4">
         <name>.debug_info</name>
         <load_address>0xf1bc</load_address>
         <run_address>0xf1bc</run_address>
         <size>0x166</size>
         <input_file_ref idref="fl-cf"/>
      </object_component>
      <object_component id="oc-107">
         <name>.debug_info</name>
         <load_address>0xf322</load_address>
         <run_address>0xf322</run_address>
         <size>0x1ac</size>
         <input_file_ref idref="fl-cf"/>
      </object_component>
      <object_component id="oc-2ab">
         <name>.debug_info</name>
         <load_address>0xf4ce</load_address>
         <run_address>0xf4ce</run_address>
         <size>0xb2</size>
         <input_file_ref idref="fl-cf"/>
      </object_component>
      <object_component id="oc-28c">
         <name>.debug_info</name>
         <load_address>0xf580</load_address>
         <run_address>0xf580</run_address>
         <size>0x590</size>
         <input_file_ref idref="fl-d0"/>
      </object_component>
      <object_component id="oc-25f">
         <name>.debug_info</name>
         <load_address>0xfb10</load_address>
         <run_address>0xfb10</run_address>
         <size>0x21e</size>
         <input_file_ref idref="fl-d0"/>
      </object_component>
      <object_component id="oc-2fa">
         <name>.debug_info</name>
         <load_address>0xfd2e</load_address>
         <run_address>0xfd2e</run_address>
         <size>0x1b3</size>
         <input_file_ref idref="fl-d0"/>
      </object_component>
      <object_component id="oc-300">
         <name>.debug_info</name>
         <load_address>0xfee1</load_address>
         <run_address>0xfee1</run_address>
         <size>0x21b</size>
         <input_file_ref idref="fl-d0"/>
      </object_component>
      <object_component id="oc-26a">
         <name>.debug_info</name>
         <load_address>0x100fc</load_address>
         <run_address>0x100fc</run_address>
         <size>0x3c0</size>
         <input_file_ref idref="fl-d0"/>
      </object_component>
      <object_component id="oc-307">
         <name>.debug_info</name>
         <load_address>0x104bc</load_address>
         <run_address>0x104bc</run_address>
         <size>0x30a</size>
         <input_file_ref idref="fl-d0"/>
      </object_component>
      <object_component id="oc-30d">
         <name>.debug_info</name>
         <load_address>0x107c6</load_address>
         <run_address>0x107c6</run_address>
         <size>0x215</size>
         <input_file_ref idref="fl-d0"/>
      </object_component>
      <object_component id="oc-270">
         <name>.debug_info</name>
         <load_address>0x109db</load_address>
         <run_address>0x109db</run_address>
         <size>0x215</size>
         <input_file_ref idref="fl-d0"/>
      </object_component>
      <object_component id="oc-276">
         <name>.debug_info</name>
         <load_address>0x10bf0</load_address>
         <run_address>0x10bf0</run_address>
         <size>0x304</size>
         <input_file_ref idref="fl-d0"/>
      </object_component>
      <object_component id="oc-27c">
         <name>.debug_info</name>
         <load_address>0x10ef4</load_address>
         <run_address>0x10ef4</run_address>
         <size>0x4b5</size>
         <input_file_ref idref="fl-d0"/>
      </object_component>
      <object_component id="oc-1cc">
         <name>.debug_info</name>
         <load_address>0x113a9</load_address>
         <run_address>0x113a9</run_address>
         <size>0x5f4</size>
         <input_file_ref idref="fl-d0"/>
      </object_component>
      <object_component id="oc-28d">
         <name>.debug_info</name>
         <load_address>0x1199d</load_address>
         <run_address>0x1199d</run_address>
         <size>0x86</size>
         <input_file_ref idref="fl-d0"/>
      </object_component>
      <object_component id="oc-335">
         <name>.debug_info</name>
         <load_address>0x11a23</load_address>
         <run_address>0x11a23</run_address>
         <size>0x39</size>
         <input_file_ref idref="fl-d0"/>
      </object_component>
      <object_component id="oc-39b">
         <name>.debug_info</name>
         <load_address>0x11a5c</load_address>
         <run_address>0x11a5c</run_address>
         <size>0xb6</size>
         <input_file_ref idref="fl-d0"/>
      </object_component>
      <object_component id="oc-33a">
         <name>.debug_info</name>
         <load_address>0x11b12</load_address>
         <run_address>0x11b12</run_address>
         <size>0x46</size>
         <input_file_ref idref="fl-d0"/>
      </object_component>
      <object_component id="oc-292">
         <name>.debug_info</name>
         <load_address>0x11b58</load_address>
         <run_address>0x11b58</run_address>
         <size>0x46</size>
         <input_file_ref idref="fl-d0"/>
      </object_component>
      <object_component id="oc-330">
         <name>.debug_info</name>
         <load_address>0x11b9e</load_address>
         <run_address>0x11b9e</run_address>
         <size>0x2c</size>
         <input_file_ref idref="fl-d0"/>
      </object_component>
      <object_component id="oc-22b">
         <name>.debug_info</name>
         <load_address>0x11bca</load_address>
         <run_address>0x11bca</run_address>
         <size>0x333</size>
         <input_file_ref idref="fl-d1"/>
      </object_component>
      <object_component id="oc-1a3">
         <name>.debug_info</name>
         <load_address>0x11efd</load_address>
         <run_address>0x11efd</run_address>
         <size>0x1d1</size>
         <input_file_ref idref="fl-d1"/>
      </object_component>
      <object_component id="oc-221">
         <name>.debug_info</name>
         <load_address>0x120ce</load_address>
         <run_address>0x120ce</run_address>
         <size>0x18d</size>
         <input_file_ref idref="fl-d1"/>
      </object_component>
      <object_component id="oc-226">
         <name>.debug_info</name>
         <load_address>0x1225b</load_address>
         <run_address>0x1225b</run_address>
         <size>0x16d</size>
         <input_file_ref idref="fl-d1"/>
      </object_component>
      <object_component id="oc-35c">
         <name>.debug_info</name>
         <load_address>0x123c8</load_address>
         <run_address>0x123c8</run_address>
         <size>0x383</size>
         <input_file_ref idref="fl-d2"/>
      </object_component>
      <object_component id="oc-2a3">
         <name>.debug_info</name>
         <load_address>0x1274b</load_address>
         <run_address>0x1274b</run_address>
         <size>0x1ea</size>
         <input_file_ref idref="fl-d2"/>
      </object_component>
      <object_component id="oc-35a">
         <name>.debug_info</name>
         <load_address>0x12935</load_address>
         <run_address>0x12935</run_address>
         <size>0x3fc</size>
         <input_file_ref idref="fl-d3"/>
      </object_component>
      <object_component id="oc-29c">
         <name>.debug_info</name>
         <load_address>0x12d31</load_address>
         <run_address>0x12d31</run_address>
         <size>0x2e2</size>
         <input_file_ref idref="fl-d3"/>
      </object_component>
      <object_component id="oc-3ad">
         <name>.debug_info</name>
         <load_address>0x13013</load_address>
         <run_address>0x13013</run_address>
         <size>0x300</size>
         <input_file_ref idref="fl-d4"/>
      </object_component>
      <object_component id="oc-342">
         <name>.debug_info</name>
         <load_address>0x13313</load_address>
         <run_address>0x13313</run_address>
         <size>0x19c</size>
         <input_file_ref idref="fl-d4"/>
      </object_component>
      <object_component id="oc-3e8">
         <name>.debug_info</name>
         <load_address>0x134af</load_address>
         <run_address>0x134af</run_address>
         <size>0xbf</size>
         <input_file_ref idref="fl-d4"/>
      </object_component>
      <object_component id="oc-3e7">
         <name>.debug_info</name>
         <load_address>0x1356e</load_address>
         <run_address>0x1356e</run_address>
         <size>0x374</size>
         <input_file_ref idref="fl-d5"/>
      </object_component>
      <object_component id="oc-3a7">
         <name>.debug_info</name>
         <load_address>0x138e2</load_address>
         <run_address>0x138e2</run_address>
         <size>0x20b</size>
         <input_file_ref idref="fl-d5"/>
      </object_component>
      <object_component id="oc-1bd">
         <name>.debug_info</name>
         <load_address>0x13aed</load_address>
         <run_address>0x13aed</run_address>
         <size>0x14c</size>
         <input_file_ref idref="fl-d6"/>
      </object_component>
      <object_component id="oc-263">
         <name>.debug_info</name>
         <load_address>0x13c39</load_address>
         <run_address>0x13c39</run_address>
         <size>0x128</size>
         <input_file_ref idref="fl-d7"/>
      </object_component>
      <object_component id="oc-2ed">
         <name>.debug_info</name>
         <load_address>0x13d61</load_address>
         <run_address>0x13d61</run_address>
         <size>0x12a</size>
         <input_file_ref idref="fl-d7"/>
      </object_component>
      <object_component id="oc-242">
         <name>.debug_info</name>
         <load_address>0x13e8b</load_address>
         <run_address>0x13e8b</run_address>
         <size>0x13a</size>
         <input_file_ref idref="fl-d8"/>
      </object_component>
      <object_component id="oc-23b">
         <name>.debug_info</name>
         <load_address>0x13fc5</load_address>
         <run_address>0x13fc5</run_address>
         <size>0x13a</size>
         <input_file_ref idref="fl-d9"/>
      </object_component>
      <object_component id="oc-1c0">
         <name>.debug_info</name>
         <load_address>0x140ff</load_address>
         <run_address>0x140ff</run_address>
         <size>0x12e</size>
         <input_file_ref idref="fl-da"/>
      </object_component>
      <object_component id="oc-1b1">
         <name>.debug_info</name>
         <load_address>0x1422d</load_address>
         <run_address>0x1422d</run_address>
         <size>0x12c</size>
         <input_file_ref idref="fl-db"/>
      </object_component>
      <object_component id="oc-3c">
         <name>.debug_info</name>
         <load_address>0x14359</load_address>
         <run_address>0x14359</run_address>
         <size>0x119</size>
         <input_file_ref idref="fl-dc"/>
      </object_component>
      <object_component id="oc-a8">
         <name>.debug_info</name>
         <load_address>0x14472</load_address>
         <run_address>0x14472</run_address>
         <size>0x147</size>
         <input_file_ref idref="fl-dd"/>
      </object_component>
      <object_component id="oc-2e6">
         <name>.debug_info</name>
         <load_address>0x145b9</load_address>
         <run_address>0x145b9</run_address>
         <size>0x134</size>
         <input_file_ref idref="fl-de"/>
      </object_component>
      <object_component id="oc-a5">
         <name>.debug_info</name>
         <load_address>0x146ed</load_address>
         <run_address>0x146ed</run_address>
         <size>0x2d4</size>
         <input_file_ref idref="fl-df"/>
      </object_component>
      <object_component id="oc-4a">
         <name>.debug_info</name>
         <load_address>0x149c1</load_address>
         <run_address>0x149c1</run_address>
         <size>0x1d2</size>
         <input_file_ref idref="fl-df"/>
      </object_component>
      <object_component id="oc-a0">
         <name>.debug_info</name>
         <load_address>0x14b93</load_address>
         <run_address>0x14b93</run_address>
         <size>0x46</size>
         <input_file_ref idref="fl-df"/>
      </object_component>
      <object_component id="oc-45">
         <name>.debug_info</name>
         <load_address>0x14bd9</load_address>
         <run_address>0x14bd9</run_address>
         <size>0x2a8</size>
         <input_file_ref idref="fl-e0"/>
      </object_component>
      <object_component id="oc-1f">
         <name>.debug_info</name>
         <load_address>0x14e81</load_address>
         <run_address>0x14e81</run_address>
         <size>0x1ea</size>
         <input_file_ref idref="fl-e0"/>
      </object_component>
      <object_component id="oc-40">
         <name>.debug_info</name>
         <load_address>0x1506b</load_address>
         <run_address>0x1506b</run_address>
         <size>0x46</size>
         <input_file_ref idref="fl-e0"/>
      </object_component>
      <object_component id="oc-98">
         <name>.debug_info</name>
         <load_address>0x150b1</load_address>
         <run_address>0x150b1</run_address>
         <size>0x2c</size>
         <input_file_ref idref="fl-e0"/>
      </object_component>
      <object_component id="oc-96">
         <name>.debug_info</name>
         <load_address>0x150dd</load_address>
         <run_address>0x150dd</run_address>
         <size>0x29e</size>
         <input_file_ref idref="fl-e1"/>
      </object_component>
      <object_component id="oc-18">
         <name>.debug_info</name>
         <load_address>0x1537b</load_address>
         <run_address>0x1537b</run_address>
         <size>0x250</size>
         <input_file_ref idref="fl-e1"/>
      </object_component>
      <object_component id="oc-30">
         <name>.debug_info</name>
         <load_address>0x155cb</load_address>
         <run_address>0x155cb</run_address>
         <size>0x60</size>
         <input_file_ref idref="fl-e1"/>
      </object_component>
      <object_component id="oc-121">
         <name>.debug_info</name>
         <load_address>0x1562b</load_address>
         <run_address>0x1562b</run_address>
         <size>0x46</size>
         <input_file_ref idref="fl-e1"/>
      </object_component>
      <object_component id="oc-91">
         <name>.debug_info</name>
         <load_address>0x15671</load_address>
         <run_address>0x15671</run_address>
         <size>0x39</size>
         <input_file_ref idref="fl-e1"/>
      </object_component>
      <object_component id="oc-1ef">
         <name>.debug_info</name>
         <load_address>0x156aa</load_address>
         <run_address>0x156aa</run_address>
         <size>0x3ad</size>
         <input_file_ref idref="fl-e2"/>
      </object_component>
      <object_component id="oc-1ec">
         <name>.debug_info</name>
         <load_address>0x15a57</load_address>
         <run_address>0x15a57</run_address>
         <size>0x190</size>
         <input_file_ref idref="fl-e2"/>
      </object_component>
      <object_component id="oc-13a">
         <name>.debug_info</name>
         <load_address>0x15be7</load_address>
         <run_address>0x15be7</run_address>
         <size>0x122</size>
         <input_file_ref idref="fl-e2"/>
      </object_component>
      <object_component id="oc-140">
[...]
      </symbol>
      <symbol id="sm-50e">
         <name>__aeabi_dadd</name>
         <value>0x190b</value>
         <object_component_ref idref="oc-1ba"/>
      </symbol>
      <symbol id="sm-530">
         <name>__aeabi_cdcmpeq</name>
         <value>0x2f61</value>
         <object_component_ref idref="oc-262"/>
      </symbol>
      <symbol id="sm-531">
         <name>__aeabi_cdcmple</name>
         <value>0x2f61</value>
         <object_component_ref idref="oc-262"/>
      </symbol>
      <symbol id="sm-532">
         <name>__aeabi_cdrcmple</name>
         <value>0x2fe7</value>
         <object_component_ref idref="oc-2ec"/>
      </symbol>
      <symbol id="sm-546">
         <name>__aeabi_ddiv</name>
         <value>0x2199</value>
         <object_component_ref idref="oc-23f"/>
      </symbol>
      <symbol id="sm-551">
         <name>__aeabi_dmul</name>
         <value>0x2951</value>
         <object_component_ref idref="oc-23a"/>
      </symbol>
      <symbol id="sm-55b">
         <name>__aeabi_d2iz</name>
         <value>0x391d</value>
         <object_component_ref idref="oc-1bf"/>
      </symbol>
      <symbol id="sm-565">
         <name>__aeabi_i2d</name>
         <value>0x3c65</value>
         <object_component_ref idref="oc-1af"/>
      </symbol>
      <symbol id="sm-580">
         <name>memcpy</name>
         <value>0x2da3</value>
         <object_component_ref idref="oc-3a"/>
      </symbol>
      <symbol id="sm-581">
         <name>__aeabi_memcpy</name>
         <value>0x2da3</value>
         <object_component_ref idref="oc-3a"/>
      </symbol>
      <symbol id="sm-582">
         <name>__aeabi_memcpy8</name>
         <value>0x2da3</value>
         <object_component_ref idref="oc-3a"/>
      </symbol>
      <symbol id="sm-583">
         <name>__aeabi_memcpy4</name>
         <value>0x2da3</value>
         <object_component_ref idref="oc-3a"/>
      </symbol>
      <symbol id="sm-592">
         <name>__aeabi_memset</name>
         <value>0x306f</value>
         <object_component_ref idref="oc-a6"/>
      </symbol>
      <symbol id="sm-593">
         <name>memset</name>
         <value>0x3075</value>
         <object_component_ref idref="oc-a6"/>
      </symbol>
      <symbol id="sm-594">
         <name>__aeabi_memset8</name>
         <value>0x306f</value>
         <object_component_ref idref="oc-a6"/>
      </symbol>
      <symbol id="sm-595">
         <name>__aeabi_memset4</name>
         <value>0x306f</value>
         <object_component_ref idref="oc-a6"/>
      </symbol>
      <symbol id="sm-596">
         <name>__aeabi_memclr8</name>
         <value>0x306d</value>
         <object_component_ref idref="oc-a6"/>
      </symbol>
      <symbol id="sm-597">
         <name>__aeabi_memclr4</name>
         <value>0x306d</value>
         <object_component_ref idref="oc-a6"/>
      </symbol>
      <symbol id="sm-598">
         <name>__aeabi_memclr</name>
         <value>0x306d</value>
         <object_component_ref idref="oc-a6"/>
      </symbol>
      <symbol id="sm-5a5">
         <name>__aeabi_uldivmod</name>
         <value>0x2e3f</value>
         <object_component_ref idref="oc-2e5"/>
      </symbol>
      <symbol id="sm-5b9">
         <name>__TI_zero_init_nomemset</name>
         <value>0x3d59</value>
         <object_component_ref idref="oc-46"/>
      </symbol>
      <symbol id="sm-5d0">
         <name>__TI_decompress_none</name>
         <value>0x3e47</value>
         <object_component_ref idref="oc-1d"/>
      </symbol>
      <symbol id="sm-5f3">
         <name>__TI_decompress_lzss</name>
         <value>0x3311</value>
         <object_component_ref idref="oc-17"/>
      </symbol>
      <symbol id="sm-619">
         <name>C$$EXIT</name>
         <value>0x3e89</value>
         <object_component_ref idref="oc-138"/>
      </symbol>
      <symbol id="sm-61a">
         <name>abort</name>
         <value>0x3e89</value>
         <object_component_ref idref="oc-138"/>
      </symbol>
      <symbol id="sm-61b">
         <name>__TI_dtors_ptr</name>
         <value>0x200005dc</value>
         <object_component_ref idref="oc-1eb"/>
      </symbol>
      <symbol id="sm-61c">
         <name>__TI_cleanup_ptr</name>
         <value>0x200005d8</value>
         <object_component_ref idref="oc-1eb"/>
      </symbol>
      <symbol id="sm-61d">
         <name>__TI_enable_exit_profile_output</name>
         <value>0x200005e0</value>
         <object_component_ref idref="oc-1eb"/>
      </symbol>
      <symbol id="sm-61e">
         <name>exit</name>
         <value>0x38d5</value>
         <object_component_ref idref="oc-13e"/>
      </symbol>
      <symbol id="sm-633">
         <name>_nop</name>
         <value>0xb33</value>
         <object_component_ref idref="oc-209"/>
      </symbol>
      <symbol id="sm-634">
         <name>_lock</name>
         <value>0x200005e4</value>
         <object_component_ref idref="oc-194"/>
      </symbol>
      <symbol id="sm-635">
         <name>_unlock</name>
         <value>0x200005e8</value>
         <object_component_ref idref="oc-194"/>
      </symbol>
      <symbol id="sm-644">
         <name>__TI_ltoa</name>
         <value>0x3797</value>
         <object_component_ref idref="oc-2f1"/>
      </symbol>
      <symbol id="sm-65a">
         <name>atoi</name>
         <value>0x3889</value>
         <object_component_ref idref="oc-256"/>
      </symbol>
      <symbol id="sm-665">
         <name>_ctypes_</name>
         <value>0x3e8c</value>
         <object_component_ref idref="oc-2e0"/>
      </symbol>
      <symbol id="sm-67a">
         <name>__TI_tmpnams</name>
         <value>0x20000728</value>
      </symbol>
      <symbol id="sm-67b">
         <name>__aeabi_stdout</name>
         <value>0x200005c0</value>
         <object_component_ref idref="oc-423"/>
      </symbol>
      <symbol id="sm-67c">
         <name>__aeabi_stderr</name>
         <value>0x200005c4</value>
         <object_component_ref idref="oc-423"/>
      </symbol>
      <symbol id="sm-67d">
         <name>__aeabi_stdin</name>
         <value>0x200005bc</value>
         <object_component_ref idref="oc-423"/>
      </symbol>
      <symbol id="sm-67e">
         <name>_ftable</name>
         <value>0x20000400</value>
         <object_component_ref idref="oc-1cf"/>
      </symbol>
      <symbol id="sm-67f">
         <name>__TI_ft_end</name>
         <value>0x200005b8</value>
         <object_component_ref idref="oc-423"/>
      </symbol>
      <symbol id="sm-68f">
         <name>memccpy</name>
         <value>0x3d91</value>
         <object_component_ref idref="oc-27f"/>
      </symbol>
      <symbol id="sm-69f">
         <name>memchr</name>
         <value>0x3d39</value>
         <object_component_ref idref="oc-347"/>
      </symbol>
      <symbol id="sm-728">
         <name>_sys_memory</name>
         <value>0x20000000</value>
         <object_component_ref idref="oc-29"/>
      </symbol>
      <symbol id="sm-729">
         <name>free</name>
         <value>0x2b31</value>
         <object_component_ref idref="oc-3d4"/>
      </symbol>
      <symbol id="sm-72a">
         <name>memalign</name>
         <value>0x2749</value>
         <object_component_ref idref="oc-416"/>
      </symbol>
      <symbol id="sm-72b">
         <name>malloc</name>
         <value>0x3e75</value>
         <object_component_ref idref="oc-3da"/>
      </symbol>
      <symbol id="sm-72c">
         <name>aligned_alloc</name>
         <value>0x2749</value>
         <object_component_ref idref="oc-416"/>
      </symbol>
      <symbol id="sm-742">
         <name>rand</name>
         <value>0x3c01</value>
         <object_component_ref idref="oc-e5"/>
      </symbol>
      <symbol id="sm-752">
         <name>strchr</name>
         <value>0x3df7</value>
         <object_component_ref idref="oc-31e"/>
      </symbol>
      <symbol id="sm-760">
         <name>strlen</name>
         <value>0x3e21</value>
         <object_component_ref idref="oc-250"/>
      </symbol>
      <symbol id="sm-77a">
         <name>write</name>
         <value>0x3d11</value>
         <object_component_ref idref="oc-353"/>
      </symbol>
      <symbol id="sm-78b">
         <name>_stream</name>
         <value>0x20000568</value>
         <object_component_ref idref="oc-3b2"/>
      </symbol>
      <symbol id="sm-78c">
         <name>_device</name>
         <value>0x200004f0</value>
         <object_component_ref idref="oc-3f3"/>
      </symbol>
      <symbol id="sm-7a2">
         <name>__aeabi_errno_addr</name>
         <value>0x3e6d</value>
         <object_component_ref idref="oc-234"/>
      </symbol>
      <symbol id="sm-7a3">
         <name>errno</name>
         <value>0x200005f4</value>
         <object_component_ref idref="oc-2d2"/>
      </symbol>
      <symbol id="sm-7b6">
         <name>__stack</name>
         <value>0x2000fe00</value>
         <object_component_ref idref="oc-2c"/>
      </symbol>
      <symbol id="sm-7b7">
         <name>_c_int00_noargs</name>
         <value>0x3bcd</value>
         <object_component_ref idref="oc-58"/>
      </symbol>
      <symbol id="sm-7cd">
         <name>frexpl</name>
         <value>0x3445</value>
         <object_component_ref idref="oc-312"/>
      </symbol>
      <symbol id="sm-7ce">
         <name>frexp</name>
         <value>0x3445</value>
         <object_component_ref idref="oc-312"/>
      </symbol>
      <symbol id="sm-7e7">
         <name>wcslen</name>
         <value>0x3e35</value>
         <object_component_ref idref="oc-285"/>
      </symbol>
      <symbol id="sm-7f7">
         <name>__TI_doflush</name>
         <value>0x383d</value>
         <object_component_ref idref="oc-34d"/>
      </symbol>
      <symbol id="sm-807">
         <name>__TI_cleanup</name>
         <value>0x3b65</value>
         <object_component_ref idref="oc-3e0"/>
      </symbol>
      <symbol id="sm-819">
         <name>fseek</name>
         <value>0x34a9</value>
         <object_component_ref idref="oc-3a0"/>
      </symbol>
      <symbol id="sm-823">
         <name>__aeabi_idiv0</name>
         <value>0x1ab7</value>
         <object_component_ref idref="oc-374"/>
      </symbol>
      <symbol id="sm-824">
         <name>__aeabi_ldiv0</name>
         <value>0x1ab7</value>
         <object_component_ref idref="oc-374"/>
      </symbol>
      <symbol id="sm-84c">
         <name>__TI_auto_init_nobinit_nopinit</name>
         <value>0x39ed</value>
         <object_component_ref idref="oc-144"/>
      </symbol>
      <symbol id="sm-856">
         <name>_system_pre_init</name>
         <value>0x3e85</value>
         <object_component_ref idref="oc-ac"/>
      </symbol>
      <symbol id="sm-869">
         <name>HOSTclose</name>
         <value>0x3965</value>
         <object_component_ref idref="oc-42f"/>
      </symbol>
      <symbol id="sm-87a">
         <name>HOSTlseek</name>
         <value>0x32a9</value>
         <object_component_ref idref="oc-441"/>
      </symbol>
      <symbol id="sm-88c">
         <name>parmbuf</name>
         <value>0x200007c8</value>
      </symbol>
      <symbol id="sm-88d">
         <name>HOSTopen</name>
         <value>0x35d5</value>
         <object_component_ref idref="oc-429"/>
      </symbol>
      <symbol id="sm-89e">
         <name>HOSTread</name>
         <value>0x3691</value>
         <object_component_ref idref="oc-435"/>
      </symbol>
      <symbol id="sm-8af">
         <name>HOSTrename</name>
         <value>0x323d</value>
         <object_component_ref idref="oc-44d"/>
      </symbol>
      <symbol id="sm-8c0">
         <name>HOSTunlink</name>
         <value>0x39a9</value>
         <object_component_ref idref="oc-447"/>
      </symbol>
      <symbol id="sm-8d1">
         <name>HOSTwrite</name>
         <value>0x36e9</value>
         <object_component_ref idref="oc-43b"/>
      </symbol>
      <symbol id="sm-8f5">
         <name>__TI_readmsg</name>
         <value>0x3b99</value>
         <object_component_ref idref="oc-47c"/>
      </symbol>
      <symbol id="sm-8f6">
         <name>C$$IO$$</name>
         <value>0x3b23</value>
         <object_component_ref idref="oc-476"/>
      </symbol>
      <symbol id="sm-8f7">
         <name>__CIOBUF_</name>
         <value>0x20000608</value>
         <object_component_ref idref="oc-4a7"/>
      </symbol>
      <symbol id="sm-8f8">
         <name>__TI_writemsg</name>
         <value>0x3af5</value>
         <object_component_ref idref="oc-476"/>
      </symbol>
      <symbol id="sm-909">
         <name>lseek</name>
         <value>0x3ce9</value>
         <object_component_ref idref="oc-3cc"/>
      </symbol>
      <symbol id="sm-91e">
         <name>__TI_closefile</name>
         <value>0x30e9</value>
         <object_component_ref idref="oc-41d"/>
      </symbol>
      <symbol id="sm-941">
         <name>finddevice</name>
         <value>0x3c35</value>
         <object_component_ref idref="oc-4c5"/>
      </symbol>
      <symbol id="sm-942">
         <name>getdevice</name>
         <value>0x3a31</value>
         <object_component_ref idref="oc-49d"/>
      </symbol>
      <symbol id="sm-951">
         <name>strcmp</name>
         <value>0x3ddf</value>
         <object_component_ref idref="oc-4dc"/>
      </symbol>
      <symbol id="sm-95f">
         <name>strcpy</name>
         <value>0x3e0d</value>
         <object_component_ref idref="oc-490"/>
      </symbol>
      <symbol id="sm-96f">
         <name>strncpy</name>
         <value>0x3b2d</value>
         <object_component_ref idref="oc-4bf"/>
      </symbol>
      <symbol id="sm-984">
         <name>close</name>
         <value>0x3635</value>
         <object_component_ref idref="oc-465"/>
      </symbol>
      <symbol id="sm-994">
         <name>unlink</name>
         <value>0x3c95</value>
         <object_component_ref idref="oc-46b"/>
      </symbol>
      <symbol id="sm-995">
         <name>__TI_static_base__</name>
         <value>0x0</value>
      </symbol>
      <symbol id="sm-998">
         <name>__mpu_init</name>
         <value>0x0</value>
      </symbol>
      <symbol id="sm-999">
         <name>_system_post_cinit</name>
         <value>0x0</value>
      </symbol>
      <symbol id="sm-99a">
         <name>NMI_Handler</name>
         <value>0x3e61</value>
      </symbol>
      <symbol id="sm-99b">
         <name>HardFault_Handler</name>
         <value>0x3e61</value>
      </symbol>
      <symbol id="sm-99c">
         <name>MemManage_Handler</name>
         <value>0x3e61</value>
      </symbol>
      <symbol id="sm-99d">
         <name>BusFault_Handler</name>
         <value>0x3e61</value>
      </symbol>
      <symbol id="sm-99e">
         <name>UsageFault_Handler</name>
         <value>0x3e61</value>
      </symbol>
      <symbol id="sm-99f">
         <name>SVC_Handler</name>
         <value>0x3e61</value>
      </symbol>
      <symbol id="sm-9a0">
         <name>DebugMon_Handler</name>
         <value>0x3e61</value>
      </symbol>
      <symbol id="sm-9a1">
         <name>PendSV_Handler</name>
         <value>0x3e61</value>
      </symbol>
      <symbol id="sm-9a2">
         <name>SysTick_Handler</name>
         <value>0x3e61</value>
      </symbol>
      <symbol id="sm-9a3">
         <name>PSS_IRQHandler</name>
         <value>0x3e61</value>
      </symbol>
      <symbol id="sm-9a4">
         <name>CS_IRQHandler</name>
         <value>0x3e61</value>
      </symbol>
      <symbol id="sm-9a5">
         <name>PCM_IRQHandler</name>
         <value>0x3e61</value>
      </symbol>
      <symbol id="sm-9a6">
         <name>WDT_A_IRQHandler</name>
         <value>0x3e61</value>
      </symbol>
      <symbol id="sm-9a7">
         <name>FPU_IRQHandler</name>
         <value>0x3e61</value>
      </symbol>
      <symbol id="sm-9a8">
         <name>FLCTL_IRQHandler</name>
         <value>0x3e61</value>
      </symbol>
      <symbol id="sm-9a9">
         <name>COMP_E0_IRQHandler</name>
         <value>0x3e61</value>
      </symbol>
      <symbol id="sm-9aa">
         <name>COMP_E1_IRQHandler</name>
         <value>0x3e61</value>
      </symbol>
      <symbol id="sm-9ab">
         <name>TA0_0_IRQHandler</name>
         <value>0x3419</value>
      </symbol>
      <symbol id="sm-9ac">
         <name>TA0_N_IRQHandler</name>
         <value>0x3e61</value>
      </symbol>
      <symbol id="sm-9ad">
         <name>TA1_0_IRQHandler</name>
         <value>0x3e61</value>
      </symbol>
      <symbol id="sm-9ae">
         <name>TA1_N_IRQHandler</name>
         <value>0x3e61</value>
      </symbol>
      <symbol id="sm-9af">
         <name>TA2_0_IRQHandler</name>
         <value>0x3e61</value>
      </symbol>
      <symbol id="sm-9b0">
         <name>TA2_N_IRQHandler</name>
         <value>0x3e61</value>
      </symbol>
      <symbol id="sm-9b1">
         <name>TA3_0_IRQHandler</name>
         <value>0x3e61</value>
      </symbol>
      <symbol id="sm-9b2">
         <name>TA3_N_IRQHandler</name>
         <value>0x3e61</value>
      </symbol>
      <symbol id="sm-9b3">
         <name>EUSCIA0_IRQHandler</name>
         <value>0x1e81</value>
      </symbol>
      <symbol id="sm-9b4">
         <name>EUSCIA1_IRQHandler</name>
         <value>0x3e61</value>
      </symbol>
      <symbol id="sm-9b5">
         <name>EUSCIA2_IRQHandler</name>
         <value>0x3e61</value>
      </symbol>
      <symbol id="sm-9b6">
         <name>EUSCIA3_IRQHandler</name>
         <value>0x3e61</value>
      </symbol>
      <symbol id="sm-9b7">
         <name>EUSCIB0_IRQHandler</name>
         <value>0x3e61</value>
      </symbol>
      <symbol id="sm-9b8">
         <name>EUSCIB1_IRQHandler</name>
         <value>0x3e61</value>
      </symbol>
      <symbol id="sm-9b9">
         <name>EUSCIB2_IRQHandler</name>
         <value>0x3e61</value>
      </symbol>
      <symbol id="sm-9ba">
         <name>EUSCIB3_IRQHandler</name>
         <value>0x3e61</value>
      </symbol>
      <symbol id="sm-9bb">
         <name>ADC14_IRQHandler</name>
         <value>0x1c27</value>
      </symbol>
      <symbol id="sm-9bc">
         <name>T32_INT1_IRQHandler</name>
         <value>0x3e61</value>
      </symbol>
      <symbol id="sm-9bd">
         <name>T32_INT2_IRQHandler</name>
         <value>0x3e61</value>
      </symbol>
      <symbol id="sm-9be">
         <name>T32_INTC_IRQHandler</name>
         <value>0x3e61</value>
      </symbol>
      <symbol id="sm-9bf">
         <name>AES256_IRQHandler</name>
         <value>0x3e61</value>
      </symbol>
      <symbol id="sm-9c0">
         <name>RTC_C_IRQHandler</name>
         <value>0x3e61</value>
      </symbol>
      <symbol id="sm-9c1">
         <name>DMA_ERR_IRQHandler</name>
         <value>0x3e61</value>
      </symbol>
      <symbol id="sm-9c2">
         <name>DMA_INT3_IRQHandler</name>
         <value>0x3e61</value>
      </symbol>
      <symbol id="sm-9c3">
         <name>DMA_INT2_IRQHandler</name>
         <value>0x3e61</value>
      </symbol>
      <symbol id="sm-9c4">
         <name>DMA_INT1_IRQHandler</name>
         <value>0x3e61</value>
      </symbol>
      <symbol id="sm-9c5">
         <name>DMA_INT0_IRQHandler</name>
         <value>0x3e61</value>
      </symbol>
      <symbol id="sm-9c6">
         <name>PORT1_IRQHandler</name>
         <value>0x1519</value>
      </symbol>
      <symbol id="sm-9c7">
         <name>PORT2_IRQHandler</name>
         <value>0x3e61</value>
      </symbol>
      <symbol id="sm-9c8">
         <name>PORT3_IRQHandler</name>
         <value>0x3e61</value>
      </symbol>
      <symbol id="sm-9c9">
         <name>PORT4_IRQHandler</name>
         <value>0x3e61</value>
      </symbol>
      <symbol id="sm-9ca">
         <name>PORT5_IRQHandler</name>
         <value>0x3e61</value>
      </symbol>
      <symbol id="sm-9cb">
         <name>PORT6_IRQHandler</name>
         <value>0x3e61</value>
      </symbol>
      <symbol id="sm-9cc">
         <name>remove</name>
         <value>0x3c95</value>
      </symbol>
   </symbol_table>
   <title>Link successful</title>
</link_info>
